로드된 행 수: 846800, 조건 수: 2840
윈도우 샘플 수: 790000 (window=20, features=9)

=== 5-fold 교차검증 (조건 2840개를 5등분, 진단용 - 모델 저장 안 함, k_noise_sigma=0.0) ===
  fold 1/5 (검증조건 568개, n_val=158380): wind_vx MAE=0.406  wind_vy MAE=0.463  speed MAE=0.378  rot_residual=3.014  best_epoch=41
  fold 2/5 (검증조건 568개, n_val=157380): wind_vx MAE=0.421  wind_vy MAE=0.409  speed MAE=0.350  rot_residual=3.032  best_epoch=63
  fold 3/5 (검증조건 568개, n_val=157780): wind_vx MAE=0.437  wind_vy MAE=0.461  speed MAE=0.354  rot_residual=3.013  best_epoch=76
  fold 4/5 (검증조건 568개, n_val=157780): wind_vx MAE=0.468  wind_vy MAE=0.451  speed MAE=0.395  rot_residual=3.022  best_epoch=60
  fold 5/5 (검증조건 568개, n_val=158680): wind_vx MAE=0.439  wind_vy MAE=0.417  speed MAE=0.328  rot_residual=3.052  best_epoch=103

--- 5-fold 평균±표준편차 (단일 분할보다 훨씬 안정적인 성능 추정치) ---
  wind_vx_mae: 0.434 ± 0.021  (범위 0.406~0.468)
  wind_vy_mae: 0.440 ± 0.023  (범위 0.409~0.463)
  speed_mae: 0.361 ± 0.023  (범위 0.328~0.395)
  rot_omega_dot_residual_mae: 3.026 ± 0.015  (범위 3.013~3.052)

=== 배포용 모델 학습 (단일 80/20 분할) ===
train조건=2272  val조건=568
  epoch    1  train_data_loss=1.5007  physics_loss=4.2049  rot_loss=26.7891  val_MAE=0.491m/s  k=0.0305
  epoch    5  train_data_loss=0.9276  physics_loss=1.3772  rot_loss=24.3799  val_MAE=0.480m/s  k=0.0071
  epoch   10  train_data_loss=0.8586  physics_loss=1.3768  rot_loss=24.2681  val_MAE=0.480m/s  k=0.0071
  epoch   15  train_data_loss=0.8016  physics_loss=1.3765  rot_loss=24.2644  val_MAE=0.479m/s  k=0.0071
  epoch   20  train_data_loss=0.7705  physics_loss=1.3767  rot_loss=24.2417  val_MAE=0.454m/s  k=0.0070
  epoch   25  train_data_loss=0.7553  physics_loss=1.3767  rot_loss=24.2186  val_MAE=0.460m/s  k=0.0071
  epoch   30  train_data_loss=0.7417  physics_loss=1.3766  rot_loss=24.2009  val_MAE=0.469m/s  k=0.0071
  epoch   35  train_data_loss=0.7292  physics_loss=1.3767  rot_loss=24.2110  val_MAE=0.451m/s  k=0.0070
  epoch   40  train_data_loss=0.7176  physics_loss=1.3766  rot_loss=24.1886  val_MAE=0.449m/s  k=0.0071
  epoch   45  train_data_loss=0.7097  physics_loss=1.3766  rot_loss=24.1783  val_MAE=0.455m/s  k=0.0070
  epoch   50  train_data_loss=0.7024  physics_loss=1.3768  rot_loss=24.1565  val_MAE=0.449m/s  k=0.0069
  epoch   55  train_data_loss=0.6950  physics_loss=1.3766  rot_loss=24.1884  val_MAE=0.442m/s  k=0.0070
  epoch   60  train_data_loss=0.6920  physics_loss=1.3765  rot_loss=24.1717  val_MAE=0.446m/s  k=0.0070
  epoch   65  train_data_loss=0.6872  physics_loss=1.3766  rot_loss=24.1718  val_MAE=0.452m/s  k=0.0071
  epoch   70  train_data_loss=0.6831  physics_loss=1.3766  rot_loss=24.1578  val_MAE=0.447m/s  k=0.0069
  epoch   75  train_data_loss=0.6816  physics_loss=1.3766  rot_loss=24.1736  val_MAE=0.450m/s  k=0.0070
  epoch   80  train_data_loss=0.6783  physics_loss=1.3767  rot_loss=24.1606  val_MAE=0.448m/s  k=0.0069
  epoch   85  train_data_loss=0.6767  physics_loss=1.3766  rot_loss=24.1602  val_MAE=0.441m/s  k=0.0069
  epoch   90  train_data_loss=0.6727  physics_loss=1.3767  rot_loss=24.1706  val_MAE=0.448m/s  k=0.0070
  epoch   95  train_data_loss=0.6694  physics_loss=1.3766  rot_loss=24.1665  val_MAE=0.446m/s  k=0.0071
  epoch  100  train_data_loss=0.6689  physics_loss=1.3765  rot_loss=24.1615  val_MAE=0.452m/s  k=0.0071
  epoch  105  train_data_loss=0.6652  physics_loss=1.3767  rot_loss=24.1623  val_MAE=0.453m/s  k=0.0070
  epoch  110  train_data_loss=0.6605  physics_loss=1.3766  rot_loss=24.1636  val_MAE=0.455m/s  k=0.0070
  epoch  115  train_data_loss=0.6597  physics_loss=1.3766  rot_loss=24.1500  val_MAE=0.450m/s  k=0.0070
  epoch  120  train_data_loss=0.6575  physics_loss=1.3766  rot_loss=24.1578  val_MAE=0.443m/s  k=0.0070
  epoch  125  train_data_loss=0.6574  physics_loss=1.3766  rot_loss=24.1482  val_MAE=0.443m/s  k=0.0070
  epoch  130  train_data_loss=0.6557  physics_loss=1.3766  rot_loss=24.1607  val_MAE=0.445m/s  k=0.0070
  epoch  135  train_data_loss=0.6558  physics_loss=1.3766  rot_loss=24.1623  val_MAE=0.458m/s  k=0.0070
  epoch  140  train_data_loss=0.6548  physics_loss=1.3767  rot_loss=24.1467  val_MAE=0.441m/s  k=0.0070
  epoch  145  train_data_loss=0.6548  physics_loss=1.3766  rot_loss=24.1566  val_MAE=0.449m/s  k=0.0070
  epoch  150  train_data_loss=0.6560  physics_loss=1.3766  rot_loss=24.1519  val_MAE=0.445m/s  k=0.0070
  epoch  155  train_data_loss=0.6556  physics_loss=1.3767  rot_loss=24.1478  val_MAE=0.446m/s  k=0.0069
  epoch  160  train_data_loss=0.6532  physics_loss=1.3767  rot_loss=24.1456  val_MAE=0.456m/s  k=0.0070
  epoch  165  train_data_loss=0.6528  physics_loss=1.3767  rot_loss=24.1552  val_MAE=0.442m/s  k=0.0070
  epoch  170  train_data_loss=0.6518  physics_loss=1.3766  rot_loss=24.1447  val_MAE=0.438m/s  k=0.0070
  epoch  175  train_data_loss=0.6504  physics_loss=1.3766  rot_loss=24.1438  val_MAE=0.449m/s  k=0.0070
  -> 50epoch 동안 개선 없어 조기 종료 (epoch 177, best_epoch=127)

최적 체크포인트: epoch 127  val_MAE=0.434m/s
=== 최종 검증(val, 미학습 바람조건 158380개, best checkpoint) ===
  wind_vx MAE=0.411 m/s  wind_vy MAE=0.457 m/s
  풍속(speed) MAE=0.381 m/s (평균 실제 풍속=5.17 m/s)
  학습된 항력계수 k = 0.00699
  [회전] omega_dot 물리잔차 MAE = 3.0184 rad/s^2
  [회전] tau_disturbance 평균 크기 = 0.0846 N*m

모델 저장됨: /home/ssh2003/MyProjects/quad-pinn-project/offline_training/wind_estimator.pt
