로드된 행 수: 846800, 조건 수: 2840
윈도우 샘플 수: 790000 (window=20, features=9)

=== 5-fold 교차검증 (조건 2840개를 5등분, 진단용 - 모델 저장 안 함, k_noise_sigma=0.1) ===
  fold 1/5 (검증조건 568개, n_val=158380): wind_vx MAE=0.402  wind_vy MAE=0.475  speed MAE=0.378  rot_residual=2.991  best_epoch=26
  fold 2/5 (검증조건 568개, n_val=157380): wind_vx MAE=0.409  wind_vy MAE=0.413  speed MAE=0.349  rot_residual=3.052  best_epoch=99
  fold 3/5 (검증조건 568개, n_val=157780): wind_vx MAE=0.432  wind_vy MAE=0.461  speed MAE=0.359  rot_residual=2.995  best_epoch=83
  fold 4/5 (검증조건 568개, n_val=157780): wind_vx MAE=0.456  wind_vy MAE=0.454  speed MAE=0.387  rot_residual=3.023  best_epoch=75
  fold 5/5 (검증조건 568개, n_val=158680): wind_vx MAE=0.442  wind_vy MAE=0.425  speed MAE=0.338  rot_residual=3.039  best_epoch=103

--- 5-fold 평균±표준편차 (단일 분할보다 훨씬 안정적인 성능 추정치) ---
  wind_vx_mae: 0.428 ± 0.020  (범위 0.402~0.456)
  wind_vy_mae: 0.446 ± 0.023  (범위 0.413~0.475)
  speed_mae: 0.362 ± 0.018  (범위 0.338~0.387)
  rot_omega_dot_residual_mae: 3.020 ± 0.024  (범위 2.991~3.052)

=== 배포용 모델 학습 (단일 80/20 분할) ===
train조건=2272  val조건=568
  epoch    1  train_data_loss=1.5357  physics_loss=4.2126  rot_loss=26.8961  val_MAE=0.500m/s  k=0.0306
  epoch    5  train_data_loss=0.9346  physics_loss=1.3773  rot_loss=24.3991  val_MAE=0.491m/s  k=0.0071
  epoch   10  train_data_loss=0.8615  physics_loss=1.3767  rot_loss=24.2874  val_MAE=0.470m/s  k=0.0071
  epoch   15  train_data_loss=0.8080  physics_loss=1.3766  rot_loss=24.2565  val_MAE=0.472m/s  k=0.0071
  epoch   20  train_data_loss=0.7810  physics_loss=1.3766  rot_loss=24.2373  val_MAE=0.448m/s  k=0.0071
  epoch   25  train_data_loss=0.7604  physics_loss=1.3768  rot_loss=24.2241  val_MAE=0.445m/s  k=0.0070
  epoch   30  train_data_loss=0.7431  physics_loss=1.3766  rot_loss=24.2292  val_MAE=0.448m/s  k=0.0071
  epoch   35  train_data_loss=0.7308  physics_loss=1.3765  rot_loss=24.1906  val_MAE=0.446m/s  k=0.0071
  epoch   40  train_data_loss=0.7192  physics_loss=1.3766  rot_loss=24.1674  val_MAE=0.453m/s  k=0.0070
  epoch   45  train_data_loss=0.7088  physics_loss=1.3766  rot_loss=24.1776  val_MAE=0.445m/s  k=0.0070
  epoch   50  train_data_loss=0.7011  physics_loss=1.3766  rot_loss=24.1725  val_MAE=0.442m/s  k=0.0071
  epoch   55  train_data_loss=0.6940  physics_loss=1.3767  rot_loss=24.1635  val_MAE=0.441m/s  k=0.0070
  epoch   60  train_data_loss=0.6909  physics_loss=1.3767  rot_loss=24.1649  val_MAE=0.438m/s  k=0.0069
  epoch   65  train_data_loss=0.6858  physics_loss=1.3766  rot_loss=24.1675  val_MAE=0.432m/s  k=0.0070
  epoch   70  train_data_loss=0.6819  physics_loss=1.3767  rot_loss=24.1608  val_MAE=0.449m/s  k=0.0070
  epoch   75  train_data_loss=0.6780  physics_loss=1.3768  rot_loss=24.1565  val_MAE=0.428m/s  k=0.0069
  epoch   80  train_data_loss=0.6745  physics_loss=1.3767  rot_loss=24.1613  val_MAE=0.454m/s  k=0.0070
  epoch   85  train_data_loss=0.6731  physics_loss=1.3765  rot_loss=24.1657  val_MAE=0.454m/s  k=0.0071
  epoch   90  train_data_loss=0.6727  physics_loss=1.3767  rot_loss=24.1549  val_MAE=0.441m/s  k=0.0069
  epoch   95  train_data_loss=0.6717  physics_loss=1.3768  rot_loss=24.1521  val_MAE=0.458m/s  k=0.0070
  epoch  100  train_data_loss=0.6695  physics_loss=1.3768  rot_loss=24.1614  val_MAE=0.452m/s  k=0.0068
  epoch  105  train_data_loss=0.6694  physics_loss=1.3766  rot_loss=24.1611  val_MAE=0.446m/s  k=0.0070
  epoch  110  train_data_loss=0.6684  physics_loss=1.3768  rot_loss=24.1516  val_MAE=0.442m/s  k=0.0069
  epoch  115  train_data_loss=0.6647  physics_loss=1.3767  rot_loss=24.1568  val_MAE=0.461m/s  k=0.0070
  epoch  120  train_data_loss=0.6628  physics_loss=1.3766  rot_loss=24.1614  val_MAE=0.445m/s  k=0.0070
  epoch  125  train_data_loss=0.6618  physics_loss=1.3766  rot_loss=24.1585  val_MAE=0.450m/s  k=0.0070
  epoch  130  train_data_loss=0.6585  physics_loss=1.3766  rot_loss=24.1440  val_MAE=0.434m/s  k=0.0070
  epoch  135  train_data_loss=0.6548  physics_loss=1.3767  rot_loss=24.1555  val_MAE=0.435m/s  k=0.0069
  epoch  140  train_data_loss=0.6533  physics_loss=1.3769  rot_loss=24.1571  val_MAE=0.448m/s  k=0.0069
  epoch  145  train_data_loss=0.6511  physics_loss=1.3767  rot_loss=24.1547  val_MAE=0.441m/s  k=0.0069
  epoch  150  train_data_loss=0.6461  physics_loss=1.3766  rot_loss=24.1553  val_MAE=0.434m/s  k=0.0070
  epoch  155  train_data_loss=0.6423  physics_loss=1.3768  rot_loss=24.1588  val_MAE=0.443m/s  k=0.0069
  epoch  160  train_data_loss=0.6389  physics_loss=1.3767  rot_loss=24.1535  val_MAE=0.434m/s  k=0.0070
  -> 50epoch 동안 개선 없어 조기 종료 (epoch 161, best_epoch=111)

최적 체크포인트: epoch 111  val_MAE=0.427m/s
=== 최종 검증(val, 미학습 바람조건 158380개, best checkpoint) ===
  wind_vx MAE=0.402 m/s  wind_vy MAE=0.453 m/s
  풍속(speed) MAE=0.364 m/s (평균 실제 풍속=5.17 m/s)
  학습된 항력계수 k = 0.00695
  [회전] omega_dot 물리잔차 MAE = 3.0034 rad/s^2
  [회전] tau_disturbance 평균 크기 = 0.0854 N*m

모델 저장됨: /home/ssh2003/MyProjects/quad-pinn-project/offline_training/wind_estimator.pt
