로드된 행 수: 846800, 조건 수: 2840
윈도우 샘플 수: 790000 (window=20, features=9)

=== 5-fold 교차검증 (조건 2840개를 5등분, 진단용 - 모델 저장 안 함, k_noise_sigma=0.05) ===
  fold 1/5 (검증조건 568개, n_val=158380): wind_vx MAE=0.408  wind_vy MAE=0.450  speed MAE=0.369  rot_residual=3.022  best_epoch=48
  fold 2/5 (검증조건 568개, n_val=157380): wind_vx MAE=0.418  wind_vy MAE=0.416  speed MAE=0.351  rot_residual=3.037  best_epoch=162
  fold 3/5 (검증조건 568개, n_val=157780): wind_vx MAE=0.439  wind_vy MAE=0.463  speed MAE=0.360  rot_residual=3.007  best_epoch=127
  fold 4/5 (검증조건 568개, n_val=157780): wind_vx MAE=0.464  wind_vy MAE=0.453  speed MAE=0.388  rot_residual=3.032  best_epoch=75
  fold 5/5 (검증조건 568개, n_val=158680): wind_vx MAE=0.445  wind_vy MAE=0.423  speed MAE=0.338  rot_residual=3.050  best_epoch=71

--- 5-fold 평균±표준편차 (단일 분할보다 훨씬 안정적인 성능 추정치) ---
  wind_vx_mae: 0.435 ± 0.020  (범위 0.408~0.464)
  wind_vy_mae: 0.441 ± 0.018  (범위 0.416~0.463)
  speed_mae: 0.361 ± 0.017  (범위 0.338~0.388)
  rot_omega_dot_residual_mae: 3.029 ± 0.015  (범위 3.007~3.050)

=== 배포용 모델 학습 (단일 80/20 분할) ===
train조건=2272  val조건=568
  epoch    1  train_data_loss=1.5178  physics_loss=4.1639  rot_loss=26.8865  val_MAE=0.496m/s  k=0.0303
  epoch    5  train_data_loss=0.9304  physics_loss=1.3772  rot_loss=24.3958  val_MAE=0.471m/s  k=0.0071
  epoch   10  train_data_loss=0.8774  physics_loss=1.3767  rot_loss=24.2897  val_MAE=0.484m/s  k=0.0071
  epoch   15  train_data_loss=0.8340  physics_loss=1.3766  rot_loss=24.2467  val_MAE=0.495m/s  k=0.0071
  epoch   20  train_data_loss=0.7979  physics_loss=1.3767  rot_loss=24.2277  val_MAE=0.474m/s  k=0.0071
  epoch   25  train_data_loss=0.7638  physics_loss=1.3767  rot_loss=24.2424  val_MAE=0.465m/s  k=0.0070
  epoch   30  train_data_loss=0.7466  physics_loss=1.3766  rot_loss=24.2113  val_MAE=0.464m/s  k=0.0070
  epoch   35  train_data_loss=0.7379  physics_loss=1.3766  rot_loss=24.1919  val_MAE=0.464m/s  k=0.0070
  epoch   40  train_data_loss=0.7318  physics_loss=1.3766  rot_loss=24.2005  val_MAE=0.451m/s  k=0.0071
  epoch   45  train_data_loss=0.7274  physics_loss=1.3766  rot_loss=24.1958  val_MAE=0.461m/s  k=0.0070
  epoch   50  train_data_loss=0.7218  physics_loss=1.3767  rot_loss=24.1803  val_MAE=0.474m/s  k=0.0069
  epoch   55  train_data_loss=0.7180  physics_loss=1.3766  rot_loss=24.1803  val_MAE=0.444m/s  k=0.0070
  epoch   60  train_data_loss=0.7080  physics_loss=1.3766  rot_loss=24.1818  val_MAE=0.443m/s  k=0.0071
  epoch   65  train_data_loss=0.6968  physics_loss=1.3766  rot_loss=24.1926  val_MAE=0.459m/s  k=0.0071
  epoch   70  train_data_loss=0.6917  physics_loss=1.3766  rot_loss=24.1837  val_MAE=0.467m/s  k=0.0071
  epoch   75  train_data_loss=0.6868  physics_loss=1.3766  rot_loss=24.1836  val_MAE=0.445m/s  k=0.0070
  epoch   80  train_data_loss=0.6860  physics_loss=1.3767  rot_loss=24.1800  val_MAE=0.450m/s  k=0.0070
  epoch   85  train_data_loss=0.6823  physics_loss=1.3765  rot_loss=24.1955  val_MAE=0.443m/s  k=0.0070
  epoch   90  train_data_loss=0.6773  physics_loss=1.3766  rot_loss=24.1930  val_MAE=0.453m/s  k=0.0071
  epoch   95  train_data_loss=0.6742  physics_loss=1.3767  rot_loss=24.1956  val_MAE=0.456m/s  k=0.0070
  epoch  100  train_data_loss=0.6701  physics_loss=1.3766  rot_loss=24.1991  val_MAE=0.447m/s  k=0.0070
  epoch  105  train_data_loss=0.6685  physics_loss=1.3766  rot_loss=24.2000  val_MAE=0.451m/s  k=0.0069
  epoch  110  train_data_loss=0.6665  physics_loss=1.3766  rot_loss=24.2025  val_MAE=0.461m/s  k=0.0070
  epoch  115  train_data_loss=0.6639  physics_loss=1.3766  rot_loss=24.1916  val_MAE=0.437m/s  k=0.0070
  epoch  120  train_data_loss=0.6603  physics_loss=1.3766  rot_loss=24.1986  val_MAE=0.450m/s  k=0.0070
  epoch  125  train_data_loss=0.6587  physics_loss=1.3767  rot_loss=24.2050  val_MAE=0.451m/s  k=0.0070
  epoch  130  train_data_loss=0.6574  physics_loss=1.3767  rot_loss=24.1951  val_MAE=0.453m/s  k=0.0070
  epoch  135  train_data_loss=0.6575  physics_loss=1.3767  rot_loss=24.1926  val_MAE=0.445m/s  k=0.0069
  epoch  140  train_data_loss=0.6534  physics_loss=1.3767  rot_loss=24.1872  val_MAE=0.443m/s  k=0.0069
  epoch  145  train_data_loss=0.6539  physics_loss=1.3767  rot_loss=24.1896  val_MAE=0.440m/s  k=0.0070
  epoch  150  train_data_loss=0.6533  physics_loss=1.3767  rot_loss=24.1840  val_MAE=0.455m/s  k=0.0070
  epoch  155  train_data_loss=0.6525  physics_loss=1.3766  rot_loss=24.1823  val_MAE=0.456m/s  k=0.0069
  epoch  160  train_data_loss=0.6518  physics_loss=1.3766  rot_loss=24.1911  val_MAE=0.441m/s  k=0.0070
  epoch  165  train_data_loss=0.6498  physics_loss=1.3766  rot_loss=24.1887  val_MAE=0.452m/s  k=0.0070
  epoch  170  train_data_loss=0.6495  physics_loss=1.3767  rot_loss=24.1831  val_MAE=0.446m/s  k=0.0069
  epoch  175  train_data_loss=0.6482  physics_loss=1.3766  rot_loss=24.1885  val_MAE=0.457m/s  k=0.0071
  epoch  180  train_data_loss=0.6470  physics_loss=1.3767  rot_loss=24.1915  val_MAE=0.458m/s  k=0.0069
  epoch  185  train_data_loss=0.6463  physics_loss=1.3766  rot_loss=24.1848  val_MAE=0.446m/s  k=0.0071
  epoch  190  train_data_loss=0.6441  physics_loss=1.3766  rot_loss=24.1756  val_MAE=0.458m/s  k=0.0070
  epoch  195  train_data_loss=0.6451  physics_loss=1.3766  rot_loss=24.1826  val_MAE=0.447m/s  k=0.0070
  epoch  200  train_data_loss=0.6434  physics_loss=1.3767  rot_loss=24.1809  val_MAE=0.455m/s  k=0.0070
  -> 50epoch 동안 개선 없어 조기 종료 (epoch 203, best_epoch=153)

최적 체크포인트: epoch 153  val_MAE=0.435m/s
=== 최종 검증(val, 미학습 바람조건 158380개, best checkpoint) ===
  wind_vx MAE=0.407 m/s  wind_vy MAE=0.462 m/s
  풍속(speed) MAE=0.375 m/s (평균 실제 풍속=5.17 m/s)
  학습된 항력계수 k = 0.00694
  [회전] omega_dot 물리잔차 MAE = 3.0067 rad/s^2
  [회전] tau_disturbance 평균 크기 = 0.0847 N*m

모델 저장됨: /home/ssh2003/MyProjects/quad-pinn-project/offline_training/wind_estimator.pt
