=== 세션 15개, 세션당 yaw 12 x 방향당 15 = 180조건 (조건당 관측 15초) ===
=== 총 예상 조건 수: 2700 ===
=== 세션들을 합친 yaw 해상도: 180지점 (2.00도 간격) ===
=== 예상 총 소요시간: 약 13.4시간 (대략적인 추정치) ===
=== 세션당 강제종료 타임아웃: 4196초 ===
=== 그래프 저장 폴더: /home/ssh2003/MyProjects/quad-pinn-project/figures/wind_random_20260816_015012_n12x15_td15 ===

############################################################
# 세션 2/15
############################################################
  [SITL] 기존 프로세스 정리 중 (정상종료 시도)...
  [SITL] 강제 정리 (남아있는 프로세스 있으면)...
  [SITL] 재시작 중...
  [SITL] px4 프로세스 감지됨 (1s). 안정화 대기 15s...
  [수집] 시작 (seed=2042, yaw-offset=2.000도, 시도 1/3, 타임아웃 4196초)
PX4 SITL에 연결 시도 중...
-> 드론에 연결됨!
GPS/홈 위치 확인 중...
-> 전역 위치 및 홈 위치 준비 완료

[확인] PX4 SITL이 'windy' 월드로 실행 중인지 확인할 것.

--- Arming ---
-> Armed

--- Takeoff ---
  안전 고도(1.5m) 도달 대기 중...
  -> 안전 고도 도달 (relative_altitude=1.50m)

--- Offboard 진입 준비: 초기 setpoint(현재 위치 고정) 전송 ---

--- Offboard 모드 시작 ---

CSV 로그 저장 경로: ../../logs/wind_random_dither_20260816_015040_yaw2p0_n12x15_speed0-10_seed2042.csv
더더링: OU 프로세스 tau=0.3s sigma=0.1 clamp=±0.15

yaw 12방향(offset=2.0도) x 방향당 바람조건 15개 = 총 180개 수집 시작 (조건당 15초, 예상 총 소요 51.0분 + yaw 회전 시간)

============================================================
=== yaw 1/12: 목표 2도로 회전 중 (현재 91.0도) ===
============================================================
  -> yaw 0.6도로 안정화
  [1/180] yaw= -2.6 wind=(-6.24,-4.69) speed= 7.8m/s  roll=  2.0 pitch=  0.8  dither=(+0.03,+0.02,-0.15)
  [2/180] yaw= -4.0 wind=( 1.36, 1.90) speed= 2.3m/s  roll=  8.8 pitch=-11.1  dither=(+0.09,-0.14,+0.03)
  [3/180] yaw=  0.1 wind=( 0.93,-0.41) speed= 1.0m/s  roll=  2.7 pitch= -6.9  dither=(-0.02,-0.01,-0.07)
  [4/180] yaw=  8.2 wind=( 3.44,-2.43) speed= 4.2m/s  roll=-13.2 pitch=  1.3  dither=(-0.15,+0.08,-0.03)
  [5/180] yaw= -6.6 wind=( 0.12, 6.91) speed= 6.9m/s  roll= -4.1 pitch=  7.6  dither=(-0.04,+0.09,-0.15)
  [6/180] yaw= -2.8 wind=(-4.66, 1.53) speed= 4.9m/s  roll=  1.4 pitch=  0.9  dither=(+0.01,-0.04,-0.15)
  [7/180] yaw= -4.3 wind=(-2.68,-4.57) speed= 5.3m/s  roll=  4.9 pitch=  1.2  dither=(+0.01,+0.07,-0.07)
  [8/180] yaw=  3.7 wind=(-3.46,-0.25) speed= 3.5m/s  roll=  0.8 pitch= 13.3  dither=(+0.08,+0.08,+0.01)
  [9/180] yaw=  0.5 wind=(-2.40,-1.24) speed= 2.7m/s  roll=  0.6 pitch= -9.9  dither=(+0.02,-0.09,+0.01)
  [10/180] yaw=  3.5 wind=( 2.78,-1.34) speed= 3.1m/s  roll=-11.2 pitch=  3.8  dither=(+0.12,-0.00,+0.03)
  [11/180] yaw=  1.9 wind=( 0.39,-0.45) speed= 0.6m/s  roll= -7.2 pitch=-13.6  dither=(+0.04,-0.06,+0.00)
  [12/180] yaw= -3.0 wind=( 9.34,-0.42) speed= 9.3m/s  roll=-14.2 pitch= -3.4  dither=(-0.13,-0.04,-0.04)
  [13/180] yaw= 12.5 wind=( 3.93, 3.15) speed= 5.0m/s  roll=-10.2 pitch=  0.6  dither=(-0.01,+0.13,+0.00)
  [14/180] yaw=  9.8 wind=( 6.29, 1.25) speed= 6.4m/s  roll= -0.2 pitch=  3.4  dither=(-0.12,-0.15,+0.08)
  [15/180] yaw= -8.8 wind=(-0.17, 5.44) speed= 5.4m/s  roll=  0.4 pitch=  7.9  dither=(-0.03,-0.05,+0.07)

============================================================
=== yaw 2/12: 목표 32도로 회전 중 (현재 10.7도) ===
============================================================
  -> yaw 29.8도로 안정화
  [16/180] yaw= 19.8 wind=(-3.56,-3.26) speed= 4.8m/s  roll= -3.4 pitch=  2.0  dither=(-0.08,-0.07,+0.06)
  [17/180] yaw= 34.0 wind=( 6.41,-1.83) speed= 6.7m/s  roll= -2.8 pitch= 10.2  dither=(+0.04,+0.10,+0.06)
  [18/180] yaw= 27.2 wind=(-2.69,-9.59) speed=10.0m/s  roll=-14.9 pitch= -1.1  dither=(+0.01,-0.00,+0.05)
  [19/180] yaw= 30.0 wind=(-7.48, 4.12) speed= 8.5m/s  roll=  9.7 pitch=  3.3  dither=(-0.09,+0.00,-0.02)
  [20/180] yaw= 29.5 wind=(-0.55, 6.32) speed= 6.3m/s  roll=  8.9 pitch= 11.1  dither=(-0.08,+0.03,-0.12)
  [21/180] yaw= 36.7 wind=( 4.94, 6.21) speed= 7.9m/s  roll= -0.1 pitch=  6.0  dither=(-0.06,+0.11,-0.03)
  [22/180] yaw= 25.0 wind=( 1.94,-4.25) speed= 4.7m/s  roll= -3.6 pitch= -2.8  dither=(-0.12,-0.02,+0.03)
  [23/180] yaw= 21.1 wind=( 6.07,-2.08) speed= 6.4m/s  roll= -9.4 pitch= -6.2  dither=(+0.02,+0.13,+0.01)
  [24/180] yaw= 31.1 wind=( 0.80,-0.54) speed= 1.0m/s  roll=  2.4 pitch= -9.9  dither=(+0.09,-0.02,-0.00)
  [25/180] yaw= 48.0 wind=(-1.04, 2.28) speed= 2.5m/s  roll=  4.5 pitch= -1.7  dither=(+0.05,-0.15,+0.15)
  [26/180] yaw= 27.7 wind=( 0.15,-0.38) speed= 0.4m/s  roll=  3.4 pitch=  1.6  dither=(+0.00,+0.01,-0.08)
  [27/180] yaw= 40.6 wind=(-8.13,-3.24) speed= 8.8m/s  roll= -2.4 pitch= -4.9  dither=(-0.11,+0.04,+0.10)
  [28/180] yaw= 31.4 wind=(-0.33,-6.66) speed= 6.7m/s  roll=  4.6 pitch=-11.3  dither=(+0.04,-0.14,-0.00)
  [29/180] yaw= 41.3 wind=(-8.17, 3.07) speed= 8.7m/s  roll= 10.9 pitch= -5.6  dither=(-0.06,-0.10,+0.08)
  [30/180] yaw= 38.2 wind=( 4.60, 2.71) speed= 5.3m/s  roll= -9.0 pitch=  6.4  dither=(-0.15,+0.05,-0.07)

============================================================
=== yaw 3/12: 목표 62도로 회전 중 (현재 31.2도) ===
============================================================
  -> yaw 62.8도로 안정화
  [31/180] yaw= 53.4 wind=(-0.84,-9.22) speed= 9.3m/s  roll= -2.4 pitch=-14.2  dither=(+0.10,-0.05,+0.08)
  [32/180] yaw= 67.7 wind=(-0.13,-1.07) speed= 1.1m/s  roll= -0.8 pitch= -5.3  dither=(-0.10,+0.03,+0.13)
  [33/180] yaw= 65.1 wind=(-2.57,-0.42) speed= 2.6m/s  roll=  1.6 pitch= 10.0  dither=(-0.15,+0.07,-0.15)
  [34/180] yaw= 44.7 wind=( 1.15,-0.31) speed= 1.2m/s  roll=  1.9 pitch= -5.6  dither=(+0.15,-0.13,+0.03)
  [35/180] yaw= 49.3 wind=( 0.56,-0.31) speed= 0.6m/s  roll=  5.1 pitch= 12.1  dither=(-0.12,-0.03,+0.00)
  [36/180] yaw= 65.4 wind=( 1.51, 3.77) speed= 4.1m/s  roll= -4.9 pitch= -9.0  dither=(+0.08,-0.11,+0.06)
  [37/180] yaw= 64.9 wind=(-8.65,-3.79) speed= 9.4m/s  roll=  0.1 pitch=  8.8  dither=(-0.00,+0.06,+0.15)
  [38/180] yaw= 64.2 wind=(-0.69, 1.76) speed= 1.9m/s  roll= -6.8 pitch=  7.5  dither=(-0.15,-0.01,-0.06)
  [39/180] yaw= 62.8 wind=(-6.40, 0.89) speed= 6.5m/s  roll= -2.8 pitch= -6.1  dither=(-0.00,+0.06,+0.06)
  [40/180] yaw= 71.5 wind=(-0.09, 4.41) speed= 4.4m/s  roll= -3.2 pitch=  4.0  dither=(-0.07,-0.08,+0.09)
  [41/180] yaw= 58.6 wind=( 3.90, 0.25) speed= 3.9m/s  roll=  3.8 pitch= -3.2  dither=(-0.14,+0.15,-0.15)
  [42/180] yaw= 64.5 wind=(-6.88, 7.16) speed= 9.9m/s  roll= 12.0 pitch=  7.7  dither=(+0.14,-0.03,+0.10)
  [43/180] yaw= 65.6 wind=( 2.51,-7.78) speed= 8.2m/s  roll=  1.3 pitch=  1.0  dither=(-0.04,-0.00,+0.03)
  [44/180] yaw= 54.3 wind=( 5.89,-0.88) speed= 6.0m/s  roll= 11.3 pitch= -0.3  dither=(+0.06,+0.04,-0.01)
  [45/180] yaw= 72.4 wind=(-2.86, 4.13) speed= 5.0m/s  roll=  8.6 pitch= -0.1  dither=(-0.06,-0.05,-0.07)

============================================================
=== yaw 4/12: 목표 92도로 회전 중 (현재 53.3도) ===
============================================================
  -> yaw 92.2도로 안정화
  [46/180] yaw=107.3 wind=(-7.86, 4.38) speed= 9.0m/s  roll= -0.2 pitch=-22.1  dither=(-0.07,-0.15,+0.07)
  [47/180] yaw= 97.3 wind=(-5.33,-6.86) speed= 8.7m/s  roll= -2.5 pitch= -1.2  dither=(-0.04,+0.02,-0.04)
  [48/180] yaw= 94.0 wind=(-0.78, 0.59) speed= 1.0m/s  roll=  1.9 pitch=  6.2  dither=(-0.05,+0.03,-0.15)
  [49/180] yaw= 84.7 wind=(-3.52,-5.92) speed= 6.9m/s  roll=  4.3 pitch= -6.5  dither=(+0.05,-0.04,+0.01)
  [50/180] yaw= 85.1 wind=( 1.45, 4.69) speed= 4.9m/s  roll=  0.8 pitch=  9.0  dither=(-0.08,+0.08,+0.15)
  [51/180] yaw= 87.2 wind=( 2.06,-2.95) speed= 3.6m/s  roll=-12.4 pitch=  2.7  dither=(-0.14,+0.03,-0.07)
  [52/180] yaw= 91.4 wind=( 0.66,-0.01) speed= 0.7m/s  roll= -1.7 pitch= -7.2  dither=(-0.07,-0.01,+0.01)
  [53/180] yaw=101.4 wind=(-2.47,-9.63) speed= 9.9m/s  roll= -8.9 pitch=  1.0  dither=(-0.08,+0.02,-0.13)
  [54/180] yaw=105.8 wind=(-2.42, 5.58) speed= 6.1m/s  roll=  8.4 pitch=  5.4  dither=(+0.08,+0.08,+0.03)
  [55/180] yaw= 88.4 wind=(-5.39, 3.62) speed= 6.5m/s  roll=  2.6 pitch= -0.4  dither=(+0.02,+0.10,+0.02)
  [56/180] yaw= 89.8 wind=( 5.80, 5.50) speed= 8.0m/s  roll= -0.3 pitch=  5.8  dither=(+0.14,-0.04,-0.05)
  [57/180] yaw=107.8 wind=( 1.32, 8.14) speed= 8.2m/s  roll= -3.9 pitch=  0.8  dither=(+0.02,-0.01,+0.10)
  [58/180] yaw= 85.9 wind=( 6.74,-0.66) speed= 6.8m/s  roll= -7.7 pitch=  6.5  dither=(+0.02,-0.02,-0.15)
  [59/180] yaw= 84.4 wind=(-1.04,-5.04) speed= 5.1m/s  roll= -5.7 pitch= -9.2  dither=(+0.06,+0.13,+0.04)
  [60/180] yaw=102.9 wind=(-1.97,-0.92) speed= 2.2m/s  roll= -3.5 pitch=-14.2  dither=(-0.15,-0.08,-0.06)

============================================================
=== yaw 5/12: 목표 122도로 회전 중 (현재 88.5도) ===
============================================================
  -> yaw 121.7도로 안정화
  [61/180] yaw=112.5 wind=(-3.58,-4.26) speed= 5.6m/s  roll=  8.3 pitch=-12.8  dither=(+0.12,-0.11,-0.04)
  [62/180] yaw=106.6 wind=( 1.31, 3.85) speed= 4.1m/s  roll=  2.1 pitch= -7.3  dither=(-0.07,-0.07,+0.05)
  [63/180] yaw=116.4 wind=( 0.57, 1.08) speed= 1.2m/s  roll= -1.8 pitch=  0.9  dither=(-0.05,-0.02,-0.08)
  [64/180] yaw=128.9 wind=(-8.33, 1.68) speed= 8.5m/s  roll=  1.7 pitch= -3.4  dither=(+0.09,-0.11,+0.07)
  [65/180] yaw=115.7 wind=(-2.19, 6.96) speed= 7.3m/s  roll= 11.9 pitch= -6.8  dither=(+0.09,-0.00,-0.15)
  [66/180] yaw=135.6 wind=( 8.71, 1.67) speed= 8.9m/s  roll= -8.8 pitch=  7.7  dither=(+0.15,+0.10,-0.10)
  [67/180] yaw=115.5 wind=( 3.22,-2.25) speed= 3.9m/s  roll= -1.1 pitch=  1.5  dither=(-0.13,+0.07,+0.04)
  [68/180] yaw=115.2 wind=( 0.69,-3.24) speed= 3.3m/s  roll= -3.7 pitch= -0.6  dither=(+0.12,-0.10,-0.15)
  [69/180] yaw=117.5 wind=( 7.44,-5.40) speed= 9.2m/s  roll=  8.6 pitch= -2.6  dither=(+0.10,-0.11,-0.01)
  [70/180] yaw=112.0 wind=( 0.63, 0.04) speed= 0.6m/s  roll=  7.7 pitch= -4.5  dither=(-0.03,-0.04,-0.15)
  [71/180] yaw=125.9 wind=(-1.88,-0.56) speed= 2.0m/s  roll= -4.5 pitch=  3.5  dither=(+0.03,+0.07,-0.14)
  [72/180] yaw=130.6 wind=( 0.20, 1.14) speed= 1.2m/s  roll=  5.1 pitch= -8.8  dither=(-0.07,-0.15,-0.06)
  [73/180] yaw=123.4 wind=(-0.44,-0.12) speed= 0.5m/s  roll= -4.4 pitch=  5.7  dither=(-0.02,+0.03,+0.15)
  [74/180] yaw=132.0 wind=(-0.85, 0.01) speed= 0.8m/s  roll=-12.2 pitch= -5.0  dither=(+0.01,-0.15,+0.01)
  [75/180] yaw=127.5 wind=( 3.92, 2.83) speed= 4.8m/s  roll= -7.6 pitch= 10.2  dither=(+0.04,+0.10,-0.06)

============================================================
=== yaw 6/12: 목표 152도로 회전 중 (현재 118.0도) ===
============================================================
  -> yaw 152.4도로 안정화
  [76/180] yaw=159.2 wind=(-6.24, 1.09) speed= 6.3m/s  roll=-10.1 pitch= -3.8  dither=(-0.11,+0.06,-0.13)
  [77/180] yaw=160.9 wind=(-3.45, 2.34) speed= 4.2m/s  roll=  1.1 pitch= -7.8  dither=(-0.03,-0.10,-0.04)
  [78/180] yaw=150.5 wind=( 2.55,-7.76) speed= 8.2m/s  roll=  1.3 pitch=  4.5  dither=(+0.10,+0.09,+0.03)
  [79/180] yaw=153.9 wind=( 0.81,-0.74) speed= 1.1m/s  roll= -4.9 pitch=  3.6  dither=(-0.08,-0.15,-0.05)
  [80/180] yaw=162.4 wind=(-1.41, 0.76) speed= 1.6m/s  roll= -5.7 pitch=  4.6  dither=(-0.02,+0.15,-0.11)
  [81/180] yaw=146.2 wind=(-0.82,-0.33) speed= 0.9m/s  roll=  7.9 pitch=  0.3  dither=(-0.02,+0.15,+0.02)
  [82/180] yaw=161.1 wind=( 0.52, 0.23) speed= 0.6m/s  roll=  3.1 pitch=  0.4  dither=(+0.06,-0.01,-0.04)
  [83/180] yaw=152.1 wind=( 5.98,-7.78) speed= 9.8m/s  roll= -0.4 pitch=  0.9  dither=(+0.09,+0.11,+0.06)
  [84/180] yaw=145.5 wind=( 4.20, 4.43) speed= 6.1m/s  roll= -4.1 pitch= -8.3  dither=(+0.06,+0.11,-0.02)
  [85/180] yaw=169.1 wind=(-5.19, 1.09) speed= 5.3m/s  roll= -7.4 pitch= -8.6  dither=(+0.12,+0.13,-0.09)
  [86/180] yaw=160.4 wind=(-1.38, 1.14) speed= 1.8m/s  roll=  1.6 pitch=-17.4  dither=(-0.15,-0.06,-0.11)
  [87/180] yaw=152.0 wind=(-2.11,-2.02) speed= 2.9m/s  roll= -4.1 pitch=  4.2  dither=(-0.09,+0.11,-0.00)
  [88/180] yaw=159.5 wind=(-3.96, 3.35) speed= 5.2m/s  roll=  6.8 pitch=  1.1  dither=(-0.01,+0.04,-0.02)
  [89/180] yaw=157.5 wind=(-3.09,-3.60) speed= 4.7m/s  roll= -3.1 pitch=  3.4  dither=(-0.03,+0.05,+0.00)
  [90/180] yaw=153.1 wind=(-2.56, 2.18) speed= 3.4m/s  roll= -1.1 pitch= -1.5  dither=(+0.06,+0.03,+0.04)

============================================================
=== yaw 7/12: 목표 182도로 회전 중 (현재 143.0도) ===
============================================================
  -> yaw 179.5도로 안정화
  [91/180] yaw=-168.5 wind=(-2.87,-0.35) speed= 2.9m/s  roll= -3.2 pitch= -4.8  dither=(+0.01,-0.06,+0.02)
  [92/180] yaw=-168.7 wind=(-2.91,-6.76) speed= 7.4m/s  roll=-11.2 pitch=  9.1  dither=(-0.15,-0.09,+0.15)
  [93/180] yaw=175.4 wind=(-0.29,-8.42) speed= 8.4m/s  roll=  6.9 pitch=  5.6  dither=(+0.00,-0.08,+0.03)
  [94/180] yaw=-161.7 wind=( 2.83,-1.68) speed= 3.3m/s  roll=  0.2 pitch= 12.9  dither=(+0.07,-0.05,+0.14)
  [95/180] yaw=167.8 wind=( 0.02,-0.02) speed= 0.0m/s  roll=  9.2 pitch= -4.7  dither=(-0.04,+0.07,-0.06)
  [96/180] yaw=-178.0 wind=( 5.98, 1.51) speed= 6.2m/s  roll= -2.3 pitch= 10.6  dither=(+0.10,+0.15,-0.04)
  [97/180] yaw=-170.0 wind=(-0.29,-0.84) speed= 0.9m/s  roll= 12.6 pitch=  2.0  dither=(+0.12,-0.07,+0.11)
  [98/180] yaw=-163.2 wind=( 5.12,-7.16) speed= 8.8m/s  roll= -0.2 pitch= 11.4  dither=(+0.03,+0.02,+0.12)
  [99/180] yaw=-168.1 wind=( 4.77,-7.89) speed= 9.2m/s  roll=  6.9 pitch= 14.3  dither=(-0.07,-0.06,-0.02)
  [100/180] yaw=-167.0 wind=(-2.66,-5.40) speed= 6.0m/s  roll=  8.9 pitch=  7.2  dither=(-0.15,+0.06,+0.03)
  [101/180] yaw=-168.0 wind=(-6.68, 2.68) speed= 7.2m/s  roll= -6.0 pitch= -6.1  dither=(-0.07,-0.01,-0.02)
  [102/180] yaw=176.6 wind=( 4.34,-0.78) speed= 4.4m/s  roll= -0.2 pitch=  2.8  dither=(-0.06,+0.06,+0.15)
  [103/180] yaw=-177.0 wind=( 5.71, 8.15) speed=10.0m/s  roll=  7.4 pitch= -8.8  dither=(-0.07,-0.05,+0.03)
  [104/180] yaw=176.0 wind=(-2.36,-0.03) speed= 2.4m/s  roll=  0.4 pitch= -2.6  dither=(+0.02,+0.13,-0.01)
  [105/180] yaw=178.4 wind=(-5.55,-4.67) speed= 7.3m/s  roll= -3.6 pitch= -1.1  dither=(+0.13,-0.15,+0.14)

============================================================
=== yaw 8/12: 목표 212도로 회전 중 (현재 179.7도) ===
============================================================
  -> yaw -148.9도로 안정화
  [106/180] yaw=-149.4 wind=( 4.06, 3.30) speed= 5.2m/s  roll=  4.2 pitch= -5.5  dither=(+0.09,+0.00,+0.04)
  [107/180] yaw=-153.0 wind=(-4.95, 3.05) speed= 5.8m/s  roll= -1.4 pitch= -4.8  dither=(+0.02,-0.07,+0.05)
  [108/180] yaw=-142.1 wind=(-3.53,-2.51) speed= 4.3m/s  roll= -3.0 pitch=  9.2  dither=(-0.15,+0.03,-0.05)
  [109/180] yaw=-141.6 wind=(-0.69, 0.98) speed= 1.2m/s  roll= -5.0 pitch=  6.0  dither=(+0.01,+0.02,+0.13)
  [110/180] yaw=-132.6 wind=(-4.01,-3.43) speed= 5.3m/s  roll=  1.5 pitch=  6.3  dither=(-0.02,+0.06,-0.11)
  [111/180] yaw=-142.4 wind=( 2.95, 6.05) speed= 6.7m/s  roll= -3.9 pitch= -4.0  dither=(+0.04,+0.12,+0.11)
  [112/180] yaw=-141.3 wind=(-5.73, 2.15) speed= 6.1m/s  roll= -4.7 pitch= -5.7  dither=(+0.07,+0.07,+0.10)
  [113/180] yaw=-143.3 wind=( 2.90,-1.11) speed= 3.1m/s  roll=  7.5 pitch= 10.1  dither=(+0.06,+0.09,+0.12)
  [114/180] yaw=-144.8 wind=(-2.41,-0.18) speed= 2.4m/s  roll=-12.7 pitch= 13.2  dither=(-0.07,+0.10,-0.15)
  [115/180] yaw=-152.2 wind=(-0.68,-2.75) speed= 2.8m/s  roll=  6.1 pitch= 10.1  dither=(+0.09,+0.10,-0.01)
  [116/180] yaw=-134.7 wind=( 4.67,-4.53) speed= 6.5m/s  roll= 17.1 pitch=  3.5  dither=(+0.15,+0.15,+0.09)
  [117/180] yaw=-148.0 wind=( 4.59, 2.80) speed= 5.4m/s  roll= -9.6 pitch=  1.7  dither=(-0.07,+0.03,-0.08)
  [118/180] yaw=-145.7 wind=( 1.02,-1.59) speed= 1.9m/s  roll=  1.5 pitch=  3.9  dither=(+0.07,-0.02,-0.07)
  [119/180] yaw=-145.3 wind=(-0.57, 8.02) speed= 8.0m/s  roll=-11.9 pitch= -4.4  dither=(+0.01,-0.08,-0.04)
  [120/180] yaw=-147.6 wind=( 2.94,-2.65) speed= 4.0m/s  roll=  5.9 pitch=  4.7  dither=(+0.01,+0.14,-0.06)

============================================================
=== yaw 9/12: 목표 242도로 회전 중 (현재 -138.2도) ===
============================================================
  -> yaw -120.1도로 안정화
  [121/180] yaw=-114.1 wind=( 2.02,-5.56) speed= 5.9m/s  roll= -1.5 pitch=  1.4  dither=(-0.07,+0.09,+0.05)
  [122/180] yaw=-123.5 wind=( 7.08,-6.16) speed= 9.4m/s  roll= -1.3 pitch= -5.8  dither=(-0.12,+0.05,+0.06)
  [123/180] yaw=-120.9 wind=( 6.10,-3.95) speed= 7.3m/s  roll= 11.0 pitch= -3.7  dither=(+0.07,+0.01,-0.04)
  [124/180] yaw=-120.4 wind=( 2.44,-3.29) speed= 4.1m/s  roll=  8.7 pitch=  7.1  dither=(+0.15,+0.04,-0.02)
  [125/180] yaw=-99.1 wind=(-4.60,-5.77) speed= 7.4m/s  roll=  6.9 pitch= -6.0  dither=(-0.15,+0.05,+0.08)
  [126/180] yaw=-115.8 wind=(-3.73,-4.68) speed= 6.0m/s  roll= 11.5 pitch=  4.2  dither=(-0.00,+0.03,+0.15)
  [127/180] yaw=-130.9 wind=(-1.55,-7.03) speed= 7.2m/s  roll= -8.0 pitch= -6.0  dither=(-0.01,+0.00,+0.05)
  [128/180] yaw=-117.0 wind=(-5.04, 7.07) speed= 8.7m/s  roll=-11.8 pitch=  6.6  dither=(-0.12,+0.05,+0.05)
  [129/180] yaw=-132.9 wind=( 2.17,-3.10) speed= 3.8m/s  roll= -5.2 pitch=  3.8  dither=(-0.10,+0.02,-0.12)
  [130/180] yaw=-109.2 wind=( 2.17,-1.22) speed= 2.5m/s  roll=  6.1 pitch=  0.4  dither=(-0.07,-0.15,+0.05)
  [131/180] yaw=-125.7 wind=(-9.78, 0.89) speed= 9.8m/s  roll= -3.1 pitch=  8.5  dither=(-0.15,-0.02,-0.15)
  [132/180] yaw=-126.2 wind=( 5.94,-4.82) speed= 7.6m/s  roll= 17.8 pitch=-14.1  dither=(+0.13,+0.01,-0.04)
  [133/180] yaw=-112.9 wind=( 3.39,-1.21) speed= 3.6m/s  roll= -5.7 pitch=  6.3  dither=(+0.02,+0.02,+0.02)
  [134/180] yaw=-114.4 wind=( 2.67,-0.83) speed= 2.8m/s  roll=  7.3 pitch= -2.6  dither=(+0.04,-0.15,+0.03)
  [135/180] yaw=-112.4 wind=(-7.96, 3.74) speed= 8.8m/s  roll= -0.1 pitch= 12.3  dither=(+0.07,-0.02,-0.05)

============================================================
=== yaw 10/12: 목표 272도로 회전 중 (현재 -114.6도) ===
============================================================
  -> yaw -86.6도로 안정화
  [136/180] yaw=-89.7 wind=(-1.99,-0.52) speed= 2.1m/s  roll= -4.8 pitch=  1.8  dither=(-0.15,+0.10,+0.15)
  [137/180] yaw=-90.2 wind=( 2.61, 2.17) speed= 3.4m/s  roll=-14.0 pitch=  2.6  dither=(-0.02,-0.05,+0.03)
  [138/180] yaw=-86.8 wind=( 3.25, 4.46) speed= 5.5m/s  roll=  8.6 pitch= -6.0  dither=(+0.13,-0.04,-0.07)
  [139/180] yaw=-92.6 wind=( 7.45,-3.22) speed= 8.1m/s  roll=  3.4 pitch= -4.5  dither=(-0.15,+0.05,-0.07)
  [140/180] yaw=-80.0 wind=(-1.22,-0.24) speed= 1.2m/s  roll=-11.7 pitch=  0.8  dither=(-0.02,-0.15,+0.11)
  [141/180] yaw=-92.4 wind=(-1.86,-8.59) speed= 8.8m/s  roll=  2.1 pitch=-14.6  dither=(+0.08,-0.05,-0.00)
  [142/180] yaw=-94.6 wind=( 9.32,-2.48) speed= 9.6m/s  roll= 11.6 pitch= -5.8  dither=(+0.09,-0.09,+0.13)
  [143/180] yaw=-99.0 wind=(-2.50,-8.88) speed= 9.2m/s  roll= -1.0 pitch= -5.1  dither=(+0.03,-0.07,-0.03)
  [144/180] yaw=-93.8 wind=(-2.92, 2.53) speed= 3.9m/s  roll= -4.6 pitch=  4.0  dither=(-0.06,-0.01,+0.05)
  [145/180] yaw=-96.9 wind=( 4.61, 1.31) speed= 4.8m/s  roll= -7.3 pitch= -6.1  dither=(-0.13,-0.15,+0.00)
  [146/180] yaw=-88.5 wind=(-3.57, 0.18) speed= 3.6m/s  roll= -8.4 pitch=-10.2  dither=(-0.08,-0.08,+0.08)
  [147/180] yaw=-76.7 wind=( 9.70, 0.51) speed= 9.7m/s  roll=  2.5 pitch=  1.4  dither=(+0.13,+0.01,+0.15)
  [148/180] yaw=-80.7 wind=( 4.63,-4.64) speed= 6.6m/s  roll= -5.6 pitch= -5.8  dither=(-0.10,-0.04,+0.04)
  [149/180] yaw=-86.8 wind=( 4.32,-2.06) speed= 4.8m/s  roll= -2.1 pitch=  1.0  dither=(-0.08,+0.01,-0.04)
  [150/180] yaw=-88.1 wind=(-0.49, 1.10) speed= 1.2m/s  roll=-12.2 pitch=  4.1  dither=(-0.09,+0.12,+0.08)

============================================================
=== yaw 11/12: 목표 302도로 회전 중 (현재 -83.2도) ===
============================================================
  -> yaw -60.8도로 안정화
  [151/180] yaw=-63.3 wind=(-4.60, 8.28) speed= 9.5m/s  roll= -3.5 pitch= 11.5  dither=(-0.13,+0.03,+0.03)
  [152/180] yaw=-55.6 wind=(-3.92,-0.90) speed= 4.0m/s  roll=  1.6 pitch=  0.9  dither=(+0.03,-0.02,-0.00)
  [153/180] yaw=-62.3 wind=( 0.18, 0.08) speed= 0.2m/s  roll=  0.2 pitch=  0.0  dither=(+0.05,-0.01,-0.06)
  [154/180] yaw=-57.6 wind=( 4.65, 3.24) speed= 5.7m/s  roll=-14.7 pitch=  2.3  dither=(-0.14,-0.13,+0.12)
  [155/180] yaw=-74.0 wind=(-7.42,-1.00) speed= 7.5m/s  roll= -4.2 pitch=  3.1  dither=(-0.09,+0.15,+0.03)
  [156/180] yaw=-47.3 wind=( 7.89,-0.73) speed= 7.9m/s  roll= -0.7 pitch= -0.8  dither=(+0.03,-0.09,+0.06)
  [157/180] yaw=-68.6 wind=( 0.37,-6.73) speed= 6.7m/s  roll= -0.9 pitch= -1.0  dither=(-0.08,-0.13,-0.14)
  [158/180] yaw=-56.5 wind=( 0.03, 0.12) speed= 0.1m/s  roll= 11.7 pitch=  2.8  dither=(-0.10,-0.13,+0.06)
  [159/180] yaw=-52.4 wind=( 0.46,-2.43) speed= 2.5m/s  roll= -6.4 pitch= -7.4  dither=(-0.05,-0.13,-0.00)
  [160/180] yaw=-62.3 wind=( 2.06, 0.11) speed= 2.1m/s  roll=  3.1 pitch= -2.7  dither=(+0.10,-0.11,+0.01)
  [161/180] yaw=-66.3 wind=(-2.30,-2.33) speed= 3.3m/s  roll=  4.8 pitch=  5.8  dither=(+0.08,+0.03,+0.15)
  [162/180] yaw=-57.1 wind=( 1.29, 3.92) speed= 4.1m/s  roll=  3.9 pitch=  2.1  dither=(+0.02,+0.09,+0.02)
  [163/180] yaw=-51.7 wind=(-6.73,-0.01) speed= 6.7m/s  roll=  0.4 pitch=  4.8  dither=(-0.15,+0.01,+0.03)
  [164/180] yaw=-56.7 wind=(-0.52, 0.29) speed= 0.6m/s  roll=-10.5 pitch= -4.1  dither=(-0.08,-0.00,-0.05)
  [165/180] yaw=-61.8 wind=(-0.03, 8.09) speed= 8.1m/s  roll=-12.1 pitch=  2.7  dither=(+0.05,+0.11,+0.03)

============================================================
=== yaw 12/12: 목표 332도로 회전 중 (현재 -61.2도) ===
============================================================
  -> yaw -25.9도로 안정화
  [166/180] yaw=-33.2 wind=( 1.13,-2.69) speed= 2.9m/s  roll=  0.6 pitch= -4.6  dither=(-0.08,-0.01,-0.04)
  [167/180] yaw=-21.0 wind=( 1.68, 1.91) speed= 2.5m/s  roll= -3.6 pitch=  9.5  dither=(-0.14,-0.05,-0.15)
  [168/180] yaw=-16.8 wind=( 4.57,-5.71) speed= 7.3m/s  roll=-13.4 pitch= -8.9  dither=(-0.00,+0.04,+0.04)
  [169/180] yaw=-29.4 wind=( 4.54,-6.82) speed= 8.2m/s  roll= 15.3 pitch= -2.5  dither=(+0.14,+0.05,+0.07)
  [170/180] yaw=-26.0 wind=( 5.02, 4.55) speed= 6.8m/s  roll=-14.7 pitch= -2.9  dither=(-0.15,-0.03,+0.03)
  [171/180] yaw=-28.7 wind=(-3.16,-3.53) speed= 4.7m/s  roll=  0.8 pitch=  6.8  dither=(-0.02,+0.12,-0.09)
  [172/180] yaw=-27.0 wind=(-0.79, 9.90) speed= 9.9m/s  roll=  5.9 pitch=  8.3  dither=(+0.15,-0.10,-0.10)
  [173/180] yaw=-15.6 wind=(-5.17,-7.34) speed= 9.0m/s  roll= -4.4 pitch= -3.9  dither=(+0.08,-0.03,+0.12)
  [174/180] yaw=-40.1 wind=(-0.87,-1.14) speed= 1.4m/s  roll=  8.7 pitch=  1.0  dither=(+0.12,+0.15,+0.07)
  [175/180] yaw=-18.2 wind=( 1.70, 2.36) speed= 2.9m/s  roll= -0.4 pitch= -1.6  dither=(-0.08,+0.02,+0.01)
  [176/180] yaw=-24.9 wind=( 0.58, 0.48) speed= 0.8m/s  roll=  5.3 pitch= -1.1  dither=(-0.15,+0.08,-0.05)
  [177/180] yaw=-29.7 wind=(-0.06,-2.97) speed= 3.0m/s  roll= -5.4 pitch= -6.6  dither=(-0.12,-0.15,-0.06)
  [178/180] yaw=-36.7 wind=(-0.13, 0.00) speed= 0.1m/s  roll=  8.9 pitch= -3.5  dither=(+0.03,+0.02,-0.08)
  [179/180] yaw=-19.8 wind=(-5.11,-5.88) speed= 7.8m/s  roll= -0.0 pitch=  0.3  dither=(-0.15,+0.03,-0.01)
  [180/180] yaw=-29.7 wind=(-4.50,-1.16) speed= 4.6m/s  roll=  4.5 pitch=  2.5  dither=(-0.14,-0.15,+0.06)

데이터 수집 완료. CSV 저장됨: ../../logs/wind_random_dither_20260816_015040_yaw2p0_n12x15_speed0-10_seed2042.csv
[송신 간격 통계] 목표=50ms  평균=50.0ms  최대=64.6ms  임계치 초과=0/65219

--- Offboard 종료 ---

--- Landing ---
-> 착륙 완료 및 디스암 확인

무작위 바람+토크 더더링 데이터 수집 완료.
  [수집] 세션 2 완료 (시도 1/3)
  [그래프] /home/ssh2003/MyProjects/quad-pinn-project/logs/wind_random_dither_20260816_015040_yaw2p0_n12x15_speed0-10_seed2042.csv 요약 PNG 생성 중...
    findfont: Failed to find font weight normal, now using 100.
    /home/ssh2003/MyProjects/quad-pinn-project/sim_scripts/data_collection/plot_session_grid.py:106: UserWarning: This figure includes Axes that are not compatible with tight_layout, so results might be incorrect.
      fig.tight_layout(rect=[0, 0, 0.92, 0.94])
    findfont: Failed to find font weight normal, now using 100.
    findfont: Failed to find font weight normal, now using 100.
    findfont: Failed to find font weight normal, now using 100.
    findfont: Failed to find font weight normal, now using 100.
    저장됨: /home/ssh2003/MyProjects/quad-pinn-project/figures/wind_random_20260816_015012_n12x15_td15/session_wind_random_dither_20260816_015040_yaw2p0_n12x15_speed0-10_seed2042.png

############################################################
# 세션 3/15
############################################################
  [SITL] 기존 프로세스 정리 중 (정상종료 시도)...
Terminated
  [SITL] 강제 정리 (남아있는 프로세스 있으면)...
  [SITL] 재시작 중...
  [SITL] px4 프로세스 감지됨 (1s). 안정화 대기 15s...
  [수집] 시작 (seed=3042, yaw-offset=4.000도, 시도 1/3, 타임아웃 4196초)
PX4 SITL에 연결 시도 중...
-> 드론에 연결됨!
GPS/홈 위치 확인 중...
-> 전역 위치 및 홈 위치 준비 완료

[확인] PX4 SITL이 'windy' 월드로 실행 중인지 확인할 것.

--- Arming ---
-> Armed

--- Takeoff ---
  안전 고도(1.5m) 도달 대기 중...
  -> 안전 고도 도달 (relative_altitude=1.50m)

--- Offboard 진입 준비: 초기 setpoint(현재 위치 고정) 전송 ---

--- Offboard 모드 시작 ---

CSV 로그 저장 경로: ../../logs/wind_random_dither_20260816_024549_yaw4p0_n12x15_speed0-10_seed3042.csv
더더링: OU 프로세스 tau=0.3s sigma=0.1 clamp=±0.15

yaw 12방향(offset=4.0도) x 방향당 바람조건 15개 = 총 180개 수집 시작 (조건당 15초, 예상 총 소요 51.0분 + yaw 회전 시간)

============================================================
=== yaw 1/12: 목표 4도로 회전 중 (현재 92.1도) ===
============================================================
  -> yaw 2.9도로 안정화
  [1/180] yaw=  3.9 wind=(-4.58, 1.01) speed= 4.7m/s  roll=  1.2 pitch=  3.0  dither=(+0.05,+0.03,+0.06)
  [2/180] yaw=  6.7 wind=(-3.47,-0.06) speed= 3.5m/s  roll=  5.1 pitch= -2.9  dither=(-0.10,-0.11,+0.08)
  [3/180] yaw=  4.4 wind=(-4.35,-1.49) speed= 4.6m/s  roll= -6.0 pitch= -8.5  dither=(-0.08,-0.07,+0.00)
  [4/180] yaw= -6.1 wind=(-0.49,-7.84) speed= 7.9m/s  roll= -4.2 pitch= -7.9  dither=(-0.03,-0.01,-0.01)
  [5/180] yaw=  8.8 wind=( 0.04,-0.16) speed= 0.2m/s  roll=  3.0 pitch= -3.2  dither=(-0.15,-0.07,+0.15)
  [6/180] yaw= -7.9 wind=(-8.93, 3.13) speed= 9.5m/s  roll=  2.5 pitch=  2.1  dither=(-0.01,+0.12,+0.10)
  [7/180] yaw=  7.0 wind=(-6.95,-3.97) speed= 8.0m/s  roll= -4.1 pitch=-12.9  dither=(-0.15,-0.09,+0.07)
  [8/180] yaw=  4.0 wind=(-8.12,-3.25) speed= 8.7m/s  roll= 18.9 pitch= -5.8  dither=(+0.11,+0.01,+0.15)
  [9/180] yaw=  3.0 wind=(-2.70,-5.66) speed= 6.3m/s  roll= -1.4 pitch= -2.9  dither=(+0.07,+0.00,+0.11)
  [10/180] yaw=  0.6 wind=( 2.73,-4.93) speed= 5.6m/s  roll=  3.8 pitch=  1.7  dither=(-0.06,+0.02,+0.07)
  [11/180] yaw= -1.4 wind=( 0.40,-3.85) speed= 3.9m/s  roll= -4.3 pitch= -2.1  dither=(+0.06,-0.04,-0.06)
  [12/180] yaw= -3.6 wind=(-4.92, 5.47) speed= 7.4m/s  roll=  3.1 pitch= -6.3  dither=(+0.14,-0.12,+0.15)
  [13/180] yaw= -2.0 wind=( 0.60,-1.15) speed= 1.3m/s  roll= -0.0 pitch= -7.6  dither=(-0.03,-0.06,-0.13)
  [14/180] yaw=  6.3 wind=(-8.46, 1.63) speed= 8.6m/s  roll=  5.5 pitch=  2.7  dither=(+0.00,-0.03,-0.04)
  [15/180] yaw=  0.5 wind=(-1.87, 0.52) speed= 1.9m/s  roll=  1.1 pitch= -0.6  dither=(+0.06,+0.04,-0.05)

============================================================
=== yaw 2/12: 목표 34도로 회전 중 (현재 -4.0도) ===
============================================================
  -> yaw 36.0도로 안정화
  [16/180] yaw= 45.4 wind=( 4.90,-2.63) speed= 5.6m/s  roll= -6.2 pitch=  1.2  dither=(-0.15,-0.11,+0.03)
  [17/180] yaw= 26.1 wind=(-4.02,-4.53) speed= 6.1m/s  roll=  4.5 pitch=  5.4  dither=(+0.02,+0.15,-0.04)
  [18/180] yaw= 30.1 wind=(-7.11, 6.87) speed= 9.9m/s  roll=  9.7 pitch= -8.4  dither=(+0.04,-0.02,+0.07)
  [19/180] yaw= 39.3 wind=(-1.74, 1.45) speed= 2.3m/s  roll= -0.6 pitch= -5.1  dither=(+0.15,-0.04,+0.00)
  [20/180] yaw= 37.6 wind=( 7.92,-3.89) speed= 8.8m/s  roll= -4.2 pitch=  1.5  dither=(+0.07,+0.05,+0.05)
  [21/180] yaw= 37.6 wind=( 0.52, 0.32) speed= 0.6m/s  roll= -3.5 pitch= -4.3  dither=(-0.15,-0.06,-0.15)
  [22/180] yaw= 41.0 wind=( 9.51,-1.52) speed= 9.6m/s  roll=  2.2 pitch=  6.6  dither=(-0.08,+0.02,+0.04)
  [23/180] yaw= 27.9 wind=(-0.51, 7.20) speed= 7.2m/s  roll= -5.7 pitch=  3.4  dither=(-0.11,+0.12,-0.08)
  [24/180] yaw= 29.5 wind=(-2.90, 0.91) speed= 3.0m/s  roll=  7.4 pitch=  6.4  dither=(+0.15,-0.04,-0.09)
  [25/180] yaw= 43.1 wind=(-1.18, 2.64) speed= 2.9m/s  roll= -4.2 pitch=  5.6  dither=(+0.15,-0.03,+0.01)
  [26/180] yaw= 38.8 wind=(-5.04,-7.80) speed= 9.3m/s  roll=  3.4 pitch=-15.2  dither=(-0.08,-0.14,+0.02)
  [27/180] yaw= 41.8 wind=(-0.15,-1.09) speed= 1.1m/s  roll=  2.7 pitch= -4.8  dither=(-0.06,-0.10,+0.07)
  [28/180] yaw= 46.6 wind=(-0.53,-0.79) speed= 1.0m/s  roll= -1.0 pitch= -1.3  dither=(+0.09,-0.11,-0.10)
  [29/180] yaw= 26.0 wind=(-2.06, 4.81) speed= 5.2m/s  roll=  3.7 pitch= -1.1  dither=(+0.06,+0.05,-0.09)
  [30/180] yaw= 25.7 wind=(-1.45, 7.18) speed= 7.3m/s  roll= -7.0 pitch= -1.9  dither=(-0.10,+0.07,+0.09)

============================================================
=== yaw 3/12: 목표 64도로 회전 중 (현재 29.0도) ===
============================================================
  -> yaw 66.8도로 안정화
  [31/180] yaw= 62.4 wind=(-1.84,-3.95) speed= 4.4m/s  roll= -6.6 pitch= -6.5  dither=(-0.12,+0.02,+0.15)
  [32/180] yaw= 58.4 wind=(-1.68, 1.45) speed= 2.2m/s  roll= -5.4 pitch= 13.1  dither=(-0.02,-0.12,+0.01)
  [33/180] yaw= 68.5 wind=( 0.35, 1.08) speed= 1.1m/s  roll=  5.4 pitch=  4.7  dither=(+0.05,+0.06,-0.03)
  [34/180] yaw= 73.1 wind=(-1.67, 2.33) speed= 2.9m/s  roll=  2.0 pitch= -4.5  dither=(+0.01,-0.07,+0.04)
  [35/180] yaw= 65.9 wind=( 4.91,-0.24) speed= 4.9m/s  roll= -9.4 pitch=  1.4  dither=(-0.10,+0.15,+0.03)
  [36/180] yaw= 70.6 wind=(-9.51,-2.95) speed=10.0m/s  roll= -3.6 pitch=-13.0  dither=(-0.03,-0.08,+0.03)
  [37/180] yaw= 58.0 wind=( 0.68, 0.34) speed= 0.8m/s  roll=  3.1 pitch=  1.0  dither=(-0.12,-0.02,+0.15)
  [38/180] yaw= 67.3 wind=( 8.09, 0.59) speed= 8.1m/s  roll=  3.8 pitch= 21.5  dither=(-0.13,+0.11,+0.05)
  [39/180] yaw= 51.7 wind=( 2.68, 4.77) speed= 5.5m/s  roll= -0.9 pitch= 17.6  dither=(+0.08,+0.10,+0.02)
  [40/180] yaw= 54.5 wind=( 3.87, 1.91) speed= 4.3m/s  roll= -5.8 pitch=  1.9  dither=(-0.05,-0.01,-0.03)
  [41/180] yaw= 66.2 wind=(-0.86,-1.79) speed= 2.0m/s  roll=-11.0 pitch=  3.6  dither=(-0.15,-0.02,-0.04)
  [42/180] yaw= 58.6 wind=( 6.50, 2.76) speed= 7.1m/s  roll= -9.7 pitch=  7.9  dither=(-0.10,-0.11,+0.05)
  [43/180] yaw= 62.7 wind=( 0.52, 0.50) speed= 0.7m/s  roll=-16.4 pitch=  4.4  dither=(-0.06,+0.01,+0.06)
  [44/180] yaw= 68.8 wind=(-1.49,-2.09) speed= 2.6m/s  roll= 11.9 pitch= -2.6  dither=(+0.07,-0.06,-0.08)
  [45/180] yaw= 65.0 wind=( 1.03,-6.49) speed= 6.6m/s  roll= -4.1 pitch=  2.6  dither=(+0.06,+0.11,+0.02)

============================================================
=== yaw 4/12: 목표 94도로 회전 중 (현재 64.5도) ===
============================================================
  -> yaw 91.8도로 안정화
  [46/180] yaw= 87.6 wind=( 1.18, 2.32) speed= 2.6m/s  roll=-11.5 pitch=  1.1  dither=(-0.07,-0.06,-0.15)
  [47/180] yaw= 98.4 wind=( 0.80, 4.96) speed= 5.0m/s  roll=  5.4 pitch= -4.6  dither=(+0.02,-0.10,-0.02)
  [48/180] yaw= 98.5 wind=(-4.60,-6.06) speed= 7.6m/s  roll=-11.8 pitch=-12.3  dither=(-0.12,-0.07,-0.06)
  [49/180] yaw= 86.9 wind=(-0.10,-2.53) speed= 2.5m/s  roll= -3.8 pitch= -1.7  dither=(-0.05,-0.03,-0.02)
  [50/180] yaw= 77.2 wind=( 1.43, 8.78) speed= 8.9m/s  roll=  5.5 pitch=  6.9  dither=(-0.11,+0.12,-0.15)
  [51/180] yaw= 95.4 wind=( 0.21,-0.08) speed= 0.2m/s  roll=  5.2 pitch=  9.4  dither=(-0.01,+0.02,+0.06)
  [52/180] yaw= 82.7 wind=(-3.22,-7.24) speed= 7.9m/s  roll=  5.5 pitch= -7.1  dither=(-0.02,-0.01,+0.05)
  [53/180] yaw= 97.5 wind=(-0.04, 0.00) speed= 0.0m/s  roll=  9.3 pitch= -1.8  dither=(+0.07,-0.04,+0.15)
  [54/180] yaw= 92.0 wind=( 1.36,-2.26) speed= 2.6m/s  roll=  1.9 pitch= -4.7  dither=(-0.01,-0.05,-0.12)
  [55/180] yaw=100.5 wind=( 9.95,-0.40) speed=10.0m/s  roll=  1.7 pitch=  9.5  dither=(-0.15,-0.07,+0.15)
  [56/180] yaw= 93.9 wind=( 9.00, 1.94) speed= 9.2m/s  roll=  2.5 pitch= 13.3  dither=(+0.07,+0.10,-0.15)
  [57/180] yaw= 92.6 wind=( 4.08,-8.15) speed= 9.1m/s  roll=  1.0 pitch=  1.3  dither=(+0.08,-0.04,-0.03)
  [58/180] yaw= 77.2 wind=( 0.60,-0.80) speed= 1.0m/s  roll=  8.4 pitch=  1.6  dither=(-0.07,-0.05,-0.06)
  [59/180] yaw=101.5 wind=( 0.60,-0.52) speed= 0.8m/s  roll= -4.4 pitch=  0.8  dither=(+0.12,+0.13,-0.03)
  [60/180] yaw= 96.1 wind=( 1.40,-0.29) speed= 1.4m/s  roll=  5.2 pitch=  4.4  dither=(-0.07,+0.12,-0.09)

============================================================
=== yaw 5/12: 목표 124도로 회전 중 (현재 87.5도) ===
============================================================
  -> yaw 126.4도로 안정화
  [61/180] yaw=114.9 wind=( 0.15,-0.12) speed= 0.2m/s  roll=  7.5 pitch=  0.9  dither=(+0.04,+0.12,-0.14)
  [62/180] yaw=126.5 wind=( 6.56,-2.46) speed= 7.0m/s  roll= -4.3 pitch= -2.4  dither=(+0.07,-0.02,-0.08)
  [63/180] yaw=110.9 wind=(-9.73,-2.23) speed=10.0m/s  roll= -0.4 pitch=-22.6  dither=(-0.03,-0.15,-0.02)
  [64/180] yaw=134.2 wind=(-7.48,-0.74) speed= 7.5m/s  roll= -3.6 pitch= -3.1  dither=(-0.15,-0.05,-0.02)
  [65/180] yaw=128.4 wind=(-7.95, 0.91) speed= 8.0m/s  roll= -6.1 pitch=  0.7  dither=(+0.05,-0.13,-0.11)
  [66/180] yaw=127.4 wind=(-0.74,-3.64) speed= 3.7m/s  roll=-11.8 pitch=  7.2  dither=(-0.01,+0.06,-0.02)
  [67/180] yaw=121.6 wind=(-1.44, 2.86) speed= 3.2m/s  roll=  8.9 pitch=  2.9  dither=(-0.01,+0.06,-0.15)
  [68/180] yaw=137.0 wind=( 4.52,-1.93) speed= 4.9m/s  roll= -6.7 pitch= 12.9  dither=(-0.15,+0.05,+0.12)
  [69/180] yaw=127.8 wind=(-1.02,-2.10) speed= 2.3m/s  roll= -2.0 pitch=  4.5  dither=(+0.15,-0.15,+0.15)
  [70/180] yaw=126.7 wind=(-7.74,-1.50) speed= 7.9m/s  roll=-10.9 pitch= -7.3  dither=(-0.06,+0.10,+0.01)
  [71/180] yaw=124.4 wind=( 1.75,-3.49) speed= 3.9m/s  roll= -6.7 pitch=  6.6  dither=(+0.01,+0.05,-0.06)
  [72/180] yaw=135.1 wind=( 0.08, 0.40) speed= 0.4m/s  roll= -7.4 pitch=  0.6  dither=(-0.06,-0.01,+0.11)
  [73/180] yaw=120.6 wind=(-0.13,-1.04) speed= 1.0m/s  roll=-13.3 pitch=  5.9  dither=(-0.02,+0.15,-0.14)
  [74/180] yaw=135.0 wind=(-0.61, 0.85) speed= 1.0m/s  roll=  8.0 pitch=  0.1  dither=(+0.04,-0.07,+0.09)
  [75/180] yaw=119.3 wind=( 3.43, 7.42) speed= 8.2m/s  roll= -0.6 pitch= 12.9  dither=(-0.15,+0.10,+0.03)

============================================================
=== yaw 6/12: 목표 154도로 회전 중 (현재 118.3도) ===
============================================================
  -> yaw 151.5도로 안정화
  [76/180] yaw=154.2 wind=( 1.52,-3.16) speed= 3.5m/s  roll= -5.8 pitch=  2.2  dither=(+0.03,-0.15,+0.06)
  [77/180] yaw=162.4 wind=(-6.30,-3.79) speed= 7.4m/s  roll=-17.0 pitch= -0.9  dither=(-0.10,-0.02,-0.03)
  [78/180] yaw=155.4 wind=(-2.63,-1.25) speed= 2.9m/s  roll=  9.6 pitch=  9.6  dither=(-0.07,+0.09,+0.01)
  [79/180] yaw=154.1 wind=( 4.62, 3.90) speed= 6.0m/s  roll= -4.1 pitch= -1.2  dither=(-0.02,+0.08,+0.08)
  [80/180] yaw=151.5 wind=(-1.99,-8.13) speed= 8.4m/s  roll= -1.1 pitch= -7.2  dither=(+0.04,-0.01,+0.11)
  [81/180] yaw=144.3 wind=(-2.51, 7.49) speed= 7.9m/s  roll= 10.0 pitch= -1.1  dither=(-0.15,-0.09,+0.05)
  [82/180] yaw=167.6 wind=(-1.19,-4.27) speed= 4.4m/s  roll=  8.4 pitch= -1.0  dither=(+0.15,+0.13,+0.06)
  [83/180] yaw=165.2 wind=( 0.10, 0.04) speed= 0.1m/s  roll= -7.7 pitch= -2.4  dither=(-0.03,+0.08,+0.08)
  [84/180] yaw=156.1 wind=(-8.13,-4.46) speed= 9.3m/s  roll=-12.2 pitch=  5.6  dither=(+0.07,+0.01,+0.13)
  [85/180] yaw=150.3 wind=(-2.69,-4.56) speed= 5.3m/s  roll=-12.8 pitch=  5.8  dither=(-0.09,+0.15,+0.07)
  [86/180] yaw=151.5 wind=(-6.89, 0.41) speed= 6.9m/s  roll=-12.7 pitch= -1.3  dither=(-0.00,-0.15,+0.03)
  [87/180] yaw=155.8 wind=(-1.48, 1.24) speed= 1.9m/s  roll= -2.2 pitch=  4.0  dither=(+0.15,+0.11,+0.13)
  [88/180] yaw=150.7 wind=(-0.84, 0.75) speed= 1.1m/s  roll= 14.5 pitch= -9.1  dither=(+0.11,+0.01,-0.00)
  [89/180] yaw=153.7 wind=( 0.01, 0.01) speed= 0.0m/s  roll= -6.0 pitch= -9.9  dither=(-0.03,-0.09,-0.14)
  [90/180] yaw=167.7 wind=( 0.51, 2.15) speed= 2.2m/s  roll=-10.0 pitch= -3.4  dither=(-0.09,-0.06,+0.15)

============================================================
=== yaw 7/12: 목표 184도로 회전 중 (현재 153.4도) ===
============================================================
  -> yaw -178.3도로 안정화
  [91/180] yaw=-170.8 wind=( 0.17, 1.69) speed= 1.7m/s  roll= -8.4 pitch=-12.2  dither=(+0.10,-0.14,-0.05)
  [92/180] yaw=179.3 wind=( 7.39,-4.43) speed= 8.6m/s  roll=  2.8 pitch=  1.0  dither=(+0.08,-0.06,+0.11)
  [93/180] yaw=-168.0 wind=(-4.04,-6.45) speed= 7.6m/s  roll=  9.4 pitch=  6.7  dither=(+0.00,-0.04,+0.15)
  [94/180] yaw=-169.3 wind=(-1.50, 5.68) speed= 5.9m/s  roll=  6.5 pitch=  0.6  dither=(+0.05,+0.14,+0.05)
  [95/180] yaw=179.6 wind=( 2.41, 1.70) speed= 2.9m/s  roll= 11.5 pitch= -4.4  dither=(+0.09,-0.02,+0.10)
  [96/180] yaw=179.6 wind=( 4.63, 2.10) speed= 5.1m/s  roll=  5.2 pitch=  8.4  dither=(+0.06,+0.10,+0.07)
  [97/180] yaw=179.6 wind=(-2.36, 4.59) speed= 5.2m/s  roll= -0.7 pitch= -3.3  dither=(-0.15,-0.15,-0.06)
  [98/180] yaw=179.5 wind=( 2.65, 2.29) speed= 3.5m/s  roll= -3.5 pitch= -2.6  dither=(-0.07,+0.07,-0.15)
  [99/180] yaw=-174.9 wind=( 9.51,-1.70) speed= 9.7m/s  roll= 11.9 pitch= -6.2  dither=(-0.10,-0.09,-0.15)
  [100/180] yaw=176.1 wind=( 8.26, 0.69) speed= 8.3m/s  roll=  1.8 pitch= -2.9  dither=(-0.01,+0.03,-0.06)
  [101/180] yaw=-173.7 wind=( 2.80,-4.78) speed= 5.5m/s  roll=  2.9 pitch= 10.7  dither=(+0.13,+0.12,+0.07)
  [102/180] yaw=-173.6 wind=(-4.51,-0.61) speed= 4.6m/s  roll=  2.4 pitch= -0.7  dither=(-0.06,-0.13,+0.14)
  [103/180] yaw=-165.4 wind=( 2.44, 3.08) speed= 3.9m/s  roll= -4.2 pitch= -8.7  dither=(+0.15,+0.02,+0.04)
  [104/180] yaw=174.6 wind=(-1.61, 0.73) speed= 1.8m/s  roll=  3.7 pitch= -7.9  dither=(+0.09,-0.06,-0.15)
  [105/180] yaw=-170.3 wind=( 0.18,-0.37) speed= 0.4m/s  roll= -0.5 pitch= -4.3  dither=(+0.02,+0.12,+0.05)

============================================================
=== yaw 8/12: 목표 214도로 회전 중 (현재 179.8도) ===
============================================================
  -> yaw -148.8도로 안정화
  [106/180] yaw=-147.6 wind=(-2.85,-3.53) speed= 4.5m/s  roll=  7.7 pitch=  3.5  dither=(-0.05,+0.11,-0.00)
  [107/180] yaw=-148.1 wind=(-4.35, 6.54) speed= 7.9m/s  roll=-10.8 pitch= -4.1  dither=(-0.06,-0.15,-0.08)
  [108/180] yaw=-144.2 wind=(-1.29, 1.80) speed= 2.2m/s  roll= -3.7 pitch= -1.2  dither=(-0.15,-0.00,-0.04)
  [109/180] yaw=-142.8 wind=( 2.74, 5.21) speed= 5.9m/s  roll= -9.6 pitch=  3.2  dither=(+0.15,+0.12,+0.02)
  [110/180] yaw=-149.4 wind=( 6.70, 5.90) speed= 8.9m/s  roll= -2.4 pitch= -3.7  dither=(-0.05,+0.12,-0.12)
  [111/180] yaw=-142.5 wind=( 8.69, 2.77) speed= 9.1m/s  roll=  0.9 pitch=-21.1  dither=(+0.03,-0.14,-0.04)
  [112/180] yaw=-136.3 wind=( 1.68,-3.13) speed= 3.6m/s  roll= 11.0 pitch=  0.3  dither=(+0.07,-0.04,+0.06)
  [113/180] yaw=-153.7 wind=( 2.39, 1.21) speed= 2.7m/s  roll= -2.4 pitch= -2.4  dither=(-0.03,+0.14,+0.15)
  [114/180] yaw=-144.7 wind=(-0.60,-0.58) speed= 0.8m/s  roll= -8.6 pitch=  0.7  dither=(-0.10,+0.07,-0.10)
  [115/180] yaw=-143.1 wind=( 1.03,-1.77) speed= 2.0m/s  roll= -1.8 pitch=  2.4  dither=(-0.09,-0.08,-0.15)
  [116/180] yaw=-149.6 wind=(-1.22, 8.61) speed= 8.7m/s  roll=  2.2 pitch= -0.5  dither=(+0.10,+0.07,+0.08)
  [117/180] yaw=-147.8 wind=( 4.79, 6.44) speed= 8.0m/s  roll= -3.4 pitch= -6.5  dither=(+0.10,+0.14,-0.10)
  [118/180] yaw=-144.8 wind=( 8.09, 4.54) speed= 9.3m/s  roll= -2.0 pitch= -6.3  dither=(+0.06,-0.11,+0.09)
  [119/180] yaw=-145.5 wind=( 8.35, 0.19) speed= 8.4m/s  roll= 16.1 pitch=  1.0  dither=(-0.06,+0.06,+0.12)
  [120/180] yaw=-148.0 wind=(-8.15, 0.52) speed= 8.2m/s  roll=  7.4 pitch=  8.5  dither=(+0.08,+0.06,-0.15)

============================================================
=== yaw 9/12: 목표 244도로 회전 중 (현재 -140.0도) ===
============================================================
  -> yaw -116.6도로 안정화
  [121/180] yaw=-122.5 wind=(-1.88, 4.65) speed= 5.0m/s  roll= -0.8 pitch= 13.2  dither=(+0.11,-0.07,-0.12)
  [122/180] yaw=-112.5 wind=( 4.76,-3.66) speed= 6.0m/s  roll=  1.1 pitch=-12.4  dither=(-0.08,-0.01,+0.12)
  [123/180] yaw=-121.8 wind=( 2.13, 1.23) speed= 2.5m/s  roll= -2.3 pitch=-11.7  dither=(-0.05,-0.07,-0.12)
  [124/180] yaw=-115.9 wind=(-3.06,-5.43) speed= 6.2m/s  roll=  7.9 pitch= -2.1  dither=(+0.02,+0.02,-0.14)
  [125/180] yaw=-119.1 wind=(-4.14,-3.83) speed= 5.6m/s  roll= 12.7 pitch=  6.5  dither=(+0.01,+0.00,-0.15)
  [126/180] yaw=-118.4 wind=(-1.20, 0.64) speed= 1.4m/s  roll=  0.2 pitch= -5.3  dither=(-0.10,+0.05,-0.02)
  [127/180] yaw=-117.1 wind=( 3.79,-4.67) speed= 6.0m/s  roll=  0.2 pitch=  0.7  dither=(+0.11,-0.00,+0.08)
  [128/180] yaw=-119.6 wind=( 6.89, 3.87) speed= 7.9m/s  roll=  4.5 pitch=  1.1  dither=(-0.00,+0.06,-0.15)
  [129/180] yaw=-100.2 wind=( 5.31,-0.93) speed= 5.4m/s  roll= -0.6 pitch=-10.8  dither=(+0.04,+0.04,+0.01)
  [130/180] yaw=-125.3 wind=( 0.97,-2.67) speed= 2.8m/s  roll= 19.4 pitch=  4.3  dither=(+0.10,-0.08,-0.02)
  [131/180] yaw=-111.5 wind=(-2.96,-1.70) speed= 3.4m/s  roll=  2.1 pitch= -2.4  dither=(-0.12,+0.07,+0.11)
  [132/180] yaw=-126.2 wind=(-6.23, 1.52) speed= 6.4m/s  roll= -0.1 pitch= -6.9  dither=(-0.04,-0.07,+0.12)
  [133/180] yaw=-116.2 wind=(-2.97, 0.79) speed= 3.1m/s  roll= -1.7 pitch=  9.7  dither=(+0.05,+0.10,-0.14)
  [134/180] yaw=-119.1 wind=(-0.68, 0.54) speed= 0.9m/s  roll= -4.5 pitch= -4.0  dither=(+0.02,-0.10,+0.00)
  [135/180] yaw=-112.0 wind=( 4.15, 8.91) speed= 9.8m/s  roll=-20.1 pitch=  3.2  dither=(-0.08,-0.01,+0.03)

============================================================
=== yaw 10/12: 목표 274도로 회전 중 (현재 -116.2도) ===
============================================================
  -> yaw -83.2도로 안정화
  [136/180] yaw=-77.5 wind=( 1.70,-8.04) speed= 8.2m/s  roll= -6.2 pitch=-14.0  dither=(-0.07,-0.01,+0.02)
  [137/180] yaw=-78.3 wind=( 1.01, 0.04) speed= 1.0m/s  roll=  1.4 pitch= -0.4  dither=(+0.07,-0.06,+0.13)
  [138/180] yaw=-93.2 wind=( 4.36,-2.49) speed= 5.0m/s  roll= 15.9 pitch= -0.3  dither=(+0.04,-0.05,-0.02)
  [139/180] yaw=-86.2 wind=( 0.79, 0.01) speed= 0.8m/s  roll=  0.6 pitch= -7.2  dither=(-0.14,-0.08,+0.04)
  [140/180] yaw=-87.0 wind=( 1.12,-2.56) speed= 2.8m/s  roll= -1.3 pitch=  5.9  dither=(+0.15,-0.15,+0.05)
  [141/180] yaw=-79.6 wind=(-0.14, 1.57) speed= 1.6m/s  roll= -3.7 pitch= -0.4  dither=(-0.01,-0.08,+0.07)
  [142/180] yaw=-93.9 wind=( 4.93, 3.20) speed= 5.9m/s  roll= -0.3 pitch=  8.7  dither=(-0.12,+0.05,+0.05)
  [143/180] yaw=-83.1 wind=(-7.60,-1.27) speed= 7.7m/s  roll=  0.4 pitch= 10.3  dither=(+0.07,+0.03,-0.05)
  [144/180] yaw=-68.7 wind=(-3.99,-1.30) speed= 4.2m/s  roll=  0.0 pitch=  2.9  dither=(-0.04,+0.07,+0.11)
  [145/180] yaw=-90.2 wind=( 1.16,-4.34) speed= 4.5m/s  roll=  1.1 pitch= -3.5  dither=(+0.03,-0.07,-0.05)
  [146/180] yaw=-86.1 wind=( 4.19, 4.36) speed= 6.0m/s  roll= 11.1 pitch=  6.0  dither=(+0.10,-0.06,-0.05)
  [147/180] yaw=-86.9 wind=( 1.26,-3.83) speed= 4.0m/s  roll= -6.4 pitch=  1.0  dither=(+0.04,+0.10,-0.01)
  [148/180] yaw=-83.1 wind=(-1.46, 4.05) speed= 4.3m/s  roll=  3.7 pitch=  2.2  dither=(+0.12,-0.15,-0.01)
  [149/180] yaw=-81.8 wind=( 3.45,-0.11) speed= 3.4m/s  roll=-11.8 pitch=  2.1  dither=(-0.05,+0.14,+0.00)
  [150/180] yaw=-91.7 wind=(-7.99, 3.80) speed= 8.9m/s  roll= -4.3 pitch=  5.6  dither=(-0.00,+0.03,-0.11)

============================================================
=== yaw 11/12: 목표 304도로 회전 중 (현재 -86.3도) ===
============================================================
  -> yaw -56.1도로 안정화
  [151/180] yaw=-45.3 wind=( 0.09, 0.79) speed= 0.8m/s  roll=  3.4 pitch=  2.8  dither=(+0.02,+0.04,-0.00)
  [152/180] yaw=-68.2 wind=(-2.54, 2.80) speed= 3.8m/s  roll= -2.8 pitch=  5.3  dither=(+0.10,-0.14,-0.13)
  [153/180] yaw=-66.8 wind=(-1.16,-5.79) speed= 5.9m/s  roll=  4.0 pitch= 10.5  dither=(+0.05,+0.15,-0.05)
  [154/180] yaw=-66.4 wind=(-2.20, 2.75) speed= 3.5m/s  roll=  0.5 pitch=  4.6  dither=(-0.06,-0.04,-0.06)
  [155/180] yaw=-55.3 wind=(-1.09, 3.16) speed= 3.3m/s  roll= -1.7 pitch=  3.2  dither=(+0.03,+0.09,+0.07)
  [156/180] yaw=-56.5 wind=(-8.60, 1.15) speed= 8.7m/s  roll=  4.2 pitch= -3.2  dither=(+0.09,-0.09,+0.01)
  [157/180] yaw=-57.1 wind=(-3.76,-2.07) speed= 4.3m/s  roll=  6.4 pitch= -0.4  dither=(-0.00,+0.11,-0.10)
  [158/180] yaw=-63.9 wind=(-5.21, 4.39) speed= 6.8m/s  roll=  3.5 pitch=  4.4  dither=(-0.04,-0.06,+0.10)
  [159/180] yaw=-47.4 wind=( 2.87, 7.57) speed= 8.1m/s  roll= -0.2 pitch= -3.2  dither=(-0.13,+0.01,-0.10)
  [160/180] yaw=-55.7 wind=( 4.32, 1.57) speed= 4.6m/s  roll= -1.1 pitch=  0.3  dither=(+0.09,-0.02,+0.09)
  [161/180] yaw=-56.2 wind=(-4.63,-6.64) speed= 8.1m/s  roll= 12.8 pitch=  0.1  dither=(+0.10,-0.08,-0.01)
  [162/180] yaw=-59.9 wind=( 2.40,-0.32) speed= 2.4m/s  roll= -1.4 pitch=  2.1  dither=(-0.02,+0.11,+0.13)
  [163/180] yaw=-44.4 wind=(-0.68,-0.13) speed= 0.7m/s  roll= -3.9 pitch= -7.0  dither=(+0.02,-0.05,+0.14)
  [164/180] yaw=-52.2 wind=(-1.69,-1.84) speed= 2.5m/s  roll= -4.4 pitch=  0.4  dither=(-0.13,+0.03,+0.08)
  [165/180] yaw=-50.6 wind=( 9.57,-0.86) speed= 9.6m/s  roll= -2.2 pitch= -1.1  dither=(+0.08,+0.08,-0.12)

============================================================
=== yaw 12/12: 목표 334도로 회전 중 (현재 -52.4도) ===
============================================================
  -> yaw -27.6도로 안정화
  [166/180] yaw=-32.4 wind=(-4.66, 0.49) speed= 4.7m/s  roll=  6.7 pitch=  3.3  dither=(-0.07,+0.01,+0.02)
  [167/180] yaw=-28.4 wind=( 8.84, 1.40) speed= 9.0m/s  roll= -9.8 pitch= -4.2  dither=(+0.04,+0.07,-0.11)
  [168/180] yaw=-32.0 wind=(-4.78, 3.78) speed= 6.1m/s  roll=-14.0 pitch= 17.1  dither=(-0.03,+0.15,-0.05)
  [169/180] yaw=-26.7 wind=( 7.64, 3.56) speed= 8.4m/s  roll= -2.9 pitch= -7.6  dither=(+0.05,+0.02,-0.02)
  [170/180] yaw=-32.9 wind=( 1.27,-1.93) speed= 2.3m/s  roll= -4.2 pitch= -7.1  dither=(-0.02,-0.07,+0.02)
  [171/180] yaw=-14.1 wind=(-0.30,-5.61) speed= 5.6m/s  roll=  6.3 pitch= -4.3  dither=(+0.01,+0.06,+0.04)
  [172/180] yaw=-25.5 wind=(-2.99, 1.25) speed= 3.2m/s  roll= -0.1 pitch=  6.3  dither=(-0.11,+0.03,-0.12)
  [173/180] yaw=-20.3 wind=(-4.08,-3.88) speed= 5.6m/s  roll=  0.3 pitch= -3.6  dither=(+0.05,+0.08,+0.01)
  [174/180] yaw=-18.0 wind=( 0.58,-6.40) speed= 6.4m/s  roll= -5.3 pitch=  9.7  dither=(-0.03,-0.10,+0.01)
  [175/180] yaw=-18.9 wind=(-0.76,-0.80) speed= 1.1m/s  roll=  1.3 pitch=  0.1  dither=(+0.15,-0.10,+0.00)
  [176/180] yaw=-41.3 wind=( 4.05,-1.92) speed= 4.5m/s  roll= -1.0 pitch=  2.8  dither=(-0.13,-0.06,-0.07)
  [177/180] yaw=-27.2 wind=( 6.75, 1.74) speed= 7.0m/s  roll= -3.7 pitch= -1.5  dither=(+0.09,+0.15,-0.12)
  [178/180] yaw=-33.8 wind=(-0.22, 0.16) speed= 0.3m/s  roll= -2.8 pitch= -1.9  dither=(+0.09,-0.02,+0.03)
  [179/180] yaw=-33.3 wind=(-7.90, 2.81) speed= 8.4m/s  roll= -5.0 pitch=  0.2  dither=(-0.15,+0.14,+0.15)
  [180/180] yaw=-38.8 wind=( 3.69,-0.11) speed= 3.7m/s  roll= -3.8 pitch=  4.6  dither=(-0.03,+0.11,-0.10)

데이터 수집 완료. CSV 저장됨: ../../logs/wind_random_dither_20260816_024549_yaw4p0_n12x15_speed0-10_seed3042.csv
[송신 간격 통계] 목표=50ms  평균=50.0ms  최대=64.7ms  임계치 초과=0/65202

--- Offboard 종료 ---

--- Landing ---
-> 착륙 완료 및 디스암 확인

무작위 바람+토크 더더링 데이터 수집 완료.
  [수집] 세션 3 완료 (시도 1/3)
  [그래프] /home/ssh2003/MyProjects/quad-pinn-project/logs/wind_random_dither_20260816_024549_yaw4p0_n12x15_speed0-10_seed3042.csv 요약 PNG 생성 중...
    findfont: Failed to find font weight normal, now using 100.
    /home/ssh2003/MyProjects/quad-pinn-project/sim_scripts/data_collection/plot_session_grid.py:106: UserWarning: This figure includes Axes that are not compatible with tight_layout, so results might be incorrect.
      fig.tight_layout(rect=[0, 0, 0.92, 0.94])
    findfont: Failed to find font weight normal, now using 100.
    findfont: Failed to find font weight normal, now using 100.
    findfont: Failed to find font weight normal, now using 100.
    findfont: Failed to find font weight normal, now using 100.
    저장됨: /home/ssh2003/MyProjects/quad-pinn-project/figures/wind_random_20260816_015012_n12x15_td15/session_wind_random_dither_20260816_024549_yaw4p0_n12x15_speed0-10_seed3042.png

############################################################
# 세션 4/15
############################################################
  [SITL] 기존 프로세스 정리 중 (정상종료 시도)...
Terminated
  [SITL] 강제 정리 (남아있는 프로세스 있으면)...
  [SITL] 재시작 중...
  [SITL] px4 프로세스 감지됨 (1s). 안정화 대기 15s...
  [수집] 시작 (seed=4042, yaw-offset=6.000도, 시도 1/3, 타임아웃 4196초)
PX4 SITL에 연결 시도 중...
-> 드론에 연결됨!
GPS/홈 위치 확인 중...
Traceback (most recent call last):
  File "/home/ssh2003/MyProjects/quad-pinn-project/sim_scripts/data_collection/wind_random_dither_sweep.py", line 133, in _preflight
    async for health in drone.telemetry.health():
  File "/home/ssh2003/miniconda3/envs/px4sim/lib/python3.10/site-packages/mavsdk/telemetry.py", line 3584, in health
    async for response in health_stream:
  File "/home/ssh2003/miniconda3/envs/px4sim/lib/python3.10/site-packages/grpc/aio/_call.py", line 363, in _fetch_stream_responses
    message = await self._read()
  File "/home/ssh2003/miniconda3/envs/px4sim/lib/python3.10/site-packages/grpc/aio/_call.py", line 380, in _read
    raw_response = await self._cython_call.receive_serialized_message()
  File "src/python/grpcio/grpc/_cython/_cygrpc/aio/call.pyx.pxi", line 392, in receive_serialized_message
  File "src/python/grpcio/grpc/_cython/_cygrpc/aio/callback_common.pyx.pxi", line 126, in _receive_message
  File "src/python/grpcio/grpc/_cython/_cygrpc/aio/callback_common.pyx.pxi", line 99, in execute_batch
asyncio.exceptions.CancelledError

During handling of the above exception, another exception occurred:

Traceback (most recent call last):
  File "/home/ssh2003/miniconda3/envs/px4sim/lib/python3.10/asyncio/tasks.py", line 456, in wait_for
    return fut.result()
asyncio.exceptions.CancelledError

The above exception was the direct cause of the following exception:

Traceback (most recent call last):
  File "/home/ssh2003/MyProjects/quad-pinn-project/sim_scripts/data_collection/wind_random_dither_sweep.py", line 287, in run
    dither_task) = await asyncio.wait_for(_preflight(drone), timeout=PREFLIGHT_TIMEOUT_S)
  File "/home/ssh2003/miniconda3/envs/px4sim/lib/python3.10/asyncio/tasks.py", line 458, in wait_for
    raise exceptions.TimeoutError() from exc
asyncio.exceptions.TimeoutError

During handling of the above exception, another exception occurred:

Traceback (most recent call last):
  File "/home/ssh2003/MyProjects/quad-pinn-project/sim_scripts/data_collection/wind_random_dither_sweep.py", line 441, in <module>
    asyncio.run(run())
  File "/home/ssh2003/miniconda3/envs/px4sim/lib/python3.10/asyncio/runners.py", line 44, in run
    return loop.run_until_complete(main)
  File "/home/ssh2003/miniconda3/envs/px4sim/lib/python3.10/asyncio/base_events.py", line 649, in run_until_complete
    return future.result()
  File "/home/ssh2003/MyProjects/quad-pinn-project/sim_scripts/data_collection/wind_random_dither_sweep.py", line 289, in run
    raise RuntimeError(
RuntimeError: 이륙 준비(연결~offboard 시작)가 90초를 넘음 (SITL 재시작 문제 가능성)
  [수집] 세션 4 시도 1/3 실패 (exit code 1)
  [SITL] 기존 프로세스 정리 중 (정상종료 시도)...
Terminated
  [SITL] 강제 정리 (남아있는 프로세스 있으면)...
  [SITL] 재시작 중...
  [SITL] px4 프로세스 감지됨 (1s). 안정화 대기 15s...
  [수집] 시작 (seed=4042, yaw-offset=6.000도, 시도 2/3, 타임아웃 4196초)
PX4 SITL에 연결 시도 중...
-> 드론에 연결됨!
GPS/홈 위치 확인 중...
Traceback (most recent call last):
  File "/home/ssh2003/MyProjects/quad-pinn-project/sim_scripts/data_collection/wind_random_dither_sweep.py", line 133, in _preflight
    async for health in drone.telemetry.health():
  File "/home/ssh2003/miniconda3/envs/px4sim/lib/python3.10/site-packages/mavsdk/telemetry.py", line 3584, in health
    async for response in health_stream:
  File "/home/ssh2003/miniconda3/envs/px4sim/lib/python3.10/site-packages/grpc/aio/_call.py", line 363, in _fetch_stream_responses
    message = await self._read()
  File "/home/ssh2003/miniconda3/envs/px4sim/lib/python3.10/site-packages/grpc/aio/_call.py", line 380, in _read
    raw_response = await self._cython_call.receive_serialized_message()
  File "src/python/grpcio/grpc/_cython/_cygrpc/aio/call.pyx.pxi", line 392, in receive_serialized_message
  File "src/python/grpcio/grpc/_cython/_cygrpc/aio/callback_common.pyx.pxi", line 126, in _receive_message
  File "src/python/grpcio/grpc/_cython/_cygrpc/aio/callback_common.pyx.pxi", line 99, in execute_batch
asyncio.exceptions.CancelledError

During handling of the above exception, another exception occurred:

Traceback (most recent call last):
  File "/home/ssh2003/miniconda3/envs/px4sim/lib/python3.10/asyncio/tasks.py", line 456, in wait_for
    return fut.result()
asyncio.exceptions.CancelledError

The above exception was the direct cause of the following exception:

Traceback (most recent call last):
  File "/home/ssh2003/MyProjects/quad-pinn-project/sim_scripts/data_collection/wind_random_dither_sweep.py", line 287, in run
    dither_task) = await asyncio.wait_for(_preflight(drone), timeout=PREFLIGHT_TIMEOUT_S)
  File "/home/ssh2003/miniconda3/envs/px4sim/lib/python3.10/asyncio/tasks.py", line 458, in wait_for
    raise exceptions.TimeoutError() from exc
asyncio.exceptions.TimeoutError

During handling of the above exception, another exception occurred:

Traceback (most recent call last):
  File "/home/ssh2003/MyProjects/quad-pinn-project/sim_scripts/data_collection/wind_random_dither_sweep.py", line 441, in <module>
    asyncio.run(run())
  File "/home/ssh2003/miniconda3/envs/px4sim/lib/python3.10/asyncio/runners.py", line 44, in run
    return loop.run_until_complete(main)
  File "/home/ssh2003/miniconda3/envs/px4sim/lib/python3.10/asyncio/base_events.py", line 649, in run_until_complete
    return future.result()
  File "/home/ssh2003/MyProjects/quad-pinn-project/sim_scripts/data_collection/wind_random_dither_sweep.py", line 289, in run
    raise RuntimeError(
RuntimeError: 이륙 준비(연결~offboard 시작)가 90초를 넘음 (SITL 재시작 문제 가능성)
  [수집] 세션 4 시도 2/3 실패 (exit code 1)
  [SITL] 기존 프로세스 정리 중 (정상종료 시도)...
Terminated
  [SITL] 강제 정리 (남아있는 프로세스 있으면)...
  [SITL] 재시작 중...
  [SITL] px4 프로세스 감지됨 (1s). 안정화 대기 15s...
  [수집] 시작 (seed=4042, yaw-offset=6.000도, 시도 3/3, 타임아웃 4196초)
PX4 SITL에 연결 시도 중...
-> 드론에 연결됨!
GPS/홈 위치 확인 중...
Traceback (most recent call last):
  File "/home/ssh2003/MyProjects/quad-pinn-project/sim_scripts/data_collection/wind_random_dither_sweep.py", line 133, in _preflight
    async for health in drone.telemetry.health():
  File "/home/ssh2003/miniconda3/envs/px4sim/lib/python3.10/site-packages/mavsdk/telemetry.py", line 3584, in health
    async for response in health_stream:
  File "/home/ssh2003/miniconda3/envs/px4sim/lib/python3.10/site-packages/grpc/aio/_call.py", line 363, in _fetch_stream_responses
    message = await self._read()
  File "/home/ssh2003/miniconda3/envs/px4sim/lib/python3.10/site-packages/grpc/aio/_call.py", line 380, in _read
    raw_response = await self._cython_call.receive_serialized_message()
  File "src/python/grpcio/grpc/_cython/_cygrpc/aio/call.pyx.pxi", line 392, in receive_serialized_message
  File "src/python/grpcio/grpc/_cython/_cygrpc/aio/callback_common.pyx.pxi", line 126, in _receive_message
  File "src/python/grpcio/grpc/_cython/_cygrpc/aio/callback_common.pyx.pxi", line 99, in execute_batch
asyncio.exceptions.CancelledError

During handling of the above exception, another exception occurred:

Traceback (most recent call last):
  File "/home/ssh2003/miniconda3/envs/px4sim/lib/python3.10/asyncio/tasks.py", line 456, in wait_for
    return fut.result()
asyncio.exceptions.CancelledError

The above exception was the direct cause of the following exception:

Traceback (most recent call last):
  File "/home/ssh2003/MyProjects/quad-pinn-project/sim_scripts/data_collection/wind_random_dither_sweep.py", line 287, in run
    dither_task) = await asyncio.wait_for(_preflight(drone), timeout=PREFLIGHT_TIMEOUT_S)
  File "/home/ssh2003/miniconda3/envs/px4sim/lib/python3.10/asyncio/tasks.py", line 458, in wait_for
    raise exceptions.TimeoutError() from exc
asyncio.exceptions.TimeoutError

During handling of the above exception, another exception occurred:

Traceback (most recent call last):
  File "/home/ssh2003/MyProjects/quad-pinn-project/sim_scripts/data_collection/wind_random_dither_sweep.py", line 441, in <module>
    asyncio.run(run())
  File "/home/ssh2003/miniconda3/envs/px4sim/lib/python3.10/asyncio/runners.py", line 44, in run
    return loop.run_until_complete(main)
  File "/home/ssh2003/miniconda3/envs/px4sim/lib/python3.10/asyncio/base_events.py", line 649, in run_until_complete
    return future.result()
  File "/home/ssh2003/MyProjects/quad-pinn-project/sim_scripts/data_collection/wind_random_dither_sweep.py", line 289, in run
    raise RuntimeError(
RuntimeError: 이륙 준비(연결~offboard 시작)가 90초를 넘음 (SITL 재시작 문제 가능성)
  [수집] 세션 4 시도 3/3 실패 (exit code 1)
  [수집] 세션 4 최종 실패 (3회 모두 실패) - 다음 세션으로 계속 진행

############################################################
# 세션 5/15
############################################################
  [SITL] 기존 프로세스 정리 중 (정상종료 시도)...
Terminated
  [SITL] 강제 정리 (남아있는 프로세스 있으면)...
  [SITL] 재시작 중...
  [SITL] px4 프로세스 감지됨 (1s). 안정화 대기 15s...
  [수집] 시작 (seed=5042, yaw-offset=8.000도, 시도 1/3, 타임아웃 4196초)
PX4 SITL에 연결 시도 중...
-> 드론에 연결됨!
GPS/홈 위치 확인 중...
