=== 세션 15개, 세션당 yaw 12 x 방향당 15 = 180조건 (조건당 관측 15초) ===
=== 총 예상 조건 수: 2700 ===
=== 세션들을 합친 yaw 해상도: 180지점 (2.00도 간격) ===
=== 예상 총 소요시간: 약 13.4시간 (대략적인 추정치) ===
=== 세션당 강제종료 타임아웃: 4196초 ===
=== 그래프 저장 폴더: /home/ssh2003/MyProjects/quad-pinn-project/figures/wind_random_20260816_002723_n12x15_td15 ===

############################################################
# 세션 1/15
############################################################
  [SITL] 기존 프로세스 정리 중 (정상종료 시도)...
  [SITL] 강제 정리 (남아있는 프로세스 있으면)...
  [SITL] 재시작 중...
  [SITL] px4 프로세스 감지됨 (1s). 안정화 대기 15s...
  [수집] 시작 (seed=1042, yaw-offset=0.000도, 시도 1/3, 타임아웃 4196초)
PX4 SITL에 연결 시도 중...
-> 드론에 연결됨!
GPS/홈 위치 확인 중...
-> 전역 위치 및 홈 위치 준비 완료

[확인] PX4 SITL이 'windy' 월드로 실행 중인지 확인할 것.

--- Arming ---
-> Armed

--- Takeoff ---
  안전 고도(1.5m) 도달 대기 중...
  -> 안전 고도 도달 (relative_altitude=1.51m)

--- Offboard 진입 준비: 초기 setpoint(현재 위치 고정) 전송 ---

--- Offboard 모드 시작 ---

CSV 로그 저장 경로: ../../logs/wind_random_dither_20260816_002751_yaw0p0_n12x15_speed0-10_seed1042.csv
더더링: OU 프로세스 tau=0.3s sigma=0.1 clamp=±0.15

yaw 12방향(offset=0.0도) x 방향당 바람조건 15개 = 총 180개 수집 시작 (조건당 15초, 예상 총 소요 51.0분 + yaw 회전 시간)

============================================================
=== yaw 1/12: 목표 0도로 회전 중 (현재 90.8도) ===
============================================================
  -> yaw -0.2도로 안정화
  [1/180] yaw=-15.1 wind=(-1.53, 1.97) speed= 2.5m/s  roll= 10.6 pitch=  7.6  dither=(+0.11,-0.07,-0.10)
  [2/180] yaw=  1.8 wind=( 7.00,-6.20) speed= 9.4m/s  roll= -7.7 pitch= -5.7  dither=(+0.09,-0.13,+0.15)
  [3/180] yaw= 14.1 wind=( 4.89,-0.09) speed= 4.9m/s  roll= -6.5 pitch=  1.3  dither=(-0.10,-0.00,-0.05)
  [4/180] yaw=  3.5 wind=(-7.54, 0.90) speed= 7.6m/s  roll= 13.9 pitch= 10.6  dither=(+0.07,-0.06,+0.15)
  [5/180] yaw= -4.3 wind=(-1.20,-1.22) speed= 1.7m/s  roll=  2.8 pitch=  6.5  dither=(+0.14,+0.11,+0.03)
  [6/180] yaw=  1.0 wind=( 5.35,-5.08) speed= 7.4m/s  roll=  3.2 pitch= -7.9  dither=(-0.03,+0.02,+0.05)
  [7/180] yaw=  3.1 wind=( 1.97,-2.00) speed= 2.8m/s  roll= -0.9 pitch= -4.8  dither=(-0.15,-0.06,+0.04)
  [8/180] yaw=-14.3 wind=( 0.30,-3.56) speed= 3.6m/s  roll= -4.0 pitch= -4.2  dither=(-0.12,-0.15,+0.15)
  [9/180] yaw= -3.3 wind=(-1.88,-8.28) speed= 8.5m/s  roll= -6.3 pitch= -3.1  dither=(+0.10,-0.10,-0.04)
  [10/180] yaw= -7.6 wind=(-9.37,-1.00) speed= 9.4m/s  roll=  8.5 pitch=  4.6  dither=(-0.01,-0.04,+0.03)
  [11/180] yaw= -2.7 wind=( 2.21, 7.30) speed= 7.6m/s  roll=-12.7 pitch=  2.7  dither=(-0.11,+0.15,+0.05)
  [12/180] yaw=  0.0 wind=( 1.03, 0.17) speed= 1.0m/s  roll=  3.2 pitch= -5.1  dither=(-0.06,+0.12,-0.13)
  [13/180] yaw= -1.3 wind=(-9.39,-2.60) speed= 9.7m/s  roll= -3.3 pitch=  3.1  dither=(+0.00,+0.15,+0.01)
  [14/180] yaw= -0.3 wind=( 2.43, 4.72) speed= 5.3m/s  roll= -5.3 pitch=  4.4  dither=(-0.03,+0.05,-0.03)
  [15/180] yaw= -2.9 wind=( 8.63,-4.45) speed= 9.7m/s  roll= -7.5 pitch= -4.2  dither=(-0.02,+0.15,+0.01)

============================================================
=== yaw 2/12: 목표 30도로 회전 중 (현재 3.1도) ===
============================================================
  -> yaw 33.0도로 안정화
  [16/180] yaw= 34.7 wind=(-6.26, 7.22) speed= 9.6m/s  roll=  4.2 pitch= -1.5  dither=(+0.06,-0.05,+0.14)
  [17/180] yaw= 32.8 wind=(-1.84,-4.34) speed= 4.7m/s  roll= -1.8 pitch=-11.7  dither=(-0.15,-0.04,-0.11)
  [18/180] yaw= 35.1 wind=(-3.91, 8.04) speed= 8.9m/s  roll=  4.1 pitch=  2.1  dither=(-0.10,-0.10,-0.07)
  [19/180] yaw= 31.1 wind=(-0.07,-9.23) speed= 9.2m/s  roll=  1.1 pitch=-20.3  dither=(+0.01,-0.15,+0.02)
  [20/180] yaw= 26.6 wind=( 0.90, 7.57) speed= 7.6m/s  roll=  2.5 pitch=  0.0  dither=(-0.14,-0.00,+0.03)
  [21/180] yaw= 38.5 wind=(-2.01, 7.10) speed= 7.4m/s  roll= -0.4 pitch= 14.0  dither=(+0.04,-0.00,-0.09)
  [22/180] yaw= 27.7 wind=(-0.77, 0.38) speed= 0.9m/s  roll=  2.4 pitch=  9.2  dither=(-0.05,-0.01,-0.12)
  [23/180] yaw= 31.7 wind=( 0.35, 3.16) speed= 3.2m/s  roll=  6.9 pitch= -4.4  dither=(-0.15,-0.15,-0.01)
  [24/180] yaw= 42.5 wind=(-1.51, 6.00) speed= 6.2m/s  roll= -5.3 pitch= -3.3  dither=(-0.06,-0.02,-0.08)
  [25/180] yaw= 38.2 wind=( 4.97,-3.84) speed= 6.3m/s  roll= -0.9 pitch=-12.3  dither=(+0.06,-0.11,+0.11)
  [26/180] yaw= 27.0 wind=(-5.57,-5.49) speed= 7.8m/s  roll=  8.3 pitch= -2.4  dither=(+0.03,+0.01,+0.08)
  [27/180] yaw= 44.9 wind=(-0.97, 1.19) speed= 1.5m/s  roll=  1.9 pitch=  0.7  dither=(+0.05,+0.13,-0.15)
  [28/180] yaw= 29.3 wind=( 4.81,-3.25) speed= 5.8m/s  roll=-10.4 pitch=  0.6  dither=(+0.09,-0.15,-0.01)
  [29/180] yaw= 24.8 wind=(-3.73, 8.94) speed= 9.7m/s  roll= -1.3 pitch=  3.1  dither=(-0.05,-0.06,-0.00)
  [30/180] yaw= 23.2 wind=( 0.13,-9.10) speed= 9.1m/s  roll= -5.8 pitch= -8.0  dither=(-0.01,-0.04,-0.15)

============================================================
=== yaw 3/12: 목표 60도로 회전 중 (현재 47.0도) ===
============================================================
  -> yaw 57.2도로 안정화
  [31/180] yaw= 68.5 wind=(-4.96, 6.25) speed= 8.0m/s  roll= -5.6 pitch= -2.8  dither=(-0.15,-0.12,+0.15)
  [32/180] yaw= 68.3 wind=(-7.11, 2.49) speed= 7.5m/s  roll= -4.3 pitch=-10.6  dither=(-0.14,+0.02,+0.09)
  [33/180] yaw= 70.1 wind=( 2.22,-7.10) speed= 7.4m/s  roll=  3.4 pitch=  5.1  dither=(+0.04,+0.10,-0.08)
  [34/180] yaw= 63.6 wind=(-3.25,-8.09) speed= 8.7m/s  roll= -9.3 pitch=  0.1  dither=(+0.12,-0.06,-0.01)
  [35/180] yaw= 48.7 wind=(-9.44,-3.15) speed= 9.9m/s  roll=  5.7 pitch= -1.3  dither=(+0.10,+0.08,+0.01)
  [36/180] yaw= 66.0 wind=( 4.87, 0.75) speed= 4.9m/s  roll=  0.0 pitch=  5.7  dither=(+0.06,-0.06,+0.07)
  [37/180] yaw= 53.5 wind=(-4.26, 7.84) speed= 8.9m/s  roll=  7.9 pitch= 11.4  dither=(+0.00,-0.03,-0.15)
  [38/180] yaw= 66.3 wind=( 0.20, 0.47) speed= 0.5m/s  roll= -7.5 pitch= 13.9  dither=(+0.02,+0.11,+0.11)
  [39/180] yaw= 56.3 wind=(-0.84, 3.99) speed= 4.1m/s  roll= -5.8 pitch= -3.7  dither=(-0.15,-0.02,-0.15)
  [40/180] yaw= 52.2 wind=(-1.58, 6.75) speed= 6.9m/s  roll= -2.8 pitch=  4.2  dither=(-0.01,-0.01,-0.05)
  [41/180] yaw= 61.6 wind=( 2.26, 3.79) speed= 4.4m/s  roll= -7.7 pitch=  0.9  dither=(-0.13,-0.15,+0.15)
  [42/180] yaw= 70.9 wind=( 2.72,-8.88) speed= 9.3m/s  roll=  0.4 pitch= -1.7  dither=(+0.13,+0.11,+0.05)
  [43/180] yaw= 63.3 wind=( 0.16, 6.82) speed= 6.8m/s  roll= 21.4 pitch=  1.1  dither=(-0.00,+0.13,-0.13)
  [44/180] yaw= 49.5 wind=(-1.66,-1.93) speed= 2.5m/s  roll=  0.1 pitch= -7.3  dither=(-0.02,-0.02,+0.01)
  [45/180] yaw= 55.2 wind=( 0.11, 2.74) speed= 2.7m/s  roll=  1.0 pitch= -0.6  dither=(-0.03,+0.05,-0.00)

============================================================
=== yaw 4/12: 목표 90도로 회전 중 (현재 63.1도) ===
============================================================
  -> yaw 88.5도로 안정화
  [46/180] yaw= 85.9 wind=(-4.11,-8.23) speed= 9.2m/s  roll=-11.1 pitch=  0.7  dither=(-0.02,+0.14,+0.11)
  [47/180] yaw= 91.5 wind=( 6.23,-7.77) speed=10.0m/s  roll= -7.6 pitch= 15.1  dither=(+0.06,+0.08,+0.13)
  [48/180] yaw= 92.4 wind=(-3.40,-6.14) speed= 7.0m/s  roll=-18.9 pitch= -5.5  dither=(+0.04,+0.08,-0.09)
  [49/180] yaw= 80.0 wind=(-7.63, 3.62) speed= 8.4m/s  roll= 17.1 pitch= -7.6  dither=(+0.13,+0.01,-0.15)
  [50/180] yaw= 94.7 wind=( 0.20,-4.76) speed= 4.8m/s  roll=  4.8 pitch= -8.6  dither=(-0.05,-0.07,-0.15)
  [51/180] yaw= 95.8 wind=(-2.13, 4.13) speed= 4.7m/s  roll= -6.2 pitch= -6.8  dither=(-0.06,+0.04,+0.07)
  [52/180] yaw= 99.6 wind=( 4.00,-5.96) speed= 7.2m/s  roll= -9.6 pitch= -1.5  dither=(-0.10,+0.09,+0.03)
  [53/180] yaw= 81.6 wind=(-6.66,-1.10) speed= 6.8m/s  roll=-11.2 pitch= -7.2  dither=(+0.06,-0.05,-0.06)
  [54/180] yaw= 84.9 wind=(-5.86,-0.11) speed= 5.9m/s  roll=  1.5 pitch=  8.4  dither=(+0.04,+0.08,-0.15)
  [55/180] yaw= 79.7 wind=(-2.07,-1.02) speed= 2.3m/s  roll=  9.8 pitch= -7.5  dither=(+0.07,-0.01,-0.13)
  [56/180] yaw= 93.0 wind=( 2.65, 1.88) speed= 3.2m/s  roll=  4.7 pitch= -7.1  dither=(+0.01,+0.09,+0.02)
  [57/180] yaw=106.1 wind=(-1.91,-1.60) speed= 2.5m/s  roll= -4.1 pitch= -1.1  dither=(-0.08,-0.04,+0.01)
  [58/180] yaw= 80.2 wind=( 1.90, 0.93) speed= 2.1m/s  roll=-14.9 pitch= -7.7  dither=(-0.08,-0.04,-0.12)
  [59/180] yaw= 90.7 wind=(-6.79,-4.80) speed= 8.3m/s  roll= -1.6 pitch=-13.4  dither=(+0.06,-0.11,-0.12)
  [60/180] yaw= 89.8 wind=(-0.97,-0.25) speed= 1.0m/s  roll=  4.5 pitch=  1.0  dither=(-0.04,+0.05,-0.07)

============================================================
=== yaw 5/12: 목표 120도로 회전 중 (현재 81.8도) ===
============================================================
  -> yaw 122.4도로 안정화
  [61/180] yaw=125.0 wind=( 1.64,-4.31) speed= 4.6m/s  roll= -1.3 pitch= -3.2  dither=(-0.05,+0.14,+0.00)
  [62/180] yaw=112.1 wind=(-0.58, 0.67) speed= 0.9m/s  roll= -6.0 pitch=  2.3  dither=(+0.11,-0.14,-0.15)
  [63/180] yaw=118.3 wind=( 1.27,-1.38) speed= 1.9m/s  roll=-11.0 pitch=-10.7  dither=(-0.04,-0.10,-0.04)
  [64/180] yaw=124.9 wind=( 5.50,-6.24) speed= 8.3m/s  roll=  3.4 pitch= 16.3  dither=(-0.13,+0.11,+0.15)
  [65/180] yaw=136.8 wind=( 2.82, 5.85) speed= 6.5m/s  roll=  7.4 pitch=  4.8  dither=(+0.14,+0.04,-0.01)
  [66/180] yaw=128.2 wind=(-0.02, 0.74) speed= 0.7m/s  roll=  0.6 pitch= -8.8  dither=(-0.05,-0.07,+0.08)
  [67/180] yaw=123.6 wind=(-7.26,-1.52) speed= 7.4m/s  roll=-13.0 pitch=  0.6  dither=(-0.00,-0.02,-0.03)
  [68/180] yaw=128.8 wind=(-4.95, 3.03) speed= 5.8m/s  roll= -7.5 pitch=-10.0  dither=(-0.15,-0.15,+0.00)
  [69/180] yaw=115.7 wind=( 0.72, 3.93) speed= 4.0m/s  roll=  9.6 pitch=  2.5  dither=(-0.00,-0.05,-0.11)
  [70/180] yaw=121.4 wind=(-7.11,-2.23) speed= 7.5m/s  roll=-14.4 pitch= -1.3  dither=(-0.09,+0.08,-0.07)
  [71/180] yaw=113.9 wind=( 1.01, 0.10) speed= 1.0m/s  roll=-10.2 pitch= -5.7  dither=(-0.15,+0.09,+0.06)
  [72/180] yaw=119.4 wind=( 2.87, 3.59) speed= 4.6m/s  roll= 10.6 pitch= -2.5  dither=(+0.04,-0.12,+0.09)
  [73/180] yaw=127.6 wind=( 0.12,-1.64) speed= 1.6m/s  roll= -4.3 pitch= -1.4  dither=(-0.02,+0.06,+0.05)
  [74/180] yaw=116.5 wind=( 7.25, 6.19) speed= 9.5m/s  roll= -5.3 pitch=  7.6  dither=(-0.07,+0.11,-0.03)
  [75/180] yaw=114.0 wind=( 6.14,-5.87) speed= 8.5m/s  roll= -7.5 pitch=  5.0  dither=(+0.03,+0.01,+0.04)

============================================================
=== yaw 6/12: 목표 150도로 회전 중 (현재 114.0도) ===
============================================================
  -> yaw 149.0도로 안정화
  [76/180] yaw=157.1 wind=(-0.56, 0.56) speed= 0.8m/s  roll=  7.0 pitch=  8.5  dither=(-0.01,+0.09,+0.15)
  [77/180] yaw=147.0 wind=(-4.55, 0.88) speed= 4.6m/s  roll=  2.4 pitch=  5.8  dither=(+0.03,+0.01,+0.12)
  [78/180] yaw=147.8 wind=( 0.03, 3.64) speed= 3.6m/s  roll=-12.6 pitch=  8.4  dither=(-0.07,+0.14,-0.07)
  [79/180] yaw=158.7 wind=( 7.67, 3.34) speed= 8.4m/s  roll=  9.5 pitch= -1.9  dither=(+0.10,-0.00,+0.00)
  [80/180] yaw=156.0 wind=( 4.86, 2.43) speed= 5.4m/s  roll= -3.8 pitch=  0.3  dither=(-0.03,-0.07,+0.03)
  [81/180] yaw=145.3 wind=(-5.80, 1.91) speed= 6.1m/s  roll=  1.5 pitch=  1.5  dither=(+0.01,-0.13,+0.12)
  [82/180] yaw=148.4 wind=( 5.30, 3.62) speed= 6.4m/s  roll= -6.1 pitch=-10.8  dither=(-0.08,+0.15,-0.14)
  [83/180] yaw=153.1 wind=( 2.83, 6.67) speed= 7.2m/s  roll=  5.6 pitch=  7.1  dither=(-0.11,+0.04,+0.00)
  [84/180] yaw=147.3 wind=(-0.82, 5.35) speed= 5.4m/s  roll= 10.5 pitch= -0.3  dither=(+0.10,-0.00,-0.11)
  [85/180] yaw=145.6 wind=( 3.82,-1.33) speed= 4.0m/s  roll=  4.0 pitch= -4.0  dither=(-0.06,+0.05,+0.08)
  [86/180] yaw=149.4 wind=( 2.97, 1.47) speed= 3.3m/s  roll=  3.7 pitch= 13.5  dither=(-0.06,+0.01,+0.10)
  [87/180] yaw=145.3 wind=( 1.47, 2.70) speed= 3.1m/s  roll= -7.3 pitch= -5.7  dither=(-0.05,-0.07,+0.14)
  [88/180] yaw=156.6 wind=( 1.60,-2.96) speed= 3.4m/s  roll= -2.2 pitch= -2.0  dither=(-0.04,-0.05,+0.04)
  [89/180] yaw=144.2 wind=( 8.74, 2.31) speed= 9.0m/s  roll= 18.0 pitch=  5.0  dither=(-0.04,+0.01,-0.15)
  [90/180] yaw=165.4 wind=(-0.17,-3.89) speed= 3.9m/s  roll= -3.4 pitch= 16.3  dither=(-0.04,+0.07,-0.02)

============================================================
=== yaw 7/12: 목표 180도로 회전 중 (현재 145.9도) ===
============================================================
  -> yaw 177.7도로 안정화
  [91/180] yaw=176.3 wind=( 1.43, 2.26) speed= 2.7m/s  roll= 12.9 pitch= -7.3  dither=(+0.06,-0.00,-0.15)
  [92/180] yaw=178.1 wind=(-5.32,-8.18) speed= 9.8m/s  roll= -6.6 pitch=  5.9  dither=(-0.12,+0.05,-0.13)
  [93/180] yaw=177.0 wind=(-2.32, 1.87) speed= 3.0m/s  roll= -5.6 pitch= -8.1  dither=(+0.11,+0.03,+0.15)
  [94/180] yaw=169.7 wind=(-0.65, 0.46) speed= 0.8m/s  roll=-10.6 pitch= -4.8  dither=(-0.03,-0.06,-0.02)
  [95/180] yaw=-171.9 wind=( 0.93, 0.08) speed= 0.9m/s  roll=  1.8 pitch=  8.3  dither=(-0.02,-0.01,-0.01)
  [96/180] yaw=-177.4 wind=(-0.80,-1.00) speed= 1.3m/s  roll= 11.5 pitch= -8.3  dither=(-0.07,+0.03,+0.04)
  [97/180] yaw=-176.4 wind=( 8.55,-4.92) speed= 9.9m/s  roll=  1.1 pitch= 19.2  dither=(+0.04,+0.15,+0.10)
  [98/180] yaw=-171.0 wind=( 0.02,-2.12) speed= 2.1m/s  roll=  2.3 pitch=  5.2  dither=(+0.08,-0.01,+0.02)
  [99/180] yaw=-179.4 wind=( 0.91, 0.31) speed= 1.0m/s  roll=-11.7 pitch=  6.9  dither=(-0.03,-0.02,+0.14)
  [100/180] yaw=-174.9 wind=( 9.79,-0.51) speed= 9.8m/s  roll=  8.2 pitch= -0.6  dither=(-0.15,-0.02,-0.00)
  [101/180] yaw=-173.6 wind=( 1.49, 3.52) speed= 3.8m/s  roll=  9.6 pitch=  3.2  dither=(-0.05,+0.15,+0.08)
  [102/180] yaw=-177.8 wind=(-1.13,-2.11) speed= 2.4m/s  roll= -6.1 pitch=  8.6  dither=(-0.15,+0.14,-0.09)
  [103/180] yaw=179.8 wind=( 9.25,-1.97) speed= 9.5m/s  roll=  5.7 pitch=  4.3  dither=(-0.04,+0.02,-0.15)
  [104/180] yaw=178.9 wind=( 7.73, 5.69) speed= 9.6m/s  roll=  3.4 pitch=-10.2  dither=(-0.04,+0.03,+0.04)
  [105/180] yaw=178.1 wind=(-1.36, 7.22) speed= 7.3m/s  roll= -0.8 pitch= -8.3  dither=(+0.13,-0.15,-0.02)

============================================================
=== yaw 8/12: 목표 210도로 회전 중 (현재 -165.9도) ===
============================================================
  -> yaw -151.6도로 안정화
  [106/180] yaw=-149.8 wind=(-4.77,-8.77) speed=10.0m/s  roll= -7.0 pitch= 10.8  dither=(-0.13,+0.09,-0.06)
  [107/180] yaw=-152.3 wind=( 2.49,-8.85) speed= 9.2m/s  roll= -8.2 pitch=  9.0  dither=(-0.01,-0.07,-0.15)
  [108/180] yaw=-147.6 wind=(-0.62, 0.08) speed= 0.6m/s  roll=  7.7 pitch= -1.6  dither=(-0.01,+0.11,-0.10)
  [109/180] yaw=-149.2 wind=(-0.58, 8.99) speed= 9.0m/s  roll=  4.8 pitch= -8.9  dither=(-0.01,-0.10,-0.04)
  [110/180] yaw=-153.5 wind=( 1.78, 0.17) speed= 1.8m/s  roll=  0.4 pitch= -9.5  dither=(+0.05,-0.03,-0.12)
  [111/180] yaw=-154.5 wind=(-0.40, 1.07) speed= 1.1m/s  roll= -9.9 pitch=  7.2  dither=(-0.12,+0.06,-0.03)
  [112/180] yaw=-141.9 wind=( 0.50, 1.88) speed= 1.9m/s  roll=  6.0 pitch= -6.3  dither=(-0.01,+0.01,-0.02)
  [113/180] yaw=-146.9 wind=(-2.44,-2.47) speed= 3.5m/s  roll= 11.5 pitch= -4.7  dither=(+0.15,+0.02,+0.12)
  [114/180] yaw=-146.7 wind=(-6.44, 4.97) speed= 8.1m/s  roll= -4.0 pitch=  0.8  dither=(+0.10,-0.04,-0.02)
  [115/180] yaw=-157.4 wind=(-6.44,-4.71) speed= 8.0m/s  roll=  3.5 pitch=  7.8  dither=(+0.12,+0.10,+0.05)
  [116/180] yaw=-158.7 wind=( 1.07,-6.74) speed= 6.8m/s  roll= -0.4 pitch= 11.0  dither=(-0.10,+0.15,-0.14)
  [117/180] yaw=-141.2 wind=(-8.51,-1.80) speed= 8.7m/s  roll=-13.8 pitch=  2.2  dither=(-0.02,-0.01,+0.08)
  [118/180] yaw=-152.9 wind=(-1.07, 0.09) speed= 1.1m/s  roll=  1.5 pitch=  3.4  dither=(-0.04,-0.07,-0.03)
  [119/180] yaw=-147.2 wind=( 0.83,-0.72) speed= 1.1m/s  roll= 12.0 pitch=  8.6  dither=(+0.12,-0.04,+0.01)
  [120/180] yaw=-153.5 wind=(-3.22, 5.11) speed= 6.0m/s  roll= 11.7 pitch=  8.8  dither=(+0.10,+0.02,-0.10)

============================================================
=== yaw 9/12: 목표 240도로 회전 중 (현재 -136.2도) ===
============================================================
  -> yaw -121.4도로 안정화
  [121/180] yaw=-126.0 wind=(-2.48,-2.06) speed= 3.2m/s  roll= -3.4 pitch= 14.0  dither=(+0.03,+0.00,-0.13)
  [122/180] yaw=-124.8 wind=(-2.57, 3.68) speed= 4.5m/s  roll= -6.3 pitch=  5.0  dither=(-0.04,+0.06,-0.08)
  [123/180] yaw=-108.9 wind=( 5.88,-5.82) speed= 8.3m/s  roll= 16.8 pitch=  2.2  dither=(+0.10,+0.07,+0.14)
  [124/180] yaw=-124.1 wind=( 0.25,-1.69) speed= 1.7m/s  roll=  2.1 pitch= -2.0  dither=(+0.01,-0.01,-0.11)
  [125/180] yaw=-125.7 wind=(-7.35, 3.63) speed= 8.2m/s  roll=  1.2 pitch=  4.8  dither=(-0.05,+0.13,-0.01)
  [126/180] yaw=-105.2 wind=(-7.67,-5.58) speed= 9.5m/s  roll= -4.4 pitch=  1.3  dither=(-0.06,+0.15,+0.09)
  [127/180] yaw=-109.3 wind=( 0.64, 0.45) speed= 0.8m/s  roll= -2.3 pitch= -6.3  dither=(-0.04,-0.06,+0.11)
  [128/180] yaw=-116.5 wind=(-9.46, 1.57) speed= 9.6m/s  roll=  0.2 pitch=  3.9  dither=(-0.12,+0.00,-0.14)
  [129/180] yaw=-129.8 wind=( 0.47,-4.45) speed= 4.5m/s  roll= -5.6 pitch=  4.8  dither=(-0.14,+0.13,-0.07)
  [130/180] yaw=-121.7 wind=(-3.37, 7.42) speed= 8.1m/s  roll= -5.1 pitch=  4.0  dither=(-0.10,-0.05,+0.06)
  [131/180] yaw=-113.7 wind=( 2.60, 7.84) speed= 8.3m/s  roll=  5.4 pitch=-10.3  dither=(-0.03,-0.01,+0.05)
  [132/180] yaw=-115.0 wind=(-5.56, 0.74) speed= 5.6m/s  roll=  0.1 pitch= -3.1  dither=(+0.10,-0.14,-0.02)
  [133/180] yaw=-114.6 wind=( 4.73,-1.13) speed= 4.9m/s  roll=-14.5 pitch=  0.1  dither=(-0.11,-0.02,+0.08)
  [134/180] yaw=-113.4 wind=( 0.80,-2.51) speed= 2.6m/s  roll=  4.3 pitch=  3.1  dither=(-0.12,+0.05,+0.14)
  [135/180] yaw=-115.6 wind=( 7.48,-6.64) speed=10.0m/s  roll= -4.1 pitch= 12.8  dither=(+0.04,+0.05,-0.07)

============================================================
=== yaw 10/12: 목표 270도로 회전 중 (현재 -126.4도) ===
============================================================
  -> yaw -92.9도로 안정화
  [136/180] yaw=-81.2 wind=( 0.35, 0.31) speed= 0.5m/s  roll= -3.4 pitch=  0.8  dither=(+0.06,+0.11,+0.15)
  [137/180] yaw=-95.8 wind=(-3.16,-3.50) speed= 4.7m/s  roll= 11.4 pitch=  2.6  dither=(+0.03,+0.09,+0.01)
  [138/180] yaw=-99.1 wind=(-2.43, 0.93) speed= 2.6m/s  roll=  0.9 pitch=  5.8  dither=(+0.08,+0.10,-0.15)
  [139/180] yaw=-89.7 wind=( 0.07,-0.92) speed= 0.9m/s  roll= -1.2 pitch= -9.8  dither=(+0.11,-0.07,+0.07)
  [140/180] yaw=-95.2 wind=(-8.52, 3.16) speed= 9.1m/s  roll=  7.6 pitch=  7.0  dither=(+0.15,+0.11,-0.13)
  [141/180] yaw=-87.2 wind=( 3.05, 6.16) speed= 6.9m/s  roll=-11.7 pitch=  2.9  dither=(-0.07,-0.05,+0.03)
  [142/180] yaw=-94.4 wind=(-3.59, 2.90) speed= 4.6m/s  roll= -8.7 pitch=  1.4  dither=(+0.14,-0.02,+0.07)
  [143/180] yaw=-77.8 wind=(-6.15, 0.90) speed= 6.2m/s  roll= -1.9 pitch=  2.1  dither=(-0.03,-0.05,+0.12)
  [144/180] yaw=-79.8 wind=(-7.69, 4.19) speed= 8.8m/s  roll=  8.0 pitch= -0.2  dither=(+0.05,-0.04,+0.02)
  [145/180] yaw=-83.8 wind=(-1.00, 5.10) speed= 5.2m/s  roll=  0.8 pitch=  5.2  dither=(+0.12,+0.15,+0.03)
  [146/180] yaw=-81.7 wind=( 0.60, 1.09) speed= 1.2m/s  roll= -1.6 pitch=-15.9  dither=(+0.08,+0.00,-0.07)
  [147/180] yaw=-91.2 wind=(-5.18, 1.33) speed= 5.3m/s  roll= -1.8 pitch= -3.2  dither=(-0.01,-0.00,+0.02)
  [148/180] yaw=-92.6 wind=( 6.99,-0.11) speed= 7.0m/s  roll=  2.3 pitch= -4.9  dither=(+0.12,-0.09,-0.15)
  [149/180] yaw=-80.1 wind=( 1.80, 1.81) speed= 2.6m/s  roll=  0.3 pitch=  2.6  dither=(-0.12,+0.06,+0.01)
  [150/180] yaw=-97.7 wind=(-4.42,-0.48) speed= 4.4m/s  roll= 11.0 pitch= -1.6  dither=(-0.06,-0.06,-0.01)

============================================================
=== yaw 11/12: 목표 300도로 회전 중 (현재 -84.6도) ===
============================================================
  -> yaw -61.2도로 안정화
  [151/180] yaw=-65.2 wind=(-6.12,-7.11) speed= 9.4m/s  roll= 11.8 pitch=  9.9  dither=(-0.00,-0.01,+0.01)
  [152/180] yaw=-56.3 wind=( 0.86, 0.87) speed= 1.2m/s  roll= 11.1 pitch= -9.5  dither=(-0.04,+0.13,+0.07)
  [153/180] yaw=-60.4 wind=(-0.32, 4.54) speed= 4.6m/s  roll=  4.6 pitch=  3.2  dither=(+0.14,+0.06,-0.05)
  [154/180] yaw=-72.2 wind=(-4.75, 0.95) speed= 4.8m/s  roll= -6.6 pitch=  7.8  dither=(-0.10,+0.07,+0.05)
  [155/180] yaw=-53.2 wind=( 4.64,-4.04) speed= 6.1m/s  roll=  8.5 pitch=  3.9  dither=(+0.02,+0.01,+0.05)
  [156/180] yaw=-61.4 wind=( 0.28,-2.93) speed= 2.9m/s  roll= -1.8 pitch= -1.3  dither=(-0.10,+0.14,-0.02)
  [157/180] yaw=-53.6 wind=(-4.78, 1.99) speed= 5.2m/s  roll= -2.1 pitch=  1.6  dither=(-0.00,+0.01,+0.07)
  [158/180] yaw=-52.1 wind=( 2.30,-3.32) speed= 4.0m/s  roll= -3.2 pitch=  8.7  dither=(-0.02,+0.13,-0.02)
  [159/180] yaw=-54.4 wind=( 2.03, 3.07) speed= 3.7m/s  roll= -2.4 pitch= 11.8  dither=(-0.05,+0.10,+0.14)
  [160/180] yaw=-57.6 wind=(-6.39, 3.06) speed= 7.1m/s  roll=  1.8 pitch=  2.0  dither=(+0.11,-0.08,-0.00)
  [161/180] yaw=-57.6 wind=( 0.84,-1.22) speed= 1.5m/s  roll=  1.8 pitch= 12.5  dither=(+0.14,+0.10,-0.02)
  [162/180] yaw=-67.0 wind=(-0.00, 0.00) speed= 0.0m/s  roll= -7.5 pitch= 12.0  dither=(-0.13,+0.11,+0.12)
  [163/180] yaw=-62.1 wind=(-4.43,-7.24) speed= 8.5m/s  roll= -2.5 pitch=  0.4  dither=(-0.06,-0.03,+0.04)
  [164/180] yaw=-56.5 wind=( 2.76,-1.45) speed= 3.1m/s  roll= -0.3 pitch=  1.5  dither=(+0.11,-0.11,+0.15)
  [165/180] yaw=-59.4 wind=( 2.50, 5.98) speed= 6.5m/s  roll=  2.5 pitch= -0.4  dither=(-0.15,-0.11,+0.08)

============================================================
=== yaw 12/12: 목표 330도로 회전 중 (현재 -70.0도) ===
============================================================
  -> yaw -31.5도로 안정화
  [166/180] yaw=-25.1 wind=(-4.60, 5.96) speed= 7.5m/s  roll=  8.8 pitch= -3.3  dither=(+0.09,-0.09,+0.04)
  [167/180] yaw=-42.1 wind=(-4.29, 5.14) speed= 6.7m/s  roll=  0.7 pitch=  8.2  dither=(+0.07,+0.15,+0.04)
  [168/180] yaw=-34.4 wind=(-4.27, 5.93) speed= 7.3m/s  roll=  2.1 pitch=  3.8  dither=(+0.03,+0.02,-0.06)
  [169/180] yaw=-20.6 wind=(-1.94, 3.71) speed= 4.2m/s  roll= -9.2 pitch= 13.4  dither=(-0.08,+0.14,+0.08)
  [170/180] yaw=-26.9 wind=( 0.58, 0.63) speed= 0.9m/s  roll=-11.7 pitch= -4.2  dither=(-0.05,-0.04,-0.03)
  [171/180] yaw=-20.6 wind=( 1.51, 4.75) speed= 5.0m/s  roll=-14.1 pitch= 10.2  dither=(-0.08,-0.15,-0.09)
  [172/180] yaw=-31.6 wind=(-0.55,-0.78) speed= 1.0m/s  roll= 10.6 pitch=-10.3  dither=(+0.03,-0.03,+0.01)
  [173/180] yaw=-18.9 wind=( 3.48,-0.64) speed= 3.5m/s  roll= -6.6 pitch=-10.2  dither=(+0.00,-0.02,+0.02)
  [174/180] yaw=-40.8 wind=( 0.34,-0.48) speed= 0.6m/s  roll= -4.8 pitch= -1.9  dither=(-0.15,-0.15,-0.05)
  [175/180] yaw=-27.9 wind=( 0.70,-6.18) speed= 6.2m/s  roll=  1.5 pitch= -7.5  dither=(-0.15,-0.03,-0.09)
  [176/180] yaw=-37.0 wind=(-3.66,-5.58) speed= 6.7m/s  roll=  4.6 pitch= -4.6  dither=(+0.03,-0.03,+0.14)
  [177/180] yaw=-34.2 wind=(-4.96,-1.54) speed= 5.2m/s  roll= -2.9 pitch=  6.0  dither=(+0.11,-0.01,+0.07)
  [178/180] yaw=-28.9 wind=(-3.05,-1.96) speed= 3.6m/s  roll=  3.5 pitch=  6.6  dither=(-0.03,+0.15,+0.01)
  [179/180] yaw=-33.6 wind=(-1.72,-4.78) speed= 5.1m/s  roll= 10.4 pitch=  2.2  dither=(+0.03,+0.04,-0.12)
  [180/180] yaw=-19.9 wind=( 1.75, 1.39) speed= 2.2m/s  roll=  1.2 pitch= 11.8  dither=(-0.01,+0.05,+0.15)

데이터 수집 완료. CSV 저장됨: ../../logs/wind_random_dither_20260816_002751_yaw0p0_n12x15_speed0-10_seed1042.csv
[송신 간격 통계] 목표=50ms  평균=50.0ms  최대=72.1ms  임계치 초과=0/65259

--- Offboard 종료 ---

--- Landing ---
-> 착륙 완료 및 디스암 확인

무작위 바람+토크 더더링 데이터 수집 완료.
  [수집] 세션 1 완료 (시도 1/3)
  [그래프] /home/ssh2003/MyProjects/quad-pinn-project/logs/wind_random_dither_20260816_002751_yaw0p0_n12x15_speed0-10_seed1042.csv 요약 PNG 생성 중...
    findfont: Failed to find font weight normal, now using 100.
    /home/ssh2003/MyProjects/quad-pinn-project/sim_scripts/data_collection/plot_session_grid.py:106: UserWarning: This figure includes Axes that are not compatible with tight_layout, so results might be incorrect.
      fig.tight_layout(rect=[0, 0, 0.92, 0.94])
    findfont: Failed to find font weight normal, now using 100.
    findfont: Failed to find font weight normal, now using 100.
    findfont: Failed to find font weight normal, now using 100.
    findfont: Failed to find font weight normal, now using 100.
    저장됨: /home/ssh2003/MyProjects/quad-pinn-project/figures/wind_random_20260816_002723_n12x15_td15/session_wind_random_dither_20260816_002751_yaw0p0_n12x15_speed0-10_seed1042.png

############################################################
# 세션 2/15
############################################################
  [SITL] 기존 프로세스 정리 중 (정상종료 시도)...
Terminated
  [SITL] 강제 정리 (남아있는 프로세스 있으면)...
  [SITL] 재시작 중...
  [SITL] px4 프로세스 감지됨 (1s). 안정화 대기 15s...
  [수집] 시작 (seed=2042, yaw-offset=2.000도, 시도 1/3, 타임아웃 4196초)
PX4 SITL에 연결 시도 중...
-> 드론에 연결됨!
GPS/홈 위치 확인 중...
Traceback (most recent call last):
  File "/home/ssh2003/MyProjects/quad-pinn-project/sim_scripts/data_collection/wind_random_dither_sweep.py", line 133, in _preflight
    async for health in drone.telemetry.health():
  File "/home/ssh2003/miniconda3/envs/px4sim/lib/python3.10/site-packages/mavsdk/telemetry.py", line 3584, in health
    async for response in health_stream:
  File "/home/ssh2003/miniconda3/envs/px4sim/lib/python3.10/site-packages/grpc/aio/_call.py", line 363, in _fetch_stream_responses
    message = await self._read()
  File "/home/ssh2003/miniconda3/envs/px4sim/lib/python3.10/site-packages/grpc/aio/_call.py", line 380, in _read
    raw_response = await self._cython_call.receive_serialized_message()
  File "src/python/grpcio/grpc/_cython/_cygrpc/aio/call.pyx.pxi", line 392, in receive_serialized_message
  File "src/python/grpcio/grpc/_cython/_cygrpc/aio/callback_common.pyx.pxi", line 126, in _receive_message
  File "src/python/grpcio/grpc/_cython/_cygrpc/aio/callback_common.pyx.pxi", line 99, in execute_batch
asyncio.exceptions.CancelledError

During handling of the above exception, another exception occurred:

Traceback (most recent call last):
  File "/home/ssh2003/miniconda3/envs/px4sim/lib/python3.10/asyncio/tasks.py", line 456, in wait_for
    return fut.result()
asyncio.exceptions.CancelledError

The above exception was the direct cause of the following exception:

Traceback (most recent call last):
  File "/home/ssh2003/MyProjects/quad-pinn-project/sim_scripts/data_collection/wind_random_dither_sweep.py", line 287, in run
    dither_task) = await asyncio.wait_for(_preflight(drone), timeout=PREFLIGHT_TIMEOUT_S)
  File "/home/ssh2003/miniconda3/envs/px4sim/lib/python3.10/asyncio/tasks.py", line 458, in wait_for
    raise exceptions.TimeoutError() from exc
asyncio.exceptions.TimeoutError

During handling of the above exception, another exception occurred:

Traceback (most recent call last):
  File "/home/ssh2003/MyProjects/quad-pinn-project/sim_scripts/data_collection/wind_random_dither_sweep.py", line 441, in <module>
    asyncio.run(run())
  File "/home/ssh2003/miniconda3/envs/px4sim/lib/python3.10/asyncio/runners.py", line 44, in run
    return loop.run_until_complete(main)
  File "/home/ssh2003/miniconda3/envs/px4sim/lib/python3.10/asyncio/base_events.py", line 649, in run_until_complete
    return future.result()
  File "/home/ssh2003/MyProjects/quad-pinn-project/sim_scripts/data_collection/wind_random_dither_sweep.py", line 289, in run
    raise RuntimeError(
RuntimeError: 이륙 준비(연결~offboard 시작)가 90초를 넘음 (SITL 재시작 문제 가능성)
  [수집] 세션 2 시도 1/3 실패 (exit code 1)
  [SITL] 기존 프로세스 정리 중 (정상종료 시도)...
Terminated
  [SITL] 강제 정리 (남아있는 프로세스 있으면)...
  [SITL] 재시작 중...
  [SITL] px4 프로세스 감지됨 (1s). 안정화 대기 15s...
  [수집] 시작 (seed=2042, yaw-offset=2.000도, 시도 2/3, 타임아웃 4196초)
PX4 SITL에 연결 시도 중...
-> 드론에 연결됨!
GPS/홈 위치 확인 중...
Traceback (most recent call last):
  File "/home/ssh2003/MyProjects/quad-pinn-project/sim_scripts/data_collection/wind_random_dither_sweep.py", line 133, in _preflight
    async for health in drone.telemetry.health():
  File "/home/ssh2003/miniconda3/envs/px4sim/lib/python3.10/site-packages/mavsdk/telemetry.py", line 3584, in health
    async for response in health_stream:
  File "/home/ssh2003/miniconda3/envs/px4sim/lib/python3.10/site-packages/grpc/aio/_call.py", line 363, in _fetch_stream_responses
    message = await self._read()
  File "/home/ssh2003/miniconda3/envs/px4sim/lib/python3.10/site-packages/grpc/aio/_call.py", line 380, in _read
    raw_response = await self._cython_call.receive_serialized_message()
  File "src/python/grpcio/grpc/_cython/_cygrpc/aio/call.pyx.pxi", line 392, in receive_serialized_message
  File "src/python/grpcio/grpc/_cython/_cygrpc/aio/callback_common.pyx.pxi", line 126, in _receive_message
  File "src/python/grpcio/grpc/_cython/_cygrpc/aio/callback_common.pyx.pxi", line 99, in execute_batch
asyncio.exceptions.CancelledError

During handling of the above exception, another exception occurred:

Traceback (most recent call last):
  File "/home/ssh2003/miniconda3/envs/px4sim/lib/python3.10/asyncio/tasks.py", line 456, in wait_for
    return fut.result()
asyncio.exceptions.CancelledError

The above exception was the direct cause of the following exception:

Traceback (most recent call last):
  File "/home/ssh2003/MyProjects/quad-pinn-project/sim_scripts/data_collection/wind_random_dither_sweep.py", line 287, in run
    dither_task) = await asyncio.wait_for(_preflight(drone), timeout=PREFLIGHT_TIMEOUT_S)
  File "/home/ssh2003/miniconda3/envs/px4sim/lib/python3.10/asyncio/tasks.py", line 458, in wait_for
    raise exceptions.TimeoutError() from exc
asyncio.exceptions.TimeoutError

During handling of the above exception, another exception occurred:

Traceback (most recent call last):
  File "/home/ssh2003/MyProjects/quad-pinn-project/sim_scripts/data_collection/wind_random_dither_sweep.py", line 441, in <module>
    asyncio.run(run())
  File "/home/ssh2003/miniconda3/envs/px4sim/lib/python3.10/asyncio/runners.py", line 44, in run
    return loop.run_until_complete(main)
  File "/home/ssh2003/miniconda3/envs/px4sim/lib/python3.10/asyncio/base_events.py", line 649, in run_until_complete
    return future.result()
  File "/home/ssh2003/MyProjects/quad-pinn-project/sim_scripts/data_collection/wind_random_dither_sweep.py", line 289, in run
    raise RuntimeError(
RuntimeError: 이륙 준비(연결~offboard 시작)가 90초를 넘음 (SITL 재시작 문제 가능성)
  [수집] 세션 2 시도 2/3 실패 (exit code 1)
  [SITL] 기존 프로세스 정리 중 (정상종료 시도)...
Terminated
  [SITL] 강제 정리 (남아있는 프로세스 있으면)...
  [SITL] 재시작 중...
  [SITL] px4 프로세스 감지됨 (1s). 안정화 대기 15s...
  [수집] 시작 (seed=2042, yaw-offset=2.000도, 시도 3/3, 타임아웃 4196초)
PX4 SITL에 연결 시도 중...
-> 드론에 연결됨!
GPS/홈 위치 확인 중...
Traceback (most recent call last):
  File "/home/ssh2003/MyProjects/quad-pinn-project/sim_scripts/data_collection/wind_random_dither_sweep.py", line 133, in _preflight
    async for health in drone.telemetry.health():
  File "/home/ssh2003/miniconda3/envs/px4sim/lib/python3.10/site-packages/mavsdk/telemetry.py", line 3584, in health
    async for response in health_stream:
  File "/home/ssh2003/miniconda3/envs/px4sim/lib/python3.10/site-packages/grpc/aio/_call.py", line 363, in _fetch_stream_responses
    message = await self._read()
  File "/home/ssh2003/miniconda3/envs/px4sim/lib/python3.10/site-packages/grpc/aio/_call.py", line 380, in _read
    raw_response = await self._cython_call.receive_serialized_message()
  File "src/python/grpcio/grpc/_cython/_cygrpc/aio/call.pyx.pxi", line 392, in receive_serialized_message
  File "src/python/grpcio/grpc/_cython/_cygrpc/aio/callback_common.pyx.pxi", line 126, in _receive_message
  File "src/python/grpcio/grpc/_cython/_cygrpc/aio/callback_common.pyx.pxi", line 99, in execute_batch
asyncio.exceptions.CancelledError

During handling of the above exception, another exception occurred:

Traceback (most recent call last):
  File "/home/ssh2003/miniconda3/envs/px4sim/lib/python3.10/asyncio/tasks.py", line 456, in wait_for
    return fut.result()
asyncio.exceptions.CancelledError

The above exception was the direct cause of the following exception:

Traceback (most recent call last):
  File "/home/ssh2003/MyProjects/quad-pinn-project/sim_scripts/data_collection/wind_random_dither_sweep.py", line 287, in run
    dither_task) = await asyncio.wait_for(_preflight(drone), timeout=PREFLIGHT_TIMEOUT_S)
  File "/home/ssh2003/miniconda3/envs/px4sim/lib/python3.10/asyncio/tasks.py", line 458, in wait_for
    raise exceptions.TimeoutError() from exc
asyncio.exceptions.TimeoutError

During handling of the above exception, another exception occurred:

Traceback (most recent call last):
  File "/home/ssh2003/MyProjects/quad-pinn-project/sim_scripts/data_collection/wind_random_dither_sweep.py", line 441, in <module>
    asyncio.run(run())
  File "/home/ssh2003/miniconda3/envs/px4sim/lib/python3.10/asyncio/runners.py", line 44, in run
    return loop.run_until_complete(main)
  File "/home/ssh2003/miniconda3/envs/px4sim/lib/python3.10/asyncio/base_events.py", line 649, in run_until_complete
    return future.result()
  File "/home/ssh2003/MyProjects/quad-pinn-project/sim_scripts/data_collection/wind_random_dither_sweep.py", line 289, in run
    raise RuntimeError(
RuntimeError: 이륙 준비(연결~offboard 시작)가 90초를 넘음 (SITL 재시작 문제 가능성)
  [수집] 세션 2 시도 3/3 실패 (exit code 1)
  [수집] 세션 2 최종 실패 (3회 모두 실패) - 다음 세션으로 계속 진행

############################################################
# 세션 3/15
############################################################
  [SITL] 기존 프로세스 정리 중 (정상종료 시도)...
Terminated
  [SITL] 강제 정리 (남아있는 프로세스 있으면)...
  [SITL] 재시작 중...
  [SITL] px4 프로세스 감지됨 (1s). 안정화 대기 15s...
  [수집] 시작 (seed=3042, yaw-offset=4.000도, 시도 1/3, 타임아웃 4196초)
PX4 SITL에 연결 시도 중...
-> 드론에 연결됨!
GPS/홈 위치 확인 중...
Traceback (most recent call last):
  File "/home/ssh2003/MyProjects/quad-pinn-project/sim_scripts/data_collection/wind_random_dither_sweep.py", line 133, in _preflight
    async for health in drone.telemetry.health():
  File "/home/ssh2003/miniconda3/envs/px4sim/lib/python3.10/site-packages/mavsdk/telemetry.py", line 3584, in health
    async for response in health_stream:
  File "/home/ssh2003/miniconda3/envs/px4sim/lib/python3.10/site-packages/grpc/aio/_call.py", line 363, in _fetch_stream_responses
    message = await self._read()
  File "/home/ssh2003/miniconda3/envs/px4sim/lib/python3.10/site-packages/grpc/aio/_call.py", line 380, in _read
    raw_response = await self._cython_call.receive_serialized_message()
  File "src/python/grpcio/grpc/_cython/_cygrpc/aio/call.pyx.pxi", line 392, in receive_serialized_message
  File "src/python/grpcio/grpc/_cython/_cygrpc/aio/callback_common.pyx.pxi", line 126, in _receive_message
  File "src/python/grpcio/grpc/_cython/_cygrpc/aio/callback_common.pyx.pxi", line 99, in execute_batch
asyncio.exceptions.CancelledError

During handling of the above exception, another exception occurred:

Traceback (most recent call last):
  File "/home/ssh2003/miniconda3/envs/px4sim/lib/python3.10/asyncio/tasks.py", line 456, in wait_for
    return fut.result()
asyncio.exceptions.CancelledError

The above exception was the direct cause of the following exception:

Traceback (most recent call last):
  File "/home/ssh2003/MyProjects/quad-pinn-project/sim_scripts/data_collection/wind_random_dither_sweep.py", line 287, in run
    dither_task) = await asyncio.wait_for(_preflight(drone), timeout=PREFLIGHT_TIMEOUT_S)
  File "/home/ssh2003/miniconda3/envs/px4sim/lib/python3.10/asyncio/tasks.py", line 458, in wait_for
    raise exceptions.TimeoutError() from exc
asyncio.exceptions.TimeoutError

During handling of the above exception, another exception occurred:

Traceback (most recent call last):
  File "/home/ssh2003/MyProjects/quad-pinn-project/sim_scripts/data_collection/wind_random_dither_sweep.py", line 441, in <module>
    asyncio.run(run())
  File "/home/ssh2003/miniconda3/envs/px4sim/lib/python3.10/asyncio/runners.py", line 44, in run
    return loop.run_until_complete(main)
  File "/home/ssh2003/miniconda3/envs/px4sim/lib/python3.10/asyncio/base_events.py", line 649, in run_until_complete
    return future.result()
  File "/home/ssh2003/MyProjects/quad-pinn-project/sim_scripts/data_collection/wind_random_dither_sweep.py", line 289, in run
    raise RuntimeError(
RuntimeError: 이륙 준비(연결~offboard 시작)가 90초를 넘음 (SITL 재시작 문제 가능성)
  [수집] 세션 3 시도 1/3 실패 (exit code 1)
  [SITL] 기존 프로세스 정리 중 (정상종료 시도)...
Terminated
  [SITL] 강제 정리 (남아있는 프로세스 있으면)...
  [SITL] 재시작 중...
  [SITL] px4 프로세스 감지됨 (1s). 안정화 대기 15s...
  [수집] 시작 (seed=3042, yaw-offset=4.000도, 시도 2/3, 타임아웃 4196초)
PX4 SITL에 연결 시도 중...
-> 드론에 연결됨!
GPS/홈 위치 확인 중...
Traceback (most recent call last):
  File "/home/ssh2003/MyProjects/quad-pinn-project/sim_scripts/data_collection/wind_random_dither_sweep.py", line 133, in _preflight
    async for health in drone.telemetry.health():
  File "/home/ssh2003/miniconda3/envs/px4sim/lib/python3.10/site-packages/mavsdk/telemetry.py", line 3584, in health
    async for response in health_stream:
  File "/home/ssh2003/miniconda3/envs/px4sim/lib/python3.10/site-packages/grpc/aio/_call.py", line 363, in _fetch_stream_responses
    message = await self._read()
  File "/home/ssh2003/miniconda3/envs/px4sim/lib/python3.10/site-packages/grpc/aio/_call.py", line 380, in _read
    raw_response = await self._cython_call.receive_serialized_message()
  File "src/python/grpcio/grpc/_cython/_cygrpc/aio/call.pyx.pxi", line 392, in receive_serialized_message
  File "src/python/grpcio/grpc/_cython/_cygrpc/aio/callback_common.pyx.pxi", line 126, in _receive_message
  File "src/python/grpcio/grpc/_cython/_cygrpc/aio/callback_common.pyx.pxi", line 99, in execute_batch
asyncio.exceptions.CancelledError

During handling of the above exception, another exception occurred:

Traceback (most recent call last):
  File "/home/ssh2003/miniconda3/envs/px4sim/lib/python3.10/asyncio/tasks.py", line 456, in wait_for
    return fut.result()
asyncio.exceptions.CancelledError

The above exception was the direct cause of the following exception:

Traceback (most recent call last):
  File "/home/ssh2003/MyProjects/quad-pinn-project/sim_scripts/data_collection/wind_random_dither_sweep.py", line 287, in run
    dither_task) = await asyncio.wait_for(_preflight(drone), timeout=PREFLIGHT_TIMEOUT_S)
  File "/home/ssh2003/miniconda3/envs/px4sim/lib/python3.10/asyncio/tasks.py", line 458, in wait_for
    raise exceptions.TimeoutError() from exc
asyncio.exceptions.TimeoutError

During handling of the above exception, another exception occurred:

Traceback (most recent call last):
  File "/home/ssh2003/MyProjects/quad-pinn-project/sim_scripts/data_collection/wind_random_dither_sweep.py", line 441, in <module>
    asyncio.run(run())
  File "/home/ssh2003/miniconda3/envs/px4sim/lib/python3.10/asyncio/runners.py", line 44, in run
    return loop.run_until_complete(main)
  File "/home/ssh2003/miniconda3/envs/px4sim/lib/python3.10/asyncio/base_events.py", line 649, in run_until_complete
    return future.result()
  File "/home/ssh2003/MyProjects/quad-pinn-project/sim_scripts/data_collection/wind_random_dither_sweep.py", line 289, in run
    raise RuntimeError(
RuntimeError: 이륙 준비(연결~offboard 시작)가 90초를 넘음 (SITL 재시작 문제 가능성)
  [수집] 세션 3 시도 2/3 실패 (exit code 1)
  [SITL] 기존 프로세스 정리 중 (정상종료 시도)...
Terminated
  [SITL] 강제 정리 (남아있는 프로세스 있으면)...
  [SITL] 재시작 중...
  [SITL] px4 프로세스 감지됨 (1s). 안정화 대기 15s...
  [수집] 시작 (seed=3042, yaw-offset=4.000도, 시도 3/3, 타임아웃 4196초)
PX4 SITL에 연결 시도 중...
-> 드론에 연결됨!
GPS/홈 위치 확인 중...
Traceback (most recent call last):
  File "/home/ssh2003/MyProjects/quad-pinn-project/sim_scripts/data_collection/wind_random_dither_sweep.py", line 133, in _preflight
    async for health in drone.telemetry.health():
  File "/home/ssh2003/miniconda3/envs/px4sim/lib/python3.10/site-packages/mavsdk/telemetry.py", line 3584, in health
    async for response in health_stream:
  File "/home/ssh2003/miniconda3/envs/px4sim/lib/python3.10/site-packages/grpc/aio/_call.py", line 363, in _fetch_stream_responses
    message = await self._read()
  File "/home/ssh2003/miniconda3/envs/px4sim/lib/python3.10/site-packages/grpc/aio/_call.py", line 380, in _read
    raw_response = await self._cython_call.receive_serialized_message()
  File "src/python/grpcio/grpc/_cython/_cygrpc/aio/call.pyx.pxi", line 392, in receive_serialized_message
  File "src/python/grpcio/grpc/_cython/_cygrpc/aio/callback_common.pyx.pxi", line 126, in _receive_message
  File "src/python/grpcio/grpc/_cython/_cygrpc/aio/callback_common.pyx.pxi", line 99, in execute_batch
asyncio.exceptions.CancelledError

During handling of the above exception, another exception occurred:

Traceback (most recent call last):
  File "/home/ssh2003/miniconda3/envs/px4sim/lib/python3.10/asyncio/tasks.py", line 456, in wait_for
    return fut.result()
asyncio.exceptions.CancelledError

The above exception was the direct cause of the following exception:

Traceback (most recent call last):
  File "/home/ssh2003/MyProjects/quad-pinn-project/sim_scripts/data_collection/wind_random_dither_sweep.py", line 287, in run
    dither_task) = await asyncio.wait_for(_preflight(drone), timeout=PREFLIGHT_TIMEOUT_S)
  File "/home/ssh2003/miniconda3/envs/px4sim/lib/python3.10/asyncio/tasks.py", line 458, in wait_for
    raise exceptions.TimeoutError() from exc
asyncio.exceptions.TimeoutError

During handling of the above exception, another exception occurred:

Traceback (most recent call last):
  File "/home/ssh2003/MyProjects/quad-pinn-project/sim_scripts/data_collection/wind_random_dither_sweep.py", line 441, in <module>
    asyncio.run(run())
  File "/home/ssh2003/miniconda3/envs/px4sim/lib/python3.10/asyncio/runners.py", line 44, in run
    return loop.run_until_complete(main)
  File "/home/ssh2003/miniconda3/envs/px4sim/lib/python3.10/asyncio/base_events.py", line 649, in run_until_complete
    return future.result()
  File "/home/ssh2003/MyProjects/quad-pinn-project/sim_scripts/data_collection/wind_random_dither_sweep.py", line 289, in run
    raise RuntimeError(
RuntimeError: 이륙 준비(연결~offboard 시작)가 90초를 넘음 (SITL 재시작 문제 가능성)
  [수집] 세션 3 시도 3/3 실패 (exit code 1)
  [수집] 세션 3 최종 실패 (3회 모두 실패) - 다음 세션으로 계속 진행

############################################################
# 세션 4/15
############################################################
  [SITL] 기존 프로세스 정리 중 (정상종료 시도)...
Terminated
  [SITL] 강제 정리 (남아있는 프로세스 있으면)...
  [SITL] 재시작 중...
  [SITL] px4 프로세스 감지됨 (1s). 안정화 대기 15s...
  [수집] 시작 (seed=4042, yaw-offset=6.000도, 시도 1/3, 타임아웃 4196초)
PX4 SITL에 연결 시도 중...
-> 드론에 연결됨!
GPS/홈 위치 확인 중...
Traceback (most recent call last):
  File "/home/ssh2003/MyProjects/quad-pinn-project/sim_scripts/data_collection/wind_random_dither_sweep.py", line 133, in _preflight
    async for health in drone.telemetry.health():
  File "/home/ssh2003/miniconda3/envs/px4sim/lib/python3.10/site-packages/mavsdk/telemetry.py", line 3584, in health
    async for response in health_stream:
  File "/home/ssh2003/miniconda3/envs/px4sim/lib/python3.10/site-packages/grpc/aio/_call.py", line 363, in _fetch_stream_responses
    message = await self._read()
  File "/home/ssh2003/miniconda3/envs/px4sim/lib/python3.10/site-packages/grpc/aio/_call.py", line 380, in _read
    raw_response = await self._cython_call.receive_serialized_message()
  File "src/python/grpcio/grpc/_cython/_cygrpc/aio/call.pyx.pxi", line 392, in receive_serialized_message
  File "src/python/grpcio/grpc/_cython/_cygrpc/aio/callback_common.pyx.pxi", line 126, in _receive_message
  File "src/python/grpcio/grpc/_cython/_cygrpc/aio/callback_common.pyx.pxi", line 99, in execute_batch
asyncio.exceptions.CancelledError

During handling of the above exception, another exception occurred:

Traceback (most recent call last):
  File "/home/ssh2003/miniconda3/envs/px4sim/lib/python3.10/asyncio/tasks.py", line 456, in wait_for
    return fut.result()
asyncio.exceptions.CancelledError

The above exception was the direct cause of the following exception:

Traceback (most recent call last):
  File "/home/ssh2003/MyProjects/quad-pinn-project/sim_scripts/data_collection/wind_random_dither_sweep.py", line 287, in run
    dither_task) = await asyncio.wait_for(_preflight(drone), timeout=PREFLIGHT_TIMEOUT_S)
  File "/home/ssh2003/miniconda3/envs/px4sim/lib/python3.10/asyncio/tasks.py", line 458, in wait_for
    raise exceptions.TimeoutError() from exc
asyncio.exceptions.TimeoutError

During handling of the above exception, another exception occurred:

Traceback (most recent call last):
  File "/home/ssh2003/MyProjects/quad-pinn-project/sim_scripts/data_collection/wind_random_dither_sweep.py", line 441, in <module>
    asyncio.run(run())
  File "/home/ssh2003/miniconda3/envs/px4sim/lib/python3.10/asyncio/runners.py", line 44, in run
    return loop.run_until_complete(main)
  File "/home/ssh2003/miniconda3/envs/px4sim/lib/python3.10/asyncio/base_events.py", line 649, in run_until_complete
    return future.result()
  File "/home/ssh2003/MyProjects/quad-pinn-project/sim_scripts/data_collection/wind_random_dither_sweep.py", line 289, in run
    raise RuntimeError(
RuntimeError: 이륙 준비(연결~offboard 시작)가 90초를 넘음 (SITL 재시작 문제 가능성)
  [수집] 세션 4 시도 1/3 실패 (exit code 1)
  [SITL] 기존 프로세스 정리 중 (정상종료 시도)...
Terminated
  [SITL] 강제 정리 (남아있는 프로세스 있으면)...
  [SITL] 재시작 중...
  [SITL] px4 프로세스 감지됨 (1s). 안정화 대기 15s...
  [수집] 시작 (seed=4042, yaw-offset=6.000도, 시도 2/3, 타임아웃 4196초)
PX4 SITL에 연결 시도 중...
-> 드론에 연결됨!
GPS/홈 위치 확인 중...
Traceback (most recent call last):
  File "/home/ssh2003/MyProjects/quad-pinn-project/sim_scripts/data_collection/wind_random_dither_sweep.py", line 133, in _preflight
    async for health in drone.telemetry.health():
  File "/home/ssh2003/miniconda3/envs/px4sim/lib/python3.10/site-packages/mavsdk/telemetry.py", line 3584, in health
    async for response in health_stream:
  File "/home/ssh2003/miniconda3/envs/px4sim/lib/python3.10/site-packages/grpc/aio/_call.py", line 363, in _fetch_stream_responses
    message = await self._read()
  File "/home/ssh2003/miniconda3/envs/px4sim/lib/python3.10/site-packages/grpc/aio/_call.py", line 380, in _read
    raw_response = await self._cython_call.receive_serialized_message()
  File "src/python/grpcio/grpc/_cython/_cygrpc/aio/call.pyx.pxi", line 392, in receive_serialized_message
  File "src/python/grpcio/grpc/_cython/_cygrpc/aio/callback_common.pyx.pxi", line 126, in _receive_message
  File "src/python/grpcio/grpc/_cython/_cygrpc/aio/callback_common.pyx.pxi", line 99, in execute_batch
asyncio.exceptions.CancelledError

During handling of the above exception, another exception occurred:

Traceback (most recent call last):
  File "/home/ssh2003/miniconda3/envs/px4sim/lib/python3.10/asyncio/tasks.py", line 456, in wait_for
    return fut.result()
asyncio.exceptions.CancelledError

The above exception was the direct cause of the following exception:

Traceback (most recent call last):
  File "/home/ssh2003/MyProjects/quad-pinn-project/sim_scripts/data_collection/wind_random_dither_sweep.py", line 287, in run
    dither_task) = await asyncio.wait_for(_preflight(drone), timeout=PREFLIGHT_TIMEOUT_S)
  File "/home/ssh2003/miniconda3/envs/px4sim/lib/python3.10/asyncio/tasks.py", line 458, in wait_for
    raise exceptions.TimeoutError() from exc
asyncio.exceptions.TimeoutError

During handling of the above exception, another exception occurred:

Traceback (most recent call last):
  File "/home/ssh2003/MyProjects/quad-pinn-project/sim_scripts/data_collection/wind_random_dither_sweep.py", line 441, in <module>
    asyncio.run(run())
  File "/home/ssh2003/miniconda3/envs/px4sim/lib/python3.10/asyncio/runners.py", line 44, in run
    return loop.run_until_complete(main)
  File "/home/ssh2003/miniconda3/envs/px4sim/lib/python3.10/asyncio/base_events.py", line 649, in run_until_complete
    return future.result()
  File "/home/ssh2003/MyProjects/quad-pinn-project/sim_scripts/data_collection/wind_random_dither_sweep.py", line 289, in run
    raise RuntimeError(
RuntimeError: 이륙 준비(연결~offboard 시작)가 90초를 넘음 (SITL 재시작 문제 가능성)
  [수집] 세션 4 시도 2/3 실패 (exit code 1)
  [SITL] 기존 프로세스 정리 중 (정상종료 시도)...
Terminated
  [SITL] 강제 정리 (남아있는 프로세스 있으면)...
  [SITL] 재시작 중...
  [SITL] px4 프로세스 감지됨 (1s). 안정화 대기 15s...
  [수집] 시작 (seed=4042, yaw-offset=6.000도, 시도 3/3, 타임아웃 4196초)
PX4 SITL에 연결 시도 중...
-> 드론에 연결됨!
GPS/홈 위치 확인 중...
Traceback (most recent call last):
  File "/home/ssh2003/MyProjects/quad-pinn-project/sim_scripts/data_collection/wind_random_dither_sweep.py", line 133, in _preflight
    async for health in drone.telemetry.health():
  File "/home/ssh2003/miniconda3/envs/px4sim/lib/python3.10/site-packages/mavsdk/telemetry.py", line 3584, in health
    async for response in health_stream:
  File "/home/ssh2003/miniconda3/envs/px4sim/lib/python3.10/site-packages/grpc/aio/_call.py", line 363, in _fetch_stream_responses
    message = await self._read()
  File "/home/ssh2003/miniconda3/envs/px4sim/lib/python3.10/site-packages/grpc/aio/_call.py", line 380, in _read
    raw_response = await self._cython_call.receive_serialized_message()
  File "src/python/grpcio/grpc/_cython/_cygrpc/aio/call.pyx.pxi", line 392, in receive_serialized_message
  File "src/python/grpcio/grpc/_cython/_cygrpc/aio/callback_common.pyx.pxi", line 126, in _receive_message
  File "src/python/grpcio/grpc/_cython/_cygrpc/aio/callback_common.pyx.pxi", line 99, in execute_batch
asyncio.exceptions.CancelledError

During handling of the above exception, another exception occurred:

Traceback (most recent call last):
  File "/home/ssh2003/miniconda3/envs/px4sim/lib/python3.10/asyncio/tasks.py", line 456, in wait_for
    return fut.result()
asyncio.exceptions.CancelledError

The above exception was the direct cause of the following exception:

Traceback (most recent call last):
  File "/home/ssh2003/MyProjects/quad-pinn-project/sim_scripts/data_collection/wind_random_dither_sweep.py", line 287, in run
    dither_task) = await asyncio.wait_for(_preflight(drone), timeout=PREFLIGHT_TIMEOUT_S)
  File "/home/ssh2003/miniconda3/envs/px4sim/lib/python3.10/asyncio/tasks.py", line 458, in wait_for
    raise exceptions.TimeoutError() from exc
asyncio.exceptions.TimeoutError

During handling of the above exception, another exception occurred:

Traceback (most recent call last):
  File "/home/ssh2003/MyProjects/quad-pinn-project/sim_scripts/data_collection/wind_random_dither_sweep.py", line 441, in <module>
    asyncio.run(run())
  File "/home/ssh2003/miniconda3/envs/px4sim/lib/python3.10/asyncio/runners.py", line 44, in run
    return loop.run_until_complete(main)
  File "/home/ssh2003/miniconda3/envs/px4sim/lib/python3.10/asyncio/base_events.py", line 649, in run_until_complete
    return future.result()
  File "/home/ssh2003/MyProjects/quad-pinn-project/sim_scripts/data_collection/wind_random_dither_sweep.py", line 289, in run
    raise RuntimeError(
RuntimeError: 이륙 준비(연결~offboard 시작)가 90초를 넘음 (SITL 재시작 문제 가능성)
  [수집] 세션 4 시도 3/3 실패 (exit code 1)
  [수집] 세션 4 최종 실패 (3회 모두 실패) - 다음 세션으로 계속 진행

############################################################
# 세션 5/15
############################################################
  [SITL] 기존 프로세스 정리 중 (정상종료 시도)...
Terminated
  [SITL] 강제 정리 (남아있는 프로세스 있으면)...
  [SITL] 재시작 중...
  [SITL] px4 프로세스 감지됨 (1s). 안정화 대기 15s...
  [수집] 시작 (seed=5042, yaw-offset=8.000도, 시도 1/3, 타임아웃 4196초)
PX4 SITL에 연결 시도 중...
-> 드론에 연결됨!
GPS/홈 위치 확인 중...
Traceback (most recent call last):
  File "/home/ssh2003/MyProjects/quad-pinn-project/sim_scripts/data_collection/wind_random_dither_sweep.py", line 133, in _preflight
    async for health in drone.telemetry.health():
  File "/home/ssh2003/miniconda3/envs/px4sim/lib/python3.10/site-packages/mavsdk/telemetry.py", line 3584, in health
    async for response in health_stream:
  File "/home/ssh2003/miniconda3/envs/px4sim/lib/python3.10/site-packages/grpc/aio/_call.py", line 363, in _fetch_stream_responses
    message = await self._read()
  File "/home/ssh2003/miniconda3/envs/px4sim/lib/python3.10/site-packages/grpc/aio/_call.py", line 380, in _read
    raw_response = await self._cython_call.receive_serialized_message()
  File "src/python/grpcio/grpc/_cython/_cygrpc/aio/call.pyx.pxi", line 392, in receive_serialized_message
  File "src/python/grpcio/grpc/_cython/_cygrpc/aio/callback_common.pyx.pxi", line 126, in _receive_message
  File "src/python/grpcio/grpc/_cython/_cygrpc/aio/callback_common.pyx.pxi", line 99, in execute_batch
asyncio.exceptions.CancelledError

During handling of the above exception, another exception occurred:

Traceback (most recent call last):
  File "/home/ssh2003/miniconda3/envs/px4sim/lib/python3.10/asyncio/tasks.py", line 456, in wait_for
    return fut.result()
asyncio.exceptions.CancelledError

The above exception was the direct cause of the following exception:

Traceback (most recent call last):
  File "/home/ssh2003/MyProjects/quad-pinn-project/sim_scripts/data_collection/wind_random_dither_sweep.py", line 287, in run
    dither_task) = await asyncio.wait_for(_preflight(drone), timeout=PREFLIGHT_TIMEOUT_S)
  File "/home/ssh2003/miniconda3/envs/px4sim/lib/python3.10/asyncio/tasks.py", line 458, in wait_for
    raise exceptions.TimeoutError() from exc
asyncio.exceptions.TimeoutError

During handling of the above exception, another exception occurred:

Traceback (most recent call last):
  File "/home/ssh2003/MyProjects/quad-pinn-project/sim_scripts/data_collection/wind_random_dither_sweep.py", line 441, in <module>
    asyncio.run(run())
  File "/home/ssh2003/miniconda3/envs/px4sim/lib/python3.10/asyncio/runners.py", line 44, in run
    return loop.run_until_complete(main)
  File "/home/ssh2003/miniconda3/envs/px4sim/lib/python3.10/asyncio/base_events.py", line 649, in run_until_complete
    return future.result()
  File "/home/ssh2003/MyProjects/quad-pinn-project/sim_scripts/data_collection/wind_random_dither_sweep.py", line 289, in run
    raise RuntimeError(
RuntimeError: 이륙 준비(연결~offboard 시작)가 90초를 넘음 (SITL 재시작 문제 가능성)
  [수집] 세션 5 시도 1/3 실패 (exit code 1)
  [SITL] 기존 프로세스 정리 중 (정상종료 시도)...
Terminated
  [SITL] 강제 정리 (남아있는 프로세스 있으면)...
  [SITL] 재시작 중...
  [SITL] px4 프로세스 감지됨 (1s). 안정화 대기 15s...
  [수집] 시작 (seed=5042, yaw-offset=8.000도, 시도 2/3, 타임아웃 4196초)
PX4 SITL에 연결 시도 중...
-> 드론에 연결됨!
GPS/홈 위치 확인 중...
Traceback (most recent call last):
  File "/home/ssh2003/MyProjects/quad-pinn-project/sim_scripts/data_collection/wind_random_dither_sweep.py", line 133, in _preflight
    async for health in drone.telemetry.health():
  File "/home/ssh2003/miniconda3/envs/px4sim/lib/python3.10/site-packages/mavsdk/telemetry.py", line 3584, in health
    async for response in health_stream:
  File "/home/ssh2003/miniconda3/envs/px4sim/lib/python3.10/site-packages/grpc/aio/_call.py", line 363, in _fetch_stream_responses
    message = await self._read()
  File "/home/ssh2003/miniconda3/envs/px4sim/lib/python3.10/site-packages/grpc/aio/_call.py", line 380, in _read
    raw_response = await self._cython_call.receive_serialized_message()
  File "src/python/grpcio/grpc/_cython/_cygrpc/aio/call.pyx.pxi", line 392, in receive_serialized_message
  File "src/python/grpcio/grpc/_cython/_cygrpc/aio/callback_common.pyx.pxi", line 126, in _receive_message
  File "src/python/grpcio/grpc/_cython/_cygrpc/aio/callback_common.pyx.pxi", line 99, in execute_batch
asyncio.exceptions.CancelledError

During handling of the above exception, another exception occurred:

Traceback (most recent call last):
  File "/home/ssh2003/miniconda3/envs/px4sim/lib/python3.10/asyncio/tasks.py", line 456, in wait_for
    return fut.result()
asyncio.exceptions.CancelledError

The above exception was the direct cause of the following exception:

Traceback (most recent call last):
  File "/home/ssh2003/MyProjects/quad-pinn-project/sim_scripts/data_collection/wind_random_dither_sweep.py", line 287, in run
    dither_task) = await asyncio.wait_for(_preflight(drone), timeout=PREFLIGHT_TIMEOUT_S)
  File "/home/ssh2003/miniconda3/envs/px4sim/lib/python3.10/asyncio/tasks.py", line 458, in wait_for
    raise exceptions.TimeoutError() from exc
asyncio.exceptions.TimeoutError

During handling of the above exception, another exception occurred:

Traceback (most recent call last):
  File "/home/ssh2003/MyProjects/quad-pinn-project/sim_scripts/data_collection/wind_random_dither_sweep.py", line 441, in <module>
    asyncio.run(run())
  File "/home/ssh2003/miniconda3/envs/px4sim/lib/python3.10/asyncio/runners.py", line 44, in run
    return loop.run_until_complete(main)
  File "/home/ssh2003/miniconda3/envs/px4sim/lib/python3.10/asyncio/base_events.py", line 649, in run_until_complete
    return future.result()
  File "/home/ssh2003/MyProjects/quad-pinn-project/sim_scripts/data_collection/wind_random_dither_sweep.py", line 289, in run
    raise RuntimeError(
RuntimeError: 이륙 준비(연결~offboard 시작)가 90초를 넘음 (SITL 재시작 문제 가능성)
  [수집] 세션 5 시도 2/3 실패 (exit code 1)
  [SITL] 기존 프로세스 정리 중 (정상종료 시도)...
Terminated
  [SITL] 강제 정리 (남아있는 프로세스 있으면)...
  [SITL] 재시작 중...
  [SITL] px4 프로세스 감지됨 (1s). 안정화 대기 15s...
  [수집] 시작 (seed=5042, yaw-offset=8.000도, 시도 3/3, 타임아웃 4196초)
PX4 SITL에 연결 시도 중...
-> 드론에 연결됨!
GPS/홈 위치 확인 중...
Traceback (most recent call last):
  File "/home/ssh2003/MyProjects/quad-pinn-project/sim_scripts/data_collection/wind_random_dither_sweep.py", line 133, in _preflight
    async for health in drone.telemetry.health():
  File "/home/ssh2003/miniconda3/envs/px4sim/lib/python3.10/site-packages/mavsdk/telemetry.py", line 3584, in health
    async for response in health_stream:
  File "/home/ssh2003/miniconda3/envs/px4sim/lib/python3.10/site-packages/grpc/aio/_call.py", line 363, in _fetch_stream_responses
    message = await self._read()
  File "/home/ssh2003/miniconda3/envs/px4sim/lib/python3.10/site-packages/grpc/aio/_call.py", line 380, in _read
    raw_response = await self._cython_call.receive_serialized_message()
  File "src/python/grpcio/grpc/_cython/_cygrpc/aio/call.pyx.pxi", line 392, in receive_serialized_message
  File "src/python/grpcio/grpc/_cython/_cygrpc/aio/callback_common.pyx.pxi", line 126, in _receive_message
  File "src/python/grpcio/grpc/_cython/_cygrpc/aio/callback_common.pyx.pxi", line 99, in execute_batch
asyncio.exceptions.CancelledError

During handling of the above exception, another exception occurred:

Traceback (most recent call last):
  File "/home/ssh2003/miniconda3/envs/px4sim/lib/python3.10/asyncio/tasks.py", line 456, in wait_for
    return fut.result()
asyncio.exceptions.CancelledError

The above exception was the direct cause of the following exception:

Traceback (most recent call last):
  File "/home/ssh2003/MyProjects/quad-pinn-project/sim_scripts/data_collection/wind_random_dither_sweep.py", line 287, in run
    dither_task) = await asyncio.wait_for(_preflight(drone), timeout=PREFLIGHT_TIMEOUT_S)
  File "/home/ssh2003/miniconda3/envs/px4sim/lib/python3.10/asyncio/tasks.py", line 458, in wait_for
    raise exceptions.TimeoutError() from exc
asyncio.exceptions.TimeoutError

During handling of the above exception, another exception occurred:

Traceback (most recent call last):
  File "/home/ssh2003/MyProjects/quad-pinn-project/sim_scripts/data_collection/wind_random_dither_sweep.py", line 441, in <module>
    asyncio.run(run())
  File "/home/ssh2003/miniconda3/envs/px4sim/lib/python3.10/asyncio/runners.py", line 44, in run
    return loop.run_until_complete(main)
  File "/home/ssh2003/miniconda3/envs/px4sim/lib/python3.10/asyncio/base_events.py", line 649, in run_until_complete
    return future.result()
  File "/home/ssh2003/MyProjects/quad-pinn-project/sim_scripts/data_collection/wind_random_dither_sweep.py", line 289, in run
    raise RuntimeError(
RuntimeError: 이륙 준비(연결~offboard 시작)가 90초를 넘음 (SITL 재시작 문제 가능성)
  [수집] 세션 5 시도 3/3 실패 (exit code 1)
  [수집] 세션 5 최종 실패 (3회 모두 실패) - 다음 세션으로 계속 진행

############################################################
# 세션 6/15
############################################################
  [SITL] 기존 프로세스 정리 중 (정상종료 시도)...
Terminated
  [SITL] 강제 정리 (남아있는 프로세스 있으면)...
  [SITL] 재시작 중...
  [SITL] px4 프로세스 감지됨 (1s). 안정화 대기 15s...
  [수집] 시작 (seed=6042, yaw-offset=10.000도, 시도 1/3, 타임아웃 4196초)
PX4 SITL에 연결 시도 중...
-> 드론에 연결됨!
GPS/홈 위치 확인 중...
Traceback (most recent call last):
  File "/home/ssh2003/MyProjects/quad-pinn-project/sim_scripts/data_collection/wind_random_dither_sweep.py", line 133, in _preflight
    async for health in drone.telemetry.health():
  File "/home/ssh2003/miniconda3/envs/px4sim/lib/python3.10/site-packages/mavsdk/telemetry.py", line 3584, in health
    async for response in health_stream:
  File "/home/ssh2003/miniconda3/envs/px4sim/lib/python3.10/site-packages/grpc/aio/_call.py", line 363, in _fetch_stream_responses
    message = await self._read()
  File "/home/ssh2003/miniconda3/envs/px4sim/lib/python3.10/site-packages/grpc/aio/_call.py", line 380, in _read
    raw_response = await self._cython_call.receive_serialized_message()
  File "src/python/grpcio/grpc/_cython/_cygrpc/aio/call.pyx.pxi", line 392, in receive_serialized_message
  File "src/python/grpcio/grpc/_cython/_cygrpc/aio/callback_common.pyx.pxi", line 126, in _receive_message
  File "src/python/grpcio/grpc/_cython/_cygrpc/aio/callback_common.pyx.pxi", line 99, in execute_batch
asyncio.exceptions.CancelledError

During handling of the above exception, another exception occurred:

Traceback (most recent call last):
  File "/home/ssh2003/miniconda3/envs/px4sim/lib/python3.10/asyncio/tasks.py", line 456, in wait_for
    return fut.result()
asyncio.exceptions.CancelledError

The above exception was the direct cause of the following exception:

Traceback (most recent call last):
  File "/home/ssh2003/MyProjects/quad-pinn-project/sim_scripts/data_collection/wind_random_dither_sweep.py", line 287, in run
    dither_task) = await asyncio.wait_for(_preflight(drone), timeout=PREFLIGHT_TIMEOUT_S)
  File "/home/ssh2003/miniconda3/envs/px4sim/lib/python3.10/asyncio/tasks.py", line 458, in wait_for
    raise exceptions.TimeoutError() from exc
asyncio.exceptions.TimeoutError

During handling of the above exception, another exception occurred:

Traceback (most recent call last):
  File "/home/ssh2003/MyProjects/quad-pinn-project/sim_scripts/data_collection/wind_random_dither_sweep.py", line 441, in <module>
    asyncio.run(run())
  File "/home/ssh2003/miniconda3/envs/px4sim/lib/python3.10/asyncio/runners.py", line 44, in run
    return loop.run_until_complete(main)
  File "/home/ssh2003/miniconda3/envs/px4sim/lib/python3.10/asyncio/base_events.py", line 649, in run_until_complete
    return future.result()
  File "/home/ssh2003/MyProjects/quad-pinn-project/sim_scripts/data_collection/wind_random_dither_sweep.py", line 289, in run
    raise RuntimeError(
RuntimeError: 이륙 준비(연결~offboard 시작)가 90초를 넘음 (SITL 재시작 문제 가능성)
  [수집] 세션 6 시도 1/3 실패 (exit code 1)
  [SITL] 기존 프로세스 정리 중 (정상종료 시도)...
Terminated
  [SITL] 강제 정리 (남아있는 프로세스 있으면)...
  [SITL] 재시작 중...
  [SITL] px4 프로세스 감지됨 (1s). 안정화 대기 15s...
  [수집] 시작 (seed=6042, yaw-offset=10.000도, 시도 2/3, 타임아웃 4196초)
PX4 SITL에 연결 시도 중...
-> 드론에 연결됨!
GPS/홈 위치 확인 중...
Traceback (most recent call last):
  File "/home/ssh2003/MyProjects/quad-pinn-project/sim_scripts/data_collection/wind_random_dither_sweep.py", line 133, in _preflight
    async for health in drone.telemetry.health():
  File "/home/ssh2003/miniconda3/envs/px4sim/lib/python3.10/site-packages/mavsdk/telemetry.py", line 3584, in health
    async for response in health_stream:
  File "/home/ssh2003/miniconda3/envs/px4sim/lib/python3.10/site-packages/grpc/aio/_call.py", line 363, in _fetch_stream_responses
    message = await self._read()
  File "/home/ssh2003/miniconda3/envs/px4sim/lib/python3.10/site-packages/grpc/aio/_call.py", line 380, in _read
    raw_response = await self._cython_call.receive_serialized_message()
  File "src/python/grpcio/grpc/_cython/_cygrpc/aio/call.pyx.pxi", line 392, in receive_serialized_message
  File "src/python/grpcio/grpc/_cython/_cygrpc/aio/callback_common.pyx.pxi", line 126, in _receive_message
  File "src/python/grpcio/grpc/_cython/_cygrpc/aio/callback_common.pyx.pxi", line 99, in execute_batch
asyncio.exceptions.CancelledError

During handling of the above exception, another exception occurred:

Traceback (most recent call last):
  File "/home/ssh2003/miniconda3/envs/px4sim/lib/python3.10/asyncio/tasks.py", line 456, in wait_for
    return fut.result()
asyncio.exceptions.CancelledError

The above exception was the direct cause of the following exception:

Traceback (most recent call last):
  File "/home/ssh2003/MyProjects/quad-pinn-project/sim_scripts/data_collection/wind_random_dither_sweep.py", line 287, in run
    dither_task) = await asyncio.wait_for(_preflight(drone), timeout=PREFLIGHT_TIMEOUT_S)
  File "/home/ssh2003/miniconda3/envs/px4sim/lib/python3.10/asyncio/tasks.py", line 458, in wait_for
    raise exceptions.TimeoutError() from exc
asyncio.exceptions.TimeoutError

During handling of the above exception, another exception occurred:

Traceback (most recent call last):
  File "/home/ssh2003/MyProjects/quad-pinn-project/sim_scripts/data_collection/wind_random_dither_sweep.py", line 441, in <module>
    asyncio.run(run())
  File "/home/ssh2003/miniconda3/envs/px4sim/lib/python3.10/asyncio/runners.py", line 44, in run
    return loop.run_until_complete(main)
  File "/home/ssh2003/miniconda3/envs/px4sim/lib/python3.10/asyncio/base_events.py", line 649, in run_until_complete
    return future.result()
  File "/home/ssh2003/MyProjects/quad-pinn-project/sim_scripts/data_collection/wind_random_dither_sweep.py", line 289, in run
    raise RuntimeError(
RuntimeError: 이륙 준비(연결~offboard 시작)가 90초를 넘음 (SITL 재시작 문제 가능성)
  [수집] 세션 6 시도 2/3 실패 (exit code 1)
  [SITL] 기존 프로세스 정리 중 (정상종료 시도)...
Terminated
  [SITL] 강제 정리 (남아있는 프로세스 있으면)...
  [SITL] 재시작 중...
  [SITL] px4 프로세스 감지됨 (1s). 안정화 대기 15s...
  [수집] 시작 (seed=6042, yaw-offset=10.000도, 시도 3/3, 타임아웃 4196초)
PX4 SITL에 연결 시도 중...
-> 드론에 연결됨!
GPS/홈 위치 확인 중...
Traceback (most recent call last):
  File "/home/ssh2003/MyProjects/quad-pinn-project/sim_scripts/data_collection/wind_random_dither_sweep.py", line 133, in _preflight
    async for health in drone.telemetry.health():
  File "/home/ssh2003/miniconda3/envs/px4sim/lib/python3.10/site-packages/mavsdk/telemetry.py", line 3584, in health
    async for response in health_stream:
  File "/home/ssh2003/miniconda3/envs/px4sim/lib/python3.10/site-packages/grpc/aio/_call.py", line 363, in _fetch_stream_responses
    message = await self._read()
  File "/home/ssh2003/miniconda3/envs/px4sim/lib/python3.10/site-packages/grpc/aio/_call.py", line 380, in _read
    raw_response = await self._cython_call.receive_serialized_message()
  File "src/python/grpcio/grpc/_cython/_cygrpc/aio/call.pyx.pxi", line 392, in receive_serialized_message
  File "src/python/grpcio/grpc/_cython/_cygrpc/aio/callback_common.pyx.pxi", line 126, in _receive_message
  File "src/python/grpcio/grpc/_cython/_cygrpc/aio/callback_common.pyx.pxi", line 99, in execute_batch
asyncio.exceptions.CancelledError

During handling of the above exception, another exception occurred:

Traceback (most recent call last):
  File "/home/ssh2003/miniconda3/envs/px4sim/lib/python3.10/asyncio/tasks.py", line 456, in wait_for
    return fut.result()
asyncio.exceptions.CancelledError

The above exception was the direct cause of the following exception:

Traceback (most recent call last):
  File "/home/ssh2003/MyProjects/quad-pinn-project/sim_scripts/data_collection/wind_random_dither_sweep.py", line 287, in run
    dither_task) = await asyncio.wait_for(_preflight(drone), timeout=PREFLIGHT_TIMEOUT_S)
  File "/home/ssh2003/miniconda3/envs/px4sim/lib/python3.10/asyncio/tasks.py", line 458, in wait_for
    raise exceptions.TimeoutError() from exc
asyncio.exceptions.TimeoutError

During handling of the above exception, another exception occurred:

Traceback (most recent call last):
  File "/home/ssh2003/MyProjects/quad-pinn-project/sim_scripts/data_collection/wind_random_dither_sweep.py", line 441, in <module>
    asyncio.run(run())
  File "/home/ssh2003/miniconda3/envs/px4sim/lib/python3.10/asyncio/runners.py", line 44, in run
    return loop.run_until_complete(main)
  File "/home/ssh2003/miniconda3/envs/px4sim/lib/python3.10/asyncio/base_events.py", line 649, in run_until_complete
    return future.result()
  File "/home/ssh2003/MyProjects/quad-pinn-project/sim_scripts/data_collection/wind_random_dither_sweep.py", line 289, in run
    raise RuntimeError(
RuntimeError: 이륙 준비(연결~offboard 시작)가 90초를 넘음 (SITL 재시작 문제 가능성)
  [수집] 세션 6 시도 3/3 실패 (exit code 1)
  [수집] 세션 6 최종 실패 (3회 모두 실패) - 다음 세션으로 계속 진행

############################################################
# 세션 7/15
############################################################
  [SITL] 기존 프로세스 정리 중 (정상종료 시도)...
Terminated
  [SITL] 강제 정리 (남아있는 프로세스 있으면)...
  [SITL] 재시작 중...
  [SITL] px4 프로세스 감지됨 (1s). 안정화 대기 15s...
