
############################################################
# k_noise_sigma=0.0  (Thu Aug 20 02:02:20 KST 2026)
############################################################
  epoch  135  train_data_loss=0.6558  physics_loss=1.3766  rot_loss=24.1623  val_MAE=0.458m/s  k=0.0070
  epoch  140  train_data_loss=0.6548  physics_loss=1.3767  rot_loss=24.1467  val_MAE=0.441m/s  k=0.0070
  epoch  145  train_data_loss=0.6548  physics_loss=1.3766  rot_loss=24.1566  val_MAE=0.449m/s  k=0.0070
  epoch  150  train_data_loss=0.6560  physics_loss=1.3766  rot_loss=24.1519  val_MAE=0.445m/s  k=0.0070
  epoch  155  train_data_loss=0.6556  physics_loss=1.3767  rot_loss=24.1478  val_MAE=0.446m/s  k=0.0069
  epoch  160  train_data_loss=0.6532  physics_loss=1.3767  rot_loss=24.1456  val_MAE=0.456m/s  k=0.0070
  epoch  165  train_data_loss=0.6528  physics_loss=1.3767  rot_loss=24.1552  val_MAE=0.442m/s  k=0.0070
  epoch  170  train_data_loss=0.6518  physics_loss=1.3766  rot_loss=24.1447  val_MAE=0.438m/s  k=0.0070
  epoch  175  train_data_loss=0.6504  physics_loss=1.3766  rot_loss=24.1438  val_MAE=0.449m/s  k=0.0070
  -> 50epoch 동안 개선 없어 조기 종료 (epoch 177, best_epoch=127)

최적 체크포인트: epoch 127  val_MAE=0.434m/s
=== 최종 검증(val, 미학습 바람조건 158380개, best checkpoint) ===
  wind_vx MAE=0.411 m/s  wind_vy MAE=0.457 m/s
  풍속(speed) MAE=0.381 m/s (평균 실제 풍속=5.17 m/s)
  학습된 항력계수 k = 0.00699
  [회전] omega_dot 물리잔차 MAE = 3.0184 rad/s^2
  [회전] tau_disturbance 평균 크기 = 0.0846 N*m

모델 저장됨: /home/ssh2003/MyProjects/quad-pinn-project/offline_training/wind_estimator.pt

############################################################
# k_noise_sigma=0.02  (Thu Aug 20 02:32:22 KST 2026)
############################################################
  epoch   95  train_data_loss=0.6742  physics_loss=1.3766  rot_loss=24.1859  val_MAE=0.451m/s  k=0.0069
  epoch  100  train_data_loss=0.6747  physics_loss=1.3766  rot_loss=24.1686  val_MAE=0.454m/s  k=0.0071
  epoch  105  train_data_loss=0.6736  physics_loss=1.3767  rot_loss=24.1676  val_MAE=0.444m/s  k=0.0070
  epoch  110  train_data_loss=0.6731  physics_loss=1.3766  rot_loss=24.1615  val_MAE=0.456m/s  k=0.0070
  epoch  115  train_data_loss=0.6707  physics_loss=1.3767  rot_loss=24.1696  val_MAE=0.442m/s  k=0.0070
  epoch  120  train_data_loss=0.6682  physics_loss=1.3767  rot_loss=24.1656  val_MAE=0.448m/s  k=0.0070
  epoch  125  train_data_loss=0.6678  physics_loss=1.3766  rot_loss=24.1647  val_MAE=0.445m/s  k=0.0070
  epoch  130  train_data_loss=0.6641  physics_loss=1.3766  rot_loss=24.1742  val_MAE=0.454m/s  k=0.0070
  epoch  135  train_data_loss=0.6632  physics_loss=1.3766  rot_loss=24.1662  val_MAE=0.438m/s  k=0.0070
  -> 50epoch 동안 개선 없어 조기 종료 (epoch 138, best_epoch=88)

최적 체크포인트: epoch 88  val_MAE=0.433m/s
=== 최종 검증(val, 미학습 바람조건 158380개, best checkpoint) ===
  wind_vx MAE=0.407 m/s  wind_vy MAE=0.459 m/s
  풍속(speed) MAE=0.385 m/s (평균 실제 풍속=5.17 m/s)
  학습된 항력계수 k = 0.00703
  [회전] omega_dot 물리잔차 MAE = 3.0197 rad/s^2
  [회전] tau_disturbance 평균 크기 = 0.0860 N*m

모델 저장됨: /home/ssh2003/MyProjects/quad-pinn-project/offline_training/wind_estimator.pt

############################################################
# k_noise_sigma=0.05  (Thu Aug 20 03:09:00 KST 2026)
############################################################
  epoch  160  train_data_loss=0.6518  physics_loss=1.3766  rot_loss=24.1911  val_MAE=0.441m/s  k=0.0070
  epoch  165  train_data_loss=0.6498  physics_loss=1.3766  rot_loss=24.1887  val_MAE=0.452m/s  k=0.0070
  epoch  170  train_data_loss=0.6495  physics_loss=1.3767  rot_loss=24.1831  val_MAE=0.446m/s  k=0.0069
  epoch  175  train_data_loss=0.6482  physics_loss=1.3766  rot_loss=24.1885  val_MAE=0.457m/s  k=0.0071
  epoch  180  train_data_loss=0.6470  physics_loss=1.3767  rot_loss=24.1915  val_MAE=0.458m/s  k=0.0069
  epoch  185  train_data_loss=0.6463  physics_loss=1.3766  rot_loss=24.1848  val_MAE=0.446m/s  k=0.0071
  epoch  190  train_data_loss=0.6441  physics_loss=1.3766  rot_loss=24.1756  val_MAE=0.458m/s  k=0.0070
  epoch  195  train_data_loss=0.6451  physics_loss=1.3766  rot_loss=24.1826  val_MAE=0.447m/s  k=0.0070
  epoch  200  train_data_loss=0.6434  physics_loss=1.3767  rot_loss=24.1809  val_MAE=0.455m/s  k=0.0070
  -> 50epoch 동안 개선 없어 조기 종료 (epoch 203, best_epoch=153)

최적 체크포인트: epoch 153  val_MAE=0.435m/s
=== 최종 검증(val, 미학습 바람조건 158380개, best checkpoint) ===
  wind_vx MAE=0.407 m/s  wind_vy MAE=0.462 m/s
  풍속(speed) MAE=0.375 m/s (평균 실제 풍속=5.17 m/s)
  학습된 항력계수 k = 0.00694
  [회전] omega_dot 물리잔차 MAE = 3.0067 rad/s^2
  [회전] tau_disturbance 평균 크기 = 0.0847 N*m

모델 저장됨: /home/ssh2003/MyProjects/quad-pinn-project/offline_training/wind_estimator.pt

############################################################
# k_noise_sigma=0.1  (Thu Aug 20 03:46:25 KST 2026)
############################################################
  epoch  120  train_data_loss=0.6628  physics_loss=1.3766  rot_loss=24.1614  val_MAE=0.445m/s  k=0.0070
  epoch  125  train_data_loss=0.6618  physics_loss=1.3766  rot_loss=24.1585  val_MAE=0.450m/s  k=0.0070
  epoch  130  train_data_loss=0.6585  physics_loss=1.3766  rot_loss=24.1440  val_MAE=0.434m/s  k=0.0070
  epoch  135  train_data_loss=0.6548  physics_loss=1.3767  rot_loss=24.1555  val_MAE=0.435m/s  k=0.0069
  epoch  140  train_data_loss=0.6533  physics_loss=1.3769  rot_loss=24.1571  val_MAE=0.448m/s  k=0.0069
  epoch  145  train_data_loss=0.6511  physics_loss=1.3767  rot_loss=24.1547  val_MAE=0.441m/s  k=0.0069
  epoch  150  train_data_loss=0.6461  physics_loss=1.3766  rot_loss=24.1553  val_MAE=0.434m/s  k=0.0070
  epoch  155  train_data_loss=0.6423  physics_loss=1.3768  rot_loss=24.1588  val_MAE=0.443m/s  k=0.0069
  epoch  160  train_data_loss=0.6389  physics_loss=1.3767  rot_loss=24.1535  val_MAE=0.434m/s  k=0.0070
  -> 50epoch 동안 개선 없어 조기 종료 (epoch 161, best_epoch=111)

최적 체크포인트: epoch 111  val_MAE=0.427m/s
=== 최종 검증(val, 미학습 바람조건 158380개, best checkpoint) ===
  wind_vx MAE=0.402 m/s  wind_vy MAE=0.453 m/s
  풍속(speed) MAE=0.364 m/s (평균 실제 풍속=5.17 m/s)
  학습된 항력계수 k = 0.00695
  [회전] omega_dot 물리잔차 MAE = 3.0034 rad/s^2
  [회전] tau_disturbance 평균 크기 = 0.0854 N*m

모델 저장됨: /home/ssh2003/MyProjects/quad-pinn-project/offline_training/wind_estimator.pt

############################################################
# 스윕 완료 - 결과: offline_training/sweep_20260820_020220/
# 배포된 wind_estimator.pt는 원본 그대로 유지됨 (sigma별 결과는 별도 파일)
############################################################
